###############################################################################
#
# IAR ELF Linker V8.11.2.13589/W32 for ARM                27/Oct/2017  23:29:06
# Copyright 2007-2017 IAR Systems AB.
#
#    Output file  =  
#        D:\development\st\stm32\src_code\cicilight_prj\cicilight_prj\EWARM\cicilight_prj\Exe\cicilight_prj.out
#    Map file     =  
#        D:\development\st\stm32\src_code\cicilight_prj\cicilight_prj\EWARM\cicilight_prj\List\cicilight_prj.map
#    Command line =  
#        -f C:\Users\wkxbo\AppData\Local\Temp\EWE2C8.tmp
#        (D:\development\st\stm32\src_code\cicilight_prj\cicilight_prj\EWARM\cicilight_prj\Obj\adc.o
#        D:\development\st\stm32\src_code\cicilight_prj\cicilight_prj\EWARM\cicilight_prj\Obj\app_error.o
#        D:\development\st\stm32\src_code\cicilight_prj\cicilight_prj\EWARM\cicilight_prj\Obj\app_log.o
#        D:\development\st\stm32\src_code\cicilight_prj\cicilight_prj\EWARM\cicilight_prj\Obj\app_log_port.o
#        D:\development\st\stm32\src_code\cicilight_prj\cicilight_prj\EWARM\cicilight_prj\Obj\cmsis_os.o
#        D:\development\st\stm32\src_code\cicilight_prj\cicilight_prj\EWARM\cicilight_prj\Obj\croutine.o
#        D:\development\st\stm32\src_code\cicilight_prj\cicilight_prj\EWARM\cicilight_prj\Obj\dma.o
#        D:\development\st\stm32\src_code\cicilight_prj\cicilight_prj\EWARM\cicilight_prj\Obj\drv8711.o
#        D:\development\st\stm32\src_code\cicilight_prj\cicilight_prj\EWARM\cicilight_prj\Obj\event_groups.o
#        D:\development\st\stm32\src_code\cicilight_prj\cicilight_prj\EWARM\cicilight_prj\Obj\freertos.o
#        D:\development\st\stm32\src_code\cicilight_prj\cicilight_prj\EWARM\cicilight_prj\Obj\gpio.o
#        D:\development\st\stm32\src_code\cicilight_prj\cicilight_prj\EWARM\cicilight_prj\Obj\heap_4.o
#        D:\development\st\stm32\src_code\cicilight_prj\cicilight_prj\EWARM\cicilight_prj\Obj\io_check_task.o
#        D:\development\st\stm32\src_code\cicilight_prj\cicilight_prj\EWARM\cicilight_prj\Obj\JJDK_ZK_GZ1.o
#        D:\development\st\stm32\src_code\cicilight_prj\cicilight_prj\EWARM\cicilight_prj\Obj\list.o
#        D:\development\st\stm32\src_code\cicilight_prj\cicilight_prj\EWARM\cicilight_prj\Obj\main.o
#        D:\development\st\stm32\src_code\cicilight_prj\cicilight_prj\EWARM\cicilight_prj\Obj\mb.o
#        D:\development\st\stm32\src_code\cicilight_prj\cicilight_prj\EWARM\cicilight_prj\Obj\mb_reg.o
#        D:\development\st\stm32\src_code\cicilight_prj\cicilight_prj\EWARM\cicilight_prj\Obj\mbcrc.o
#        D:\development\st\stm32\src_code\cicilight_prj\cicilight_prj\EWARM\cicilight_prj\Obj\mbfunccoils.o
#        D:\development\st\stm32\src_code\cicilight_prj\cicilight_prj\EWARM\cicilight_prj\Obj\mbfuncdiag.o
#        D:\development\st\stm32\src_code\cicilight_prj\cicilight_prj\EWARM\cicilight_prj\Obj\mbfuncdisc.o
#        D:\development\st\stm32\src_code\cicilight_prj\cicilight_prj\EWARM\cicilight_prj\Obj\mbfuncholding.o
#        D:\development\st\stm32\src_code\cicilight_prj\cicilight_prj\EWARM\cicilight_prj\Obj\mbfuncinput.o
#        D:\development\st\stm32\src_code\cicilight_prj\cicilight_prj\EWARM\cicilight_prj\Obj\mbfuncother.o
#        D:\development\st\stm32\src_code\cicilight_prj\cicilight_prj\EWARM\cicilight_prj\Obj\mbrtu.o
#        D:\development\st\stm32\src_code\cicilight_prj\cicilight_prj\EWARM\cicilight_prj\Obj\mbutils.o
#        D:\development\st\stm32\src_code\cicilight_prj\cicilight_prj\EWARM\cicilight_prj\Obj\ntc_3950.o
#        D:\development\st\stm32\src_code\cicilight_prj\cicilight_prj\EWARM\cicilight_prj\Obj\port.o
#        D:\development\st\stm32\src_code\cicilight_prj\cicilight_prj\EWARM\cicilight_prj\Obj\portasm.o
#        D:\development\st\stm32\src_code\cicilight_prj\cicilight_prj\EWARM\cicilight_prj\Obj\portevent.o
#        D:\development\st\stm32\src_code\cicilight_prj\cicilight_prj\EWARM\cicilight_prj\Obj\portother.o
#        D:\development\st\stm32\src_code\cicilight_prj\cicilight_prj\EWARM\cicilight_prj\Obj\portserial.o
#        D:\development\st\stm32\src_code\cicilight_prj\cicilight_prj\EWARM\cicilight_prj\Obj\porttimer.o
#        D:\development\st\stm32\src_code\cicilight_prj\cicilight_prj\EWARM\cicilight_prj\Obj\queue.o
#        D:\development\st\stm32\src_code\cicilight_prj\cicilight_prj\EWARM\cicilight_prj\Obj\rgb_led.o
#        D:\development\st\stm32\src_code\cicilight_prj\cicilight_prj\EWARM\cicilight_prj\Obj\SEGGER_RTT.o
#        D:\development\st\stm32\src_code\cicilight_prj\cicilight_prj\EWARM\cicilight_prj\Obj\SEGGER_RTT_printf.o
#        D:\development\st\stm32\src_code\cicilight_prj\cicilight_prj\EWARM\cicilight_prj\Obj\SEGGER_RTT_Syscalls_IAR.o
#        D:\development\st\stm32\src_code\cicilight_prj\cicilight_prj\EWARM\cicilight_prj\Obj\spi.o
#        D:\development\st\stm32\src_code\cicilight_prj\cicilight_prj\EWARM\cicilight_prj\Obj\startup_stm32f103xe.o
#        D:\development\st\stm32\src_code\cicilight_prj\cicilight_prj\EWARM\cicilight_prj\Obj\stm32f1xx_hal.o
#        D:\development\st\stm32\src_code\cicilight_prj\cicilight_prj\EWARM\cicilight_prj\Obj\stm32f1xx_hal_adc.o
#        D:\development\st\stm32\src_code\cicilight_prj\cicilight_prj\EWARM\cicilight_prj\Obj\stm32f1xx_hal_adc_ex.o
#        D:\development\st\stm32\src_code\cicilight_prj\cicilight_prj\EWARM\cicilight_prj\Obj\stm32f1xx_hal_cortex.o
#        D:\development\st\stm32\src_code\cicilight_prj\cicilight_prj\EWARM\cicilight_prj\Obj\stm32f1xx_hal_dma.o
#        D:\development\st\stm32\src_code\cicilight_prj\cicilight_prj\EWARM\cicilight_prj\Obj\stm32f1xx_hal_flash.o
#        D:\development\st\stm32\src_code\cicilight_prj\cicilight_prj\EWARM\cicilight_prj\Obj\stm32f1xx_hal_flash_ex.o
#        D:\development\st\stm32\src_code\cicilight_prj\cicilight_prj\EWARM\cicilight_prj\Obj\stm32f1xx_hal_gpio.o
#        D:\development\st\stm32\src_code\cicilight_prj\cicilight_prj\EWARM\cicilight_prj\Obj\stm32f1xx_hal_gpio_ex.o
#        D:\development\st\stm32\src_code\cicilight_prj\cicilight_prj\EWARM\cicilight_prj\Obj\stm32f1xx_hal_msp.o
#        D:\development\st\stm32\src_code\cicilight_prj\cicilight_prj\EWARM\cicilight_prj\Obj\stm32f1xx_hal_pwr.o
#        D:\development\st\stm32\src_code\cicilight_prj\cicilight_prj\EWARM\cicilight_prj\Obj\stm32f1xx_hal_rcc.o
#        D:\development\st\stm32\src_code\cicilight_prj\cicilight_prj\EWARM\cicilight_prj\Obj\stm32f1xx_hal_rcc_ex.o
#        D:\development\st\stm32\src_code\cicilight_prj\cicilight_prj\EWARM\cicilight_prj\Obj\stm32f1xx_hal_spi.o
#        D:\development\st\stm32\src_code\cicilight_prj\cicilight_prj\EWARM\cicilight_prj\Obj\stm32f1xx_hal_spi_ex.o
#        D:\development\st\stm32\src_code\cicilight_prj\cicilight_prj\EWARM\cicilight_prj\Obj\stm32f1xx_hal_tim.o
#        D:\development\st\stm32\src_code\cicilight_prj\cicilight_prj\EWARM\cicilight_prj\Obj\stm32f1xx_hal_tim_ex.o
#        D:\development\st\stm32\src_code\cicilight_prj\cicilight_prj\EWARM\cicilight_prj\Obj\stm32f1xx_hal_uart.o
#        D:\development\st\stm32\src_code\cicilight_prj\cicilight_prj\EWARM\cicilight_prj\Obj\stm32f1xx_it.o
#        D:\development\st\stm32\src_code\cicilight_prj\cicilight_prj\EWARM\cicilight_prj\Obj\system_stm32f1xx.o
#        D:\development\st\stm32\src_code\cicilight_prj\cicilight_prj\EWARM\cicilight_prj\Obj\tasks.o
#        D:\development\st\stm32\src_code\cicilight_prj\cicilight_prj\EWARM\cicilight_prj\Obj\tim.o
#        D:\development\st\stm32\src_code\cicilight_prj\cicilight_prj\EWARM\cicilight_prj\Obj\timers.o
#        D:\development\st\stm32\src_code\cicilight_prj\cicilight_prj\EWARM\cicilight_prj\Obj\usart.o
#        D:\development\st\stm32\src_code\cicilight_prj\cicilight_prj\EWARM\cicilight_prj\Obj\user_tasks.o
#        --redirect _Printf=_PrintfFull --redirect _Scanf=_ScanfFull -o
#        D:\development\st\stm32\src_code\cicilight_prj\cicilight_prj\EWARM\cicilight_prj\Exe\cicilight_prj.out
#        --map
#        D:\development\st\stm32\src_code\cicilight_prj\cicilight_prj\EWARM\cicilight_prj\List\cicilight_prj.map
#        --config
#        D:\development\st\stm32\src_code\cicilight_prj\cicilight_prj\EWARM/stm32f103xe_flash.icf
#        --semihosting --entry __iar_program_start --vfe --text_out locale)
#
###############################################################################

*******************************************************************************
*** RUNTIME MODEL ATTRIBUTES
***

CppFlavor       = *
__SystemLibrary = DLib
__dlib_version  = 6


*******************************************************************************
*** HEAP SELECTION
***

The basic heap was selected because no calls to memory allocation
functions were found in the application outside of system library
functions, and there are calls to deallocation functions in the
application.


*******************************************************************************
*** PLACEMENT SUMMARY
***

"A0":  place at 0x08000000 { ro section .intvec };
"P1":  place in [from 0x08000000 to 0x0807ffff] { ro };
define block CSTACK with size = 1K, alignment = 8 { };
define block HEAP with size = 0M, alignment = 8 { };
"P2":  place in [from 0x20000000 to 0x2000ffff] {
          rw, block CSTACK, block HEAP };
initialize by copy { rw };

  Section            Kind        Address    Size  Object
  -------            ----        -------    ----  ------
"A0":                                      0x130
  .intvec            ro code  0x08000000   0x130  startup_stm32f103xe.o [1]
                            - 0x08000130   0x130

"P1":                                     0xf065
  .text              ro code  0x08000130  0x4c98  user_tasks.o [1]
  .text              ro code  0x08004dc8    0xa6  ABImemcpy.o [4]
  .text              ro code  0x08004e70   0x38c  cmsis_os.o [1]
  .text              ro code  0x080051fc  0x16ac  mb_reg.o [1]
  .text              ro code  0x080068a8   0x44c  JJDK_ZK_GZ1.o [1]
  .text              ro code  0x08006cf4     0x4  app_log_port.o [1]
  .text              ro code  0x08006cf8   0x134  mb.o [1]
  .text              ro code  0x08006e2c    0x8c  rgb_led.o [1]
  .text              ro code  0x08006eb8   0x374  SEGGER_RTT_printf.o [1]
  .text              ro code  0x0800722c   0x3d8  stm32f1xx_hal_tim.o [1]
  .text              ro code  0x08007604    0xbc  main.o [1]
  .text              ro code  0x080076c0     0x6  ABImemclr4.o [4]
  .text              ro code  0x080076c8   0x452  stm32f1xx_hal_adc.o [1]
  .text              ro code  0x08007b1c   0x974  tasks.o [1]
  .text              ro code  0x08008490   0x378  timers.o [1]
  .text              ro code  0x08008808   0x6d4  queue.o [1]
  .text              ro code  0x08008edc   0x1a4  port.o [1]
  .text              ro code  0x08009080   0x1e8  stm32f1xx_hal_gpio.o [1]
  .text              ro code  0x08009268   0x5c0  drv8711.o [1]
  .text              ro code  0x08009828   0x360  ntc_3950.o [1]
  .text              ro code  0x08009b88   0x2c0  mbrtu.o [1]
  .text              ro code  0x08009e48   0x1f0  portevent.o [1]
  .text              ro code  0x0800a038   0x3fc  stm32f1xx_hal_spi.o [1]
  .text              ro code  0x0800a434   0x248  SEGGER_RTT.o [1]
  .text              ro code  0x0800a67c   0x200  tim.o [1]
  .text              ro code  0x0800a87c    0x24  stm32f1xx_hal.o [1]
  .text              ro code  0x0800a8a0   0x198  gpio.o [1]
  .text              ro code  0x0800aa38    0x40  dma.o [1]
  .text              ro code  0x0800aa78   0x19c  spi.o [1]
  .text              ro code  0x0800ac14   0x19c  adc.o [1]
  .text              ro code  0x0800adb0    0xf4  usart.o [1]
  .text              ro code  0x0800aea4    0x50  freertos.o [1]
  .text              ro code  0x0800aef4   0x4de  stm32f1xx_hal_rcc.o [1]
  .text              ro code  0x0800b3d4    0xe8  stm32f1xx_hal_rcc_ex.o [1]
  .text              ro code  0x0800b4bc    0xe0  stm32f1xx_hal_cortex.o [1]
  .text              ro code  0x0800b59c    0x32  ABImemset48.o [4]
  .text              ro code  0x0800b5d0   0x33e  stm32f1xx_hal_dma.o [1]
  .text              ro code  0x0800b910     0xc  stm32f1xx_hal.o [1]
  .text              ro code  0x0800b91c     0x2  stm32f1xx_hal_adc.o [1]
  .text              ro code  0x0800b91e     0x2  stm32f1xx_hal_adc.o [1]
  .text              ro code  0x0800b920     0x2  stm32f1xx_hal_adc.o [1]
  .text              ro code  0x0800b924   0x1b8  heap_4.o [1]
  .text              ro code  0x0800badc    0x8e  list.o [1]
  CODE               ro code  0x0800bb6c    0x88  portasm.o [1]
  .text              ro code  0x0800bbf4    0x42  portother.o [1]
  .text              ro code  0x0800bc38   0x298  portserial.o [1]
  .text              ro code  0x0800bed0   0x1c8  porttimer.o [1]
  .text              ro code  0x0800c098   0x230  mbcrc.o [1]
  .text              ro code  0x0800c2c8    0x24  ABIassert.o [5]
  .text              ro code  0x0800c2ec     0x2  stm32f1xx_hal_spi.o [1]
  .text              ro code  0x0800c2ee     0x2  stm32f1xx_hal_spi.o [1]
  .text              ro code  0x0800c2f0     0x2  stm32f1xx_hal_spi.o [1]
  .text              ro code  0x0800c2f4    0xa4  stm32f1xx_hal_tim_ex.o [1]
  .text              ro code  0x0800c398    0x28  stm32f1xx_hal.o [1]
  .text              ro code  0x0800c3c0    0x8c  stm32f1xx_hal_msp.o [1]
  .text              ro code  0x0800c44c    0x82  stm32f1xx_hal_spi_ex.o [1]
  .text              ro code  0x0800c4d0   0x160  stm32f1xx_hal_uart.o [1]
  .text              ro code  0x0800c630     0x2  freertos.o [1]
  .text              ro code  0x0800c632     0x6  abort.o [3]
  .text              ro code  0x0800c638    0x14  exit.o [5]
  .text              ro code  0x0800c64c   0xf8a  io_check_task.o [1]
  .text              ro code  0x0800d5d8    0x4a  strcmp.o [4]
  .rodata            const    0x0800d624   0xd44  user_tasks.o [1]
  .rodata            const    0x0800e368   0x9ac  io_check_task.o [1]
  .text              ro code  0x0800ed14    0xde  mbfuncholding.o [1]
  .text              ro code  0x0800edf4    0x22  mbutils.o [1]
  .text              ro code  0x0800ee16    0x60  mbfuncinput.o [1]
  .text              ro code  0x0800ee78    0x5c  system_stm32f1xx.o [1]
  .text              ro code  0x0800eed4    0x40  zero_init3.o [4]
  .text              ro code  0x0800ef14    0x38  packbits_init_single.o [4]
  .text              ro code  0x0800ef4c    0x34  stm32f1xx_it.o [1]
  .text              ro code  0x0800ef80    0x10  stm32f1xx_hal.o [1]
  .text              ro code  0x0800ef90    0x28  data_init.o [4]
  .iar.init_table    const    0x0800efb8    0x20  - Linker created -
  .text              ro code  0x0800efd8    0x1a  cmain.o [4]
  .text              ro code  0x0800eff2     0x4  low_level_init.o [3]
  .text              ro code  0x0800eff6     0x4  exit.o [3]
  .text              ro code  0x0800effc     0xa  cexit.o [4]
  .text              ro code  0x0800f008    0x10  startup_stm32f103xe.o [1]
  .rodata            const    0x0800f018     0xc  freertos.o [1]
  .text              ro code  0x0800f024     0xc  cstartup_M.o [4]
  .rodata            const    0x0800f030     0x8  system_stm32f1xx.o [1]
  .text              ro code  0x0800f038     0x4  startup_stm32f103xe.o [1]
  .text              ro code  0x0800f03c     0x4  startup_stm32f103xe.o [1]
  .text              ro code  0x0800f040     0x4  startup_stm32f103xe.o [1]
  .text              ro code  0x0800f044     0x4  startup_stm32f103xe.o [1]
  .text              ro code  0x0800f048     0x4  startup_stm32f103xe.o [1]
  .text              ro code  0x0800f04c     0x4  startup_stm32f103xe.o [1]
  .text              ro code  0x0800f050     0x4  startup_stm32f103xe.o [1]
  .text              ro code  0x0800f054     0x4  startup_stm32f103xe.o [1]
  .text              ro code  0x0800f058     0x4  startup_stm32f103xe.o [1]
  .text              ro code  0x0800f05c     0x4  startup_stm32f103xe.o [1]
  .text              ro code  0x0800f060     0x4  startup_stm32f103xe.o [1]
  .text              ro code  0x0800f064     0x4  startup_stm32f103xe.o [1]
  .text              ro code  0x0800f068     0x4  startup_stm32f103xe.o [1]
  .text              ro code  0x0800f06c     0x4  startup_stm32f103xe.o [1]
  .text              ro code  0x0800f070     0x4  startup_stm32f103xe.o [1]
  .text              ro code  0x0800f074     0x4  startup_stm32f103xe.o [1]
  .text              ro code  0x0800f078     0x4  startup_stm32f103xe.o [1]
  .text              ro code  0x0800f07c     0x4  startup_stm32f103xe.o [1]
  .text              ro code  0x0800f080     0x4  startup_stm32f103xe.o [1]
  .text              ro code  0x0800f084     0x4  startup_stm32f103xe.o [1]
  .text              ro code  0x0800f088     0x4  startup_stm32f103xe.o [1]
  .text              ro code  0x0800f08c     0x4  startup_stm32f103xe.o [1]
  .text              ro code  0x0800f090     0x4  startup_stm32f103xe.o [1]
  .text              ro code  0x0800f094     0x4  startup_stm32f103xe.o [1]
  .text              ro code  0x0800f098     0x4  startup_stm32f103xe.o [1]
  .text              ro code  0x0800f09c     0x4  startup_stm32f103xe.o [1]
  .text              ro code  0x0800f0a0     0x4  startup_stm32f103xe.o [1]
  .text              ro code  0x0800f0a4     0x4  startup_stm32f103xe.o [1]
  .text              ro code  0x0800f0a8     0x4  startup_stm32f103xe.o [1]
  .text              ro code  0x0800f0ac     0x4  startup_stm32f103xe.o [1]
  .text              ro code  0x0800f0b0     0x4  startup_stm32f103xe.o [1]
  .text              ro code  0x0800f0b4     0x4  startup_stm32f103xe.o [1]
  .text              ro code  0x0800f0b8     0x4  startup_stm32f103xe.o [1]
  .text              ro code  0x0800f0bc     0x4  startup_stm32f103xe.o [1]
  .text              ro code  0x0800f0c0     0x4  startup_stm32f103xe.o [1]
  .text              ro code  0x0800f0c4     0x4  startup_stm32f103xe.o [1]
  .text              ro code  0x0800f0c8     0x4  startup_stm32f103xe.o [1]
  .text              ro code  0x0800f0cc     0x4  startup_stm32f103xe.o [1]
  .text              ro code  0x0800f0d0     0x4  startup_stm32f103xe.o [1]
  .text              ro code  0x0800f0d4     0x4  startup_stm32f103xe.o [1]
  .text              ro code  0x0800f0d8     0x4  startup_stm32f103xe.o [1]
  .text              ro code  0x0800f0dc     0x4  startup_stm32f103xe.o [1]
  .text              ro code  0x0800f0e0     0x4  startup_stm32f103xe.o [1]
  .text              ro code  0x0800f0e4     0x4  startup_stm32f103xe.o [1]
  .text              ro code  0x0800f0e8     0x4  startup_stm32f103xe.o [1]
  .text              ro code  0x0800f0ec     0x4  startup_stm32f103xe.o [1]
  .text              ro code  0x0800f0f0     0x4  startup_stm32f103xe.o [1]
  .text              ro code  0x0800f0f4     0x4  startup_stm32f103xe.o [1]
  .text              ro code  0x0800f0f8     0x4  startup_stm32f103xe.o [1]
  .text              ro code  0x0800f0fc     0x4  startup_stm32f103xe.o [1]
  .text              ro code  0x0800f100     0x4  startup_stm32f103xe.o [1]
  .text              ro code  0x0800f104     0x4  startup_stm32f103xe.o [1]
  .text              ro code  0x0800f108     0x4  startup_stm32f103xe.o [1]
  .text              ro code  0x0800f10c     0x4  startup_stm32f103xe.o [1]
  .text              ro code  0x0800f110     0x4  startup_stm32f103xe.o [1]
  .text              ro code  0x0800f114     0x4  startup_stm32f103xe.o [1]
  .text              ro code  0x0800f118     0x4  startup_stm32f103xe.o [1]
  .rodata            const    0x0800f11c     0x0  zero_init3.o [4]
  .rodata            const    0x0800f11c     0x0  packbits_init_single.o [4]
  Initializer bytes  const    0x0800f11c    0x79  <for P2-1>
                            - 0x0800f195  0xf065

"P2", part 1 of 3:                         0x122
  P2-1                        0x20000000   0x122  <Init block>
    .data            inited   0x20000000    0x4c  mb.o [1]
    .data            inited   0x2000004c    0x30  mb_reg.o [1]
    .data            inited   0x2000007c     0xc  mb_reg.o [1]
    .data            inited   0x20000088     0xc  port.o [1]
    .data            inited   0x20000094     0x4  portserial.o [1]
    .data            inited   0x20000098     0x4  system_stm32f1xx.o [1]
    .data            inited   0x2000009c    0x70  user_tasks.o [1]
    .data            inited   0x2000010c    0x16  user_tasks.o [1]
                            - 0x20000122   0x122

"P2", part 2 of 3:                        0x96ec
  .bss               zero     0x20000124  0x7818  heap_4.o [1]
  .bss               zero     0x2000793c  0x10b8  SEGGER_RTT.o [1]
  .bss               zero     0x200089f4   0x840  rgb_led.o [1]
  .bss               zero     0x20009234   0x100  mbrtu.o [1]
  .bss               zero     0x20009334    0xa0  tasks.o [1]
  .bss               zero     0x200093d4    0x8c  tasks.o [1]
  .bss               zero     0x20009460    0x5c  drv8711.o [1]
  .bss               zero     0x200094bc    0x58  spi.o [1]
  .bss               zero     0x20009514    0x58  spi.o [1]
  .bss               zero     0x2000956c    0x44  adc.o [1]
  .bss               zero     0x200095b0    0x44  drv8711.o [1]
  .bss               zero     0x200095f4    0x44  spi.o [1]
  .bss               zero     0x20009638    0x40  queue.o [1]
  .bss               zero     0x20009678    0x40  tim.o [1]
  .bss               zero     0x200096b8    0x40  tim.o [1]
  .bss               zero     0x200096f8    0x40  usart.o [1]
  .bss               zero     0x20009738    0x3c  timers.o [1]
  .bss               zero     0x20009774    0x34  user_tasks.o [1]
  .bss               zero     0x200097a8    0x30  adc.o [1]
  .bss               zero     0x200097d8    0x1c  mb_reg.o [1]
  .bss               zero     0x200097f4     0xc  mbrtu.o [1]
  .bss               zero     0x20009800     0x8  portevent.o [1]
  .bss               zero     0x20009808     0x4  freertos.o [1]
  .bss               zero     0x2000980c     0x4  stm32f1xx_hal.o [1]
                            - 0x20009810  0x96ec

"P2", part 3 of 3:                         0x400
  CSTACK                      0x20009810   0x400  <Block>
    CSTACK           uninit   0x20009810   0x400  <Block tail>
                            - 0x20009c10   0x400


*******************************************************************************
*** INIT TABLE
***

          Address     Size
          -------     ----
Zero (__iar_zero_init3)
    1 destination range, total size 0x96ec:
          0x20000124  0x96ec

Copy/packbits (__iar_packbits_init_single3)
    1 source range, total size 0x79 (41% of destination):
          0x0800f11c    0x79
    1 destination range, total size 0x122:
          0x20000000   0x122



*******************************************************************************
*** MODULE SUMMARY
***

    Module                  ro code  ro data  rw data
    ------                  -------  -------  -------
D:\development\st\stm32\src_code\cicilight_prj\cicilight_prj\EWARM\cicilight_prj\Obj: [1]
    JJDK_ZK_GZ1.o             1 100
    SEGGER_RTT.o                584             4 280
    SEGGER_RTT_printf.o         884
    adc.o                       412               116
    app_log_port.o                4
    cmsis_os.o                  908
    dma.o                        64
    drv8711.o                 1 472               160
    freertos.o                   82       12        4
    gpio.o                      408
    heap_4.o                    440            30 744
    io_check_task.o           3 978    2 476
    list.o                      142
    main.o                      188
    mb.o                        308       31       76
    mb_reg.o                  5 804       25       88
    mbcrc.o                     560
    mbfuncholding.o             222
    mbfuncinput.o                96
    mbrtu.o                     704               268
    mbutils.o                    34
    ntc_3950.o                  864
    port.o                      420        5       12
    portasm.o                   136
    portevent.o                 496                 8
    portother.o                  66
    portserial.o                664        2        4
    porttimer.o                 456
    queue.o                   1 748                64
    rgb_led.o                   140             2 112
    spi.o                       412               244
    startup_stm32f103xe.o       548
    stm32f1xx_hal.o             104                 4
    stm32f1xx_hal_adc.o       1 112
    stm32f1xx_hal_cortex.o      224
    stm32f1xx_hal_dma.o         830
    stm32f1xx_hal_gpio.o        488
    stm32f1xx_hal_msp.o         140
    stm32f1xx_hal_rcc.o       1 246
    stm32f1xx_hal_rcc_ex.o      232
    stm32f1xx_hal_spi.o       1 026
    stm32f1xx_hal_spi_ex.o      130
    stm32f1xx_hal_tim.o         984
    stm32f1xx_hal_tim_ex.o      164
    stm32f1xx_hal_uart.o        352
    stm32f1xx_it.o               52
    system_stm32f1xx.o           92       10        4
    tasks.o                   2 420               300
    tim.o                       512               128
    timers.o                    888                60
    usart.o                     244                64
    user_tasks.o             19 608    3 452      186
    -------------------------------------------------
    Total:                   55 192    6 013   38 926

command line: [2]
    -------------------------------------------------
    Total:

dl7M_tlf.a: [3]
    abort.o                       6
    exit.o                        4
    low_level_init.o              4
    -------------------------------------------------
    Total:                       14

rt7M_tl.a: [4]
    ABImemclr4.o                  6
    ABImemcpy.o                 166
    ABImemset48.o                50
    cexit.o                      10
    cmain.o                      26
    cstartup_M.o                 12
    data_init.o                  40
    packbits_init_single.o       56
    strcmp.o                     74
    zero_init3.o                 64
    -------------------------------------------------
    Total:                      504

shb_l.a: [5]
    ABIassert.o                  36
    exit.o                       20
    -------------------------------------------------
    Total:                       56

    Gaps                         32        2
    Linker created                        32    1 024
-----------------------------------------------------
    Grand Total:             55 798    6 047   39 950


*******************************************************************************
*** ENTRY LIST
***

Entry                      Address    Size  Type      Object
-----                      -------    ----  ----      ------
.iar.init_table$$Base   0x0800efb8           --   Gb  - Linker created -
.iar.init_table$$Limit  0x0800efd8           --   Gb  - Linker created -
?main                   0x0800efd9          Code  Gb  cmain.o [4]
ADC_ConversionStop_Disable
                        0x08007a71    0x44  Code  Gb  stm32f1xx_hal_adc.o [1]
ADC_DMAConvCplt         0x08007ab5    0x48  Code  Gb  stm32f1xx_hal_adc.o [1]
ADC_DMAError            0x08007b05    0x16  Code  Gb  stm32f1xx_hal_adc.o [1]
ADC_DMAHalfConvCplt     0x08007afd     0x6  Code  Gb  stm32f1xx_hal_adc.o [1]
ADC_Enable              0x080079dd    0x6a  Code  Gb  stm32f1xx_hal_adc.o [1]
AHBPrescTable           0x0800eec4    0x10  Data  Gb  system_stm32f1xx.o [1]
APBPrescTable           0x0800f030     0x8  Data  Gb  system_stm32f1xx.o [1]
APP_TIMESTAMP           0x08006cf5     0x4  Code  Gb  app_log_port.o [1]
BSP_column_step_motor_init
                        0x080068d1    0x50  Code  Gb  JJDK_ZK_GZ1.o [1]
BSP_column_step_motor_pwr_dwn
                        0x08006b35    0x1a  Code  Gb  JJDK_ZK_GZ1.o [1]
BSP_column_step_motor_pwr_on_negative
                        0x08006ba5    0x1e  Code  Gb  JJDK_ZK_GZ1.o [1]
BSP_column_step_motor_pwr_on_positive
                        0x08006b4f    0x1e  Code  Gb  JJDK_ZK_GZ1.o [1]
BSP_compressor_pwr_dwn  0x08006ac3     0x6  Code  Gb  JJDK_ZK_GZ1.o [1]
BSP_compressor_pwr_on   0x08006abd     0x6  Code  Gb  JJDK_ZK_GZ1.o [1]
BSP_environment_lamp_pwr_dwn
                        0x08006ab1     0x2  Code  Gb  JJDK_ZK_GZ1.o [1]
BSP_environment_lamp_pwr_on
                        0x08006aad     0x4  Code  Gb  JJDK_ZK_GZ1.o [1]
BSP_get_column_pos_sensor_state
                        0x080069a7     0x2  Code  Gb  JJDK_ZK_GZ1.o [1]
BSP_get_row_pos_sensor_state
                        0x080069a3     0x4  Code  Gb  JJDK_ZK_GZ1.o [1]
BSP_get_temperature     0x08006ad5     0x4  Code  Gb  JJDK_ZK_GZ1.o [1]
BSP_is_column_step_motor_fault
                        0x08006981     0x4  Code  Gb  JJDK_ZK_GZ1.o [1]
BSP_is_column_step_motor_in_rst_pos
                        0x0800692f     0x8  Code  Gb  JJDK_ZK_GZ1.o [1]
BSP_is_cup_in_slot_pos  0x080069af     0x8  Code  Gb  JJDK_ZK_GZ1.o [1]
BSP_is_cup_press_ok     0x08006937     0x6  Code  Gb  JJDK_ZK_GZ1.o [1]
BSP_is_cup_presser_in_bot_pos
                        0x08006949     0x8  Code  Gb  JJDK_ZK_GZ1.o [1]
BSP_is_cup_presser_in_top_pos
                        0x08006951     0x8  Code  Gb  JJDK_ZK_GZ1.o [1]
BSP_is_ms_10_in_tar_pos
                        0x08006979     0x8  Code  Gb  JJDK_ZK_GZ1.o [1]
BSP_is_ms_7_in_tar_pos  0x08006961     0x8  Code  Gb  JJDK_ZK_GZ1.o [1]
BSP_is_ms_8_in_tar_pos  0x08006969     0x8  Code  Gb  JJDK_ZK_GZ1.o [1]
BSP_is_ms_9_in_tar_pos  0x08006971     0x8  Code  Gb  JJDK_ZK_GZ1.o [1]
BSP_is_oh_door_clamp_hand
                        0x08006959     0x8  Code  Gb  JJDK_ZK_GZ1.o [1]
BSP_is_oh_door_hand_detected
                        0x08006985     0xa  Code  Gb  JJDK_ZK_GZ1.o [1]
BSP_is_oh_door_in_bot_pos
                        0x0800698f     0xa  Code  Gb  JJDK_ZK_GZ1.o [1]
BSP_is_oh_door_in_top_pos
                        0x08006999     0xa  Code  Gb  JJDK_ZK_GZ1.o [1]
BSP_is_row_step_motor_in_rst_pos
                        0x08006927     0x8  Code  Gb  JJDK_ZK_GZ1.o [1]
BSP_juicing_motor_pwr_dwn
                        0x08006acf     0x6  Code  Gb  JJDK_ZK_GZ1.o [1]
BSP_juicing_motor_pwr_on
                        0x08006ac9     0x6  Code  Gb  JJDK_ZK_GZ1.o [1]
BSP_oh_door_motor_pwr_dwn
                        0x08006a7b    0x20  Code  Gb  JJDK_ZK_GZ1.o [1]
BSP_oh_door_motor_pwr_on_negative
                        0x08006a55    0x26  Code  Gb  JJDK_ZK_GZ1.o [1]
BSP_oh_door_motor_pwr_on_positive
                        0x08006a17    0x30  Code  Gb  JJDK_ZK_GZ1.o [1]
BSP_press_motor_pwr_dwn
                        0x080069f7     0xe  Code  Gb  JJDK_ZK_GZ1.o [1]
BSP_press_motor_pwr_on_negative
                        0x080069e3    0x14  Code  Gb  JJDK_ZK_GZ1.o [1]
BSP_press_motor_pwr_on_positive
                        0x080069c5    0x1e  Code  Gb  JJDK_ZK_GZ1.o [1]
BSP_row_step_motor_init
                        0x080068a9    0x28  Code  Gb  JJDK_ZK_GZ1.o [1]
BSP_row_step_motor_pwr_dwn
                        0x08006ad9    0x1a  Code  Gb  JJDK_ZK_GZ1.o [1]
BSP_row_step_motor_pwr_on_negative
                        0x08006b0d     0xc  Code  Gb  JJDK_ZK_GZ1.o [1]
BSP_row_step_motor_pwr_on_positive
                        0x08006af3     0xe  Code  Gb  JJDK_ZK_GZ1.o [1]
BSP_running_led_turn_off
                        0x080069bb     0x2  Code  Gb  JJDK_ZK_GZ1.o [1]
BSP_running_led_turn_on
                        0x080069b7     0x4  Code  Gb  JJDK_ZK_GZ1.o [1]
BusFault_Handler        0x0800ef53     0x2  Code  Gb  stm32f1xx_it.o [1]
CSTACK$$Base            0x20009810           --   Gb  - Linker created -
CSTACK$$Limit           0x20009c10           --   Gb  - Linker created -
DMA1_Channel1_IRQHandler
                        0x0800ef67     0x6  Code  Gb  stm32f1xx_it.o [1]
DMA1_Channel3_IRQHandler
                        0x0800ef6d     0x6  Code  Gb  stm32f1xx_it.o [1]
DMA_SetConfig           0x0800b8ed    0x22  Code  Lc  stm32f1xx_hal_dma.o [1]
DebugMon_Handler        0x0800ef57     0x2  Code  Gb  stm32f1xx_it.o [1]
G_BLANK_REG             0x200094a4     0xc  Data  Gb  drv8711.o [1]
G_CTRL_REG              0x200095d4    0x20  Data  Gb  drv8711.o [1]
G_DECAY_REG             0x200094b0     0xc  Data  Gb  drv8711.o [1]
G_DRIVE_REG             0x20009460    0x1c  Data  Gb  drv8711.o [1]
G_OFF_REG               0x20009498     0xc  Data  Gb  drv8711.o [1]
G_STALL_REG             0x2000947c    0x10  Data  Gb  drv8711.o [1]
G_STATUS_REG            0x200095b0    0x24  Data  Gb  drv8711.o [1]
G_TORQUE_REG            0x2000948c     0xc  Data  Gb  drv8711.o [1]
HAL_ADC_ConfigChannel   0x080078e1    0xe4  Code  Gb  stm32f1xx_hal_adc.o [1]
HAL_ADC_Init            0x080076c9   0x110  Code  Gb  stm32f1xx_hal_adc.o [1]
HAL_ADC_MspInit         0x0800acb9    0x8e  Code  Gb  adc.o [1]
HAL_ADC_Start_DMA       0x080077e1   0x100  Code  Gb  stm32f1xx_hal_adc.o [1]
HAL_DMA_IRQHandler      0x0800b6cb   0x1dc  Code  Gb  stm32f1xx_hal_dma.o [1]
HAL_DMA_Init            0x0800b5d1    0x78  Code  Gb  stm32f1xx_hal_dma.o [1]
HAL_DMA_Start_IT        0x0800b657    0x74  Code  Gb  stm32f1xx_hal_dma.o [1]
HAL_GPIO_Init           0x08009081   0x192  Code  Gb  stm32f1xx_hal_gpio.o [1]
HAL_GPIO_ReadPin        0x08009213     0xc  Code  Gb  stm32f1xx_hal_gpio.o [1]
HAL_GPIO_WritePin       0x0800921f     0xc  Code  Gb  stm32f1xx_hal_gpio.o [1]
HAL_GetTick             0x0800b911     0xc  Code  Wk  stm32f1xx_hal.o [1]
HAL_IncTick             0x0800ef81    0x10  Code  Wk  stm32f1xx_hal.o [1]
HAL_Init                0x0800a87d    0x20  Code  Gb  stm32f1xx_hal.o [1]
HAL_InitTick            0x0800c399    0x28  Code  Wk  stm32f1xx_hal.o [1]
HAL_MspInit             0x0800c3c1    0x8c  Code  Gb  stm32f1xx_hal_msp.o [1]
HAL_NVIC_EnableIRQ      0x0800b52f     0xa  Code  Gb  stm32f1xx_hal_cortex.o [1]
HAL_NVIC_SetPriority    0x0800b4f5    0x3a  Code  Gb  stm32f1xx_hal_cortex.o [1]
HAL_NVIC_SetPriorityGrouping
                        0x0800b4db    0x1a  Code  Gb  stm32f1xx_hal_cortex.o [1]
HAL_RCCEx_PeriphCLKConfig
                        0x0800b3d5    0xdc  Code  Gb  stm32f1xx_hal_rcc_ex.o [1]
HAL_RCC_ClockConfig     0x0800b209   0x108  Code  Gb  stm32f1xx_hal_rcc.o [1]
HAL_RCC_GetHCLKFreq     0x0800b369     0x6  Code  Gb  stm32f1xx_hal_rcc.o [1]
HAL_RCC_GetPCLK1Freq    0x0800b36f    0x10  Code  Gb  stm32f1xx_hal_rcc.o [1]
HAL_RCC_GetPCLK2Freq    0x0800b37f     0xe  Code  Gb  stm32f1xx_hal_rcc.o [1]
HAL_RCC_GetSysClockFreq
                        0x0800b32f    0x3a  Code  Gb  stm32f1xx_hal_rcc.o [1]
HAL_RCC_GetSysClockFreq::aPLLMULFactorTable
                        0x0800b3c0    0x10  Data  Lc  stm32f1xx_hal_rcc.o [1]
HAL_RCC_GetSysClockFreq::aPredivFactorTable
                        0x0800b3d0     0x2  Data  Lc  stm32f1xx_hal_rcc.o [1]
HAL_RCC_OscConfig       0x0800aef5   0x30c  Code  Gb  stm32f1xx_hal_rcc.o [1]
HAL_SPI_Init            0x0800c44d    0x82  Code  Gb  stm32f1xx_hal_spi_ex.o [1]
HAL_SPI_MspInit         0x0800aaf5    0xa4  Code  Gb  spi.o [1]
HAL_SPI_TransmitReceive
                        0x0800a039   0x1aa  Code  Gb  stm32f1xx_hal_spi.o [1]
HAL_SPI_Transmit_DMA    0x0800a213    0x74  Code  Gb  stm32f1xx_hal_spi.o [1]
HAL_SYSTICK_CLKSourceConfig
                        0x0800b56b    0x1a  Code  Gb  stm32f1xx_hal_cortex.o [1]
HAL_SYSTICK_Config      0x0800b543    0x28  Code  Gb  stm32f1xx_hal_cortex.o [1]
HAL_TIMEx_ConfigBreakDeadTime
                        0x0800c2f5    0x5a  Code  Gb  stm32f1xx_hal_tim_ex.o [1]
HAL_TIMEx_MasterConfigSynchronization
                        0x0800c34f    0x4a  Code  Gb  stm32f1xx_hal_tim_ex.o [1]
HAL_TIM_MspPostInit     0x0800a7e5    0x38  Code  Gb  tim.o [1]
HAL_TIM_PWM_ConfigChannel
                        0x08007321    0xc0  Code  Gb  stm32f1xx_hal_tim.o [1]
HAL_TIM_PWM_Init        0x08007257    0x1a  Code  Gb  stm32f1xx_hal_tim.o [1]
HAL_TIM_PWM_MspInit     0x0800a7ab    0x3a  Code  Gb  tim.o [1]
HAL_TIM_PWM_Start       0x08007271    0x18  Code  Gb  stm32f1xx_hal_tim.o [1]
HAL_TIM_PWM_Stop        0x08007291    0x38  Code  Gb  stm32f1xx_hal_tim.o [1]
HAL_UART_Init           0x0800c4d1    0x1e  Code  Gb  stm32f1xx_hal_uart.o [1]
HAL_UART_MspInit        0x0800ade7    0x62  Code  Gb  usart.o [1]
HardFault_Handler       0x0800ef4f     0x2  Code  Gb  stm32f1xx_it.o [1]
MX_ADC1_Init            0x0800ac15    0x92  Code  Gb  adc.o [1]
MX_DMA_Init             0x0800aa39    0x40  Code  Gb  dma.o [1]
MX_FREERTOS_Init        0x0800aea5    0x20  Code  Gb  freertos.o [1]
MX_GPIO_Init            0x0800a8a1   0x158  Code  Gb  gpio.o [1]
MX_SPI1_Init            0x0800aa79    0x2c  Code  Gb  spi.o [1]
MX_SPI2_Init            0x0800aaa5    0x28  Code  Gb  spi.o [1]
MX_TIM2_Init            0x0800a67d    0x72  Code  Gb  tim.o [1]
MX_TIM8_Init            0x0800a6f7    0xa0  Code  Gb  tim.o [1]
MX_TIM8_ReInit          0x08004ceb    0x3c  Code  Lc  user_tasks.o [1]
MX_USART3_UART_Init     0x0800adb1    0x36  Code  Gb  usart.o [1]
MemManage_Handler       0x0800ef51     0x2  Code  Gb  stm32f1xx_it.o [1]
NMI_Handler             0x0800ef4d     0x2  Code  Gb  stm32f1xx_it.o [1]
NVIC_SetPriority        0x0800b4bd    0x1e  Code  Lc  stm32f1xx_hal_cortex.o [1]
PendSV_Handler          0x0800bb6d          Code  Gb  portasm.o [1]
RGB_LED_BUFF            0x200089f4   0x840  Data  Lc  rgb_led.o [1]
ReadAllRegisters        0x0800938b   0x1b2  Code  Gb  drv8711.o [1]
Region$$Table$$Base     0x0800efb8           --   Gb  - Linker created -
Region$$Table$$Limit    0x0800efd8           --   Gb  - Linker created -
SEGGER_RTT_HasData      0x0800a645    0x14  Code  Gb  SEGGER_RTT.o [1]
SEGGER_RTT_Read         0x0800a5a5    0x16  Code  Gb  SEGGER_RTT.o [1]
SEGGER_RTT_ReadNoLock   0x0800a531    0x74  Code  Gb  SEGGER_RTT.o [1]
SEGGER_RTT_Write        0x0800a613    0x2c  Code  Gb  SEGGER_RTT.o [1]
SEGGER_RTT_WriteNoLock  0x0800a5bb    0x58  Code  Gb  SEGGER_RTT.o [1]
SEGGER_RTT_printf       0x08007209    0x14  Code  Gb  SEGGER_RTT_printf.o [1]
SEGGER_RTT_vprintf      0x08007089   0x16e  Code  Gb  SEGGER_RTT_printf.o [1]
SLAVE_MB_timer_expired_callback
                        0x0800bf3b    0x1e  Code  Gb  porttimer.o [1]
SLAVE_MB_timer_hdl      0x20000100     0x4  Data  Gb  user_tasks.o [1]
SLAVE_MODBUS_USARTIRQHandler
                        0x0800bcdd    0x36  Code  Gb  portserial.o [1]
SPI_CheckFlag_BSY       0x0800a3ed    0x1c  Code  Lc  stm32f1xx_hal_spi.o [1]
SPI_DMAError            0x0800a341    0x1e  Code  Lc  stm32f1xx_hal_spi.o [1]
SPI_DMAHalfTransmitCplt
                        0x0800a339     0x6  Code  Lc  stm32f1xx_hal_spi.o [1]
SPI_DMATransmitCplt     0x0800a2d9    0x3e  Code  Lc  stm32f1xx_hal_spi.o [1]
SPI_DRV8711_ReadWrite   0x0800961d    0x44  Code  Gb  drv8711.o [1]
SPI_WaitFlagStateUntilTimeout
                        0x0800a361    0x8c  Code  Lc  stm32f1xx_hal_spi.o [1]
SVC_Handler             0x0800bbb3          Code  Gb  portasm.o [1]
StartDefaultTask        0x0800aec9    0x18  Code  Gb  freertos.o [1]
SysTick_Handler         0x0800ef59     0xe  Code  Gb  stm32f1xx_it.o [1]
SystemClock_Config      0x08007639    0x86  Code  Gb  main.o [1]
SystemCoreClock         0x20000098     0x4  Data  Gb  system_stm32f1xx.o [1]
SystemInit              0x0800ee79    0x3a  Code  Gb  system_stm32f1xx.o [1]
TIM_Base_SetConfig      0x08007409    0x74  Code  Gb  stm32f1xx_hal_tim.o [1]
TIM_CCxChannelCmd       0x080075ed    0x12  Code  Gb  stm32f1xx_hal_tim.o [1]
TIM_OC1_SetConfig       0x0800747d    0x52  Code  Lc  stm32f1xx_hal_tim.o [1]
TIM_OC2_SetConfig       0x080074cf    0x60  Code  Gb  stm32f1xx_hal_tim.o [1]
TIM_OC3_SetConfig       0x0800752f    0x58  Code  Lc  stm32f1xx_hal_tim.o [1]
TIM_OC4_SetConfig       0x08007593    0x46  Code  Lc  stm32f1xx_hal_tim.o [1]
UART_SetConfig          0x0800c549    0xde  Code  Lc  stm32f1xx_hal_uart.o [1]
USART3_IRQHandler       0x0800ef7d     0x4  Code  Gb  stm32f1xx_it.o [1]
UsageFault_Handler      0x0800ef55     0x2  Code  Gb  stm32f1xx_it.o [1]
WriteAllRegisters       0x0800954d    0xd0  Code  Gb  drv8711.o [1]
_DoInit                 0x0800a435    0x54  Code  Lc  SEGGER_RTT.o [1]
_Error_Handler          0x080076bf     0x2  Code  Gb  main.o [1]
_GetAvailWriteSpace     0x0800a517    0x1a  Code  Lc  SEGGER_RTT.o [1]
_PrintInt               0x08006fc1    0xc8  Code  Lc  SEGGER_RTT_printf.o [1]
_PrintUnsigned          0x08006ef7    0xca  Code  Lc  SEGGER_RTT_printf.o [1]
_PrintUnsigned::_aV2C   0x0800721c    0x10  Data  Lc  SEGGER_RTT_printf.o [1]
_SEGGER_RTT             0x2000793c    0xa8  Data  Gb  SEGGER_RTT.o [1]
_StoreChar              0x08006eb9    0x3e  Code  Lc  SEGGER_RTT_printf.o [1]
_WriteBlocking          0x0800a489    0x54  Code  Lc  SEGGER_RTT.o [1]
_WriteNoCheck           0x0800a4dd    0x3a  Code  Lc  SEGGER_RTT.o [1]
__aeabi_assert          0x0800c2c9    0x24  Code  Gb  ABIassert.o [5]
__aeabi_memclr4         0x080076c1          Code  Gb  ABImemclr4.o [4]
__aeabi_memcpy          0x08004dc9          Code  Gb  ABImemcpy.o [4]
__aeabi_memcpy4         0x08004de9          Code  Gb  ABImemcpy.o [4]
__aeabi_memcpy8         0x08004de9          Code  Gb  ABImemcpy.o [4]
__cmain                 0x0800efd9          Code  Gb  cmain.o [4]
__exit                  0x0800c639    0x14  Code  Gb  exit.o [5]
__iar_Memset4_word      0x0800b59d          Code  Gb  ABImemset48.o [4]
__iar_Memset8_word      0x0800b59d          Code  Gb  ABImemset48.o [4]
__iar_data_init3        0x0800ef91    0x28  Code  Gb  data_init.o [4]
__iar_packbits_init_single3
                        0x0800ef15    0x38  Code  Gb  packbits_init_single.o [4]
__iar_program_start     0x0800f025          Code  Gb  cstartup_M.o [4]
__iar_systems$$module {Abs}
                        0x00000001          Data  Gb  command line/config [2]
__iar_zero_init3        0x0800eed5    0x40  Code  Gb  zero_init3.o [4]
__low_level_init        0x0800eff3     0x4  Code  Gb  low_level_init.o [3]
__vector_table          0x08000000          Data  Gb  startup_stm32f103xe.o [1]
_acDownBuffer           0x200089e4    0x10  Data  Lc  SEGGER_RTT.o [1]
_acUpBuffer             0x200079e4  0x1000  Data  Lc  SEGGER_RTT.o [1]
_call_main              0x0800efe5          Code  Gb  cmain.o [4]
_exit                   0x0800effd          Code  Gb  cexit.o [4]
_main                   0x0800efef          Code  Gb  cmain.o [4]
abort                   0x0800c633     0x6  Code  Gb  abort.o [3]
adc_average             0x200000a8     0xc  Data  Gb  user_tasks.o [1]
adc_msg_queue_hdl       0x200000e0     0x4  Data  Gb  user_tasks.o [1]
adc_process_sample_average
                        0x08002f2d    0xb8  Code  Lc  user_tasks.o [1]
adc_result              0x200000b4     0xc  Data  Gb  user_tasks.o [1]
adc_sample              0x200000c4     0xc  Data  Gb  user_tasks.o [1]
adc_task                0x08003195    0xa6  Code  Lc  user_tasks.o [1]
adc_task_hdl            0x20009774     0x4  Data  Gb  user_tasks.o [1]
app_create_user_tasks   0x08000131   0x148  Code  Gb  user_tasks.o [1]
arxEventHdls            0x20009804     0x4  Data  Lc  portevent.o [1]
aucCRCHi                0x0800c0c8   0x100  Data  Lc  mbcrc.o [1]
aucCRCLo                0x0800c1c8   0x100  Data  Lc  mbcrc.o [1]
bIsInitialized          0x20009800     0x1  Data  Lc  portevent.o [1]
bMBPIsWithinException   0x0800bbf5     0xc  Code  Gb  portother.o [1]
begin                   0x0800927d   0x102  Code  Gb  drv8711.o [1]
compressor_msg_queue_hdl
                        0x200000f8     0x4  Data  Gb  user_tasks.o [1]
compressor_task         0x0800284d   0x138  Code  Lc  user_tasks.o [1]
compressor_task::compressor_pwr_on
                        0x20000118     0x1  Data  Lc  user_tasks.o [1]
compressor_task::cur_t  0x2000011a     0x2  Data  Lc  user_tasks.o [1]
compressor_task::decrease
                        0x20000120     0x2  Data  Lc  user_tasks.o [1]
compressor_task::increase
                        0x2000011e     0x2  Data  Lc  user_tasks.o [1]
compressor_task::msg    0x2000010c     0xc  Data  Lc  user_tasks.o [1]
compressor_task::setting_t
                        0x2000011c     0x2  Data  Lc  user_tasks.o [1]
compressor_task_hdl     0x20009794     0x4  Data  Gb  user_tasks.o [1]
defaultTaskHandle       0x20009808     0x4  Data  Gb  freertos.o [1]
eMBEnable               0x08006d51    0x1a  Code  Gb  mb.o [1]
eMBFuncReadHoldingRegister
                        0x0800ed97    0x5c  Code  Gb  mbfuncholding.o [1]
eMBFuncReadInputRegister
                        0x0800ee17    0x60  Code  Gb  mbfuncinput.o [1]
eMBFuncWriteHoldingRegister
                        0x0800ed15    0x32  Code  Gb  mbfuncholding.o [1]
eMBFuncWriteMultipleHoldingRegister
                        0x0800ed47    0x50  Code  Gb  mbfuncholding.o [1]
eMBInit                 0x08006cf9    0x58  Code  Gb  mb.o [1]
eMBPoll                 0x08006d6b    0x9a  Code  Gb  mb.o [1]
eMBPoll::ucFunctionCode
                        0x20000003     0x1  Data  Lc  mb.o [1]
eMBPoll::ucMBFrame      0x20000048     0x4  Data  Lc  mb.o [1]
eMBPoll::ucRcvAddress   0x20000002     0x1  Data  Lc  mb.o [1]
eMBPoll::usLength       0x20000024     0x2  Data  Lc  mb.o [1]
eMBRTUInit              0x08009b89    0x44  Code  Gb  mbrtu.o [1]
eMBRTUReceive           0x08009c05    0x56  Code  Gb  mbrtu.o [1]
eMBRTUSend              0x08009c5b    0x5a  Code  Gb  mbrtu.o [1]
eMBRTUStart             0x08009bcd    0x16  Code  Gb  mbrtu.o [1]
eMBRTUStop              0x08009beb    0x12  Code  Gb  mbrtu.o [1]
eMBRegHoldingCB         0x08005a73    0x84  Code  Gb  mb_reg.o [1]
eMBRegInputCB           0x08005a39    0x3a  Code  Gb  mb_reg.o [1]
eMBState                0x20000001     0x1  Data  Lc  mb.o [1]
eRcvState               0x200097f5     0x1  Data  Lc  mbrtu.o [1]
eSndState               0x200097f4     0x1  Data  Lc  mbrtu.o [1]
err_code_mutex_id       0x20000104     0x4  Data  Gb  user_tasks.o [1]
exit                    0x0800eff7     0x4  Code  Gb  exit.o [3]
get_reg_value           0x0800528d    0x58  Code  Gb  mb_reg.o [1]
get_status              0x08009389     0x2  Code  Gb  drv8711.o [1]
hadc1                   0x200097a8    0x30  Data  Gb  adc.o [1]
hdma_adc1               0x2000956c    0x44  Data  Gb  adc.o [1]
hdma_spi1_tx            0x200095f4    0x44  Data  Gb  spi.o [1]
hspi1                   0x200094bc    0x58  Data  Gb  spi.o [1]
hspi2                   0x20009514    0x58  Data  Gb  spi.o [1]
htim2                   0x20009678    0x40  Data  Gb  tim.o [1]
htim8                   0x200096b8    0x40  Data  Gb  tim.o [1]
huart3                  0x200096f8    0x40  Data  Gb  usart.o [1]
inHandlerMode           0x08004e7d     0xc  Code  Lc  cmsis_os.o [1]
io_check_task           0x0800c64d   0x6fc  Code  Gb  io_check_task.o [1]
io_check_task_hdl       0x200097a4     0x4  Data  Gb  user_tasks.o [1]
juice_all_completed     0x0800356d    0x1c  Code  Lc  user_tasks.o [1]
juice_get_fault_code    0x080033f9    0x18  Code  Lc  user_tasks.o [1]
juice_is_24v_oc         0x08003129    0x2e  Code  Lc  user_tasks.o [1]
juice_msg_queue_hdl     0x200000fc     0x4  Data  Gb  user_tasks.o [1]
juice_set_fault_code    0x080032dd    0x48  Code  Lc  user_tasks.o [1]
juice_set_progress      0x08003411    0x48  Code  Lc  user_tasks.o [1]
juice_task              0x08002b35    0xa4  Code  Lc  user_tasks.o [1]
juice_task::msg         0x2000009c     0xc  Data  Lc  user_tasks.o [1]
juice_task::timeout     0x20000108     0x4  Data  Lc  user_tasks.o [1]
juice_task_hdl          0x20009798     0x4  Data  Gb  user_tasks.o [1]
juice_transaction_fault
                        0x080035e5    0x1c  Code  Lc  user_tasks.o [1]
juice_wait_signals      0x0800365d    0x48  Code  Gb  user_tasks.o [1]
main                    0x08007605    0x34  Code  Gb  main.o [1]
makeFreeRtosPriority    0x08004e71     0xc  Code  Lc  cmsis_os.o [1]
manipulator_msg_queue_hdl
                        0x200000e8     0x4  Data  Gb  user_tasks.o [1]
manipulator_pwm_frequency::f
                        0x200000c2     0x2  Data  Lc  user_tasks.o [1]
manipulator_pwm_frequency::timeout
                        0x200000c0     0x2  Data  Lc  user_tasks.o [1]
manipulator_task        0x080014d5   0x47e  Code  Lc  user_tasks.o [1]
manipulator_task_hdl    0x2000978c     0x4  Data  Gb  user_tasks.o [1]
map                     0x08009269    0x14  Code  Gb  drv8711.o [1]
mb_reg_init             0x080051fd    0x78  Code  Gb  mb_reg.o [1]
modbus_task             0x08000521    0x2c  Code  Lc  user_tasks.o [1]
modbus_task_hdl         0x200097a0     0x4  Data  Gb  user_tasks.o [1]
ntc_3950_get_t          0x08009829    0x8e  Code  Gb  ntc_3950.o [1]
oh_door_msg_queue_hdl   0x200000e4     0x4  Data  Gb  user_tasks.o [1]
oh_door_task            0x080009f5   0x286  Code  Lc  user_tasks.o [1]
oh_door_task_hdl        0x20009780     0x4  Data  Gb  user_tasks.o [1]
osDelay                 0x08004ed9     0xe  Code  Gb  cmsis_os.o [1]
osKernelStart           0x08004e89     0xa  Code  Gb  cmsis_os.o [1]
osKernelSysTick         0x08004e93    0x18  Code  Gb  cmsis_os.o [1]
osMessageCreate         0x08005109     0xa  Code  Gb  cmsis_os.o [1]
osMessageGet            0x08005155    0x6a  Code  Gb  cmsis_os.o [1]
osMessagePut            0x08005113    0x42  Code  Gb  cmsis_os.o [1]
osMutexCreate           0x08005033     0x6  Code  Gb  cmsis_os.o [1]
osMutexRelease          0x08005075    0x30  Code  Gb  cmsis_os.o [1]
osMutexWait             0x08005039    0x3c  Code  Gb  cmsis_os.o [1]
osSignalSet             0x08004f91    0x46  Code  Gb  cmsis_os.o [1]
osSignalWait            0x08004fd7    0x50  Code  Gb  cmsis_os.o [1]
osSystickHandler        0x080051e3    0x14  Code  Gb  cmsis_os.o [1]
osThreadCreate          0x08004eab    0x2e  Code  Gb  cmsis_os.o [1]
osTimerCreate           0x08004ee7    0x1a  Code  Gb  cmsis_os.o [1]
osTimerStart            0x08004f01    0x48  Code  Gb  cmsis_os.o [1]
osTimerStop             0x08004f49    0x48  Code  Gb  cmsis_os.o [1]
overwrite_color         0x08006ea7    0x12  Code  Gb  rgb_led.o [1]
peMBFrameReceiveCur     0x20000034     0x4  Data  Lc  mb.o [1]
peMBFrameSendCur        0x20000028     0x4  Data  Lc  mb.o [1]
presser_msg_queue_hdl   0x200000f4     0x4  Data  Gb  user_tasks.o [1]
presser_task            0x08002385   0x1be  Code  Lc  user_tasks.o [1]
presser_task_hdl        0x20009790     0x4  Data  Gb  user_tasks.o [1]
prvAddCurrentTaskToDelayedList
                        0x08008417    0x64  Code  Lc  tasks.o [1]
prvAddNewTaskToReadyList
                        0x08007bed    0xa6  Code  Lc  tasks.o [1]
prvCheckForValidListAndQueue
                        0x080087a9    0x46  Code  Lc  timers.o [1]
prvCopyDataFromQueue    0x08008dab    0x28  Code  Lc  queue.o [1]
prvCopyDataToQueue      0x08008d43    0x68  Code  Lc  queue.o [1]
prvDeleteTCB            0x08008097    0x14  Code  Lc  tasks.o [1]
prvIdleTask             0x0800803d    0x5a  Code  Lc  tasks.o [1]
prvInitialiseNewQueue   0x080088b5    0x16  Code  Lc  queue.o [1]
prvInitialiseNewTask    0x08007b75    0x78  Code  Lc  tasks.o [1]
prvInitialiseNewTimer   0x080084f3    0x3a  Code  Lc  timers.o [1]
prvInsertBlockIntoFreeList
                        0x0800ba8f    0x46  Code  Lc  heap_4.o [1]
prvInsertTimerInActiveList
                        0x080086af    0x34  Code  Lc  timers.o [1]
prvIsQueueEmpty         0x08008e35    0x16  Code  Lc  queue.o [1]
prvProcessReceivedCommands
                        0x080086e5    0xb4  Code  Lc  timers.o [1]
prvProcessTimerOrBlockTask
                        0x0800859b    0x9a  Code  Lc  timers.o [1]
prvResetNextTaskUnblockTime
                        0x080080ab    0x1c  Code  Lc  tasks.o [1]
prvSampleTimeNow        0x08008635    0x7a  Code  Lc  timers.o [1]
prvSampleTimeNow::xLastTime
                        0x20009748     0x4  Data  Lc  timers.o [1]
prvTaskExitError        0x08008efd    0x28  Code  Lc  port.o [1]
prvTimerTask            0x0800857d    0x1e  Code  Lc  timers.o [1]
prvUnlockQueue          0x08008dd3    0x62  Code  Lc  queue.o [1]
prveMBError2Exception   0x0800edf5    0x20  Code  Gb  mbutils.o [1]
ptr_slave_modbus_uart_handle
                        0x20000094     0x4  Data  Gb  portserial.o [1]
pucSndBufferCur         0x200097fc     0x4  Data  Lc  mbrtu.o [1]
pvMBFrameCloseCur       0x20000038     0x4  Data  Lc  mb.o [1]
pvMBFrameStartCur       0x2000002c     0x4  Data  Lc  mb.o [1]
pvMBFrameStopCur        0x20000030     0x4  Data  Lc  mb.o [1]
pvPortMalloc            0x0800b925   0x108  Code  Gb  heap_4.o [1]
pvTaskIncrementMutexHeldCount
                        0x080081f7    0x14  Code  Gb  tasks.o [1]
pxCurrentTCB            0x2000935c     0x4  Data  Gb  tasks.o [1]
pxCurrentTimerList      0x20009738     0x4  Data  Lc  timers.o [1]
pxDelayedTaskList       0x20009360     0x4  Data  Lc  tasks.o [1]
pxEnd                   0x2000012c     0x4  Data  Lc  heap_4.o [1]
pxMBFrameCBByteReceived
                        0x2000003c     0x4  Data  Gb  mb.o [1]
pxMBFrameCBTransmitterEmpty
                        0x20000040     0x4  Data  Gb  mb.o [1]
pxMBPortCBTimerExpired  0x20000044     0x4  Data  Gb  mb.o [1]
pxOverflowDelayedTaskList
                        0x20009364     0x4  Data  Lc  tasks.o [1]
pxOverflowTimerList     0x2000973c     0x4  Data  Lc  timers.o [1]
pxPortInitialiseStack   0x08008edd    0x20  Code  Gb  port.o [1]
pxReadyTasksLists       0x200093d4    0x8c  Data  Lc  tasks.o [1]
r_t_map                 0x08009900   0x288  Data  Lc  ntc_3950.o [1]
read_debug_cmd_handle   0x080058c3    0x62  Code  Lc  mb_reg.o [1]
read_fault_code_handle  0x08005513    0x5c  Code  Lc  mb_reg.o [1]
read_sys_info_handle    0x0800597f    0x70  Code  Lc  mb_reg.o [1]
read_t_setting_handle   0x08005651    0x5a  Code  Lc  mb_reg.o [1]
reg_holding             0x2000004c    0x30  Data  Gb  mb_reg.o [1]
reg_input               0x2000007c     0xc  Data  Gb  mb_reg.o [1]
rgb_led_msg_queue_hdl   0x200000d8     0x4  Data  Gb  user_tasks.o [1]
rgb_led_task            0x08000591   0x18c  Code  Lc  user_tasks.o [1]
rgb_led_task_hdl        0x20009778     0x4  Data  Gb  user_tasks.o [1]
running_led_msg_queue_hdl
                        0x200000dc     0x4  Data  Gb  user_tasks.o [1]
running_led_task        0x08000975    0x2e  Code  Lc  user_tasks.o [1]
running_led_task_hdl    0x2000977c     0x4  Data  Gb  user_tasks.o [1]
servo1_msg_queue_hdl    0x200000ec     0x4  Data  Gb  user_tasks.o [1]
servo1_task             0x080011a9    0x90  Code  Lc  user_tasks.o [1]
servo1_task_hdl         0x20009784     0x4  Data  Gb  user_tasks.o [1]
servo2_msg_queue_hdl    0x200000f0     0x4  Data  Gb  user_tasks.o [1]
servo2_task             0x08001321    0x90  Code  Lc  user_tasks.o [1]
servo2_task_hdl         0x20009788     0x4  Data  Gb  user_tasks.o [1]
set_enable              0x0800937f     0x6  Code  Gb  drv8711.o [1]
set_reg_value           0x080052f7    0x58  Code  Gb  mb_reg.o [1]
single_color            0x08006e89    0x1e  Code  Gb  rgb_led.o [1]
strcmp                  0x0800d5d9          Code  Gb  strcmp.o [4]
strip_set_pixel_color   0x08006e2d    0x46  Code  Lc  rgb_led.o [1]
strip_show              0x08006e73     0xc  Code  Lc  rgb_led.o [1]
sync_msg_queue_hdl      0x200000d4     0x4  Data  Gb  user_tasks.o [1]
sync_task               0x080036a5   0x91c  Code  Lc  user_tasks.o [1]
sync_task_hdl           0x200000d0     0x4  Data  Gb  user_tasks.o [1]
tasks_environment_init  0x08000391   0x12e  Code  Lc  user_tasks.o [1]
temperature_task        0x08002d19    0xb8  Code  Lc  user_tasks.o [1]
temperature_task_hdl    0x2000979c     0x4  Data  Gb  user_tasks.o [1]
ucHeap                  0x2000013c  0x7800  Data  Lc  heap_4.o [1]
ucMBAddress             0x20000000     0x1  Data  Lc  mb.o [1]
ucMaxSysCallPriority    0x20000088     0x1  Data  Lc  port.o [1]
ucRTUBuf                0x20009234   0x100  Data  Gb  mbrtu.o [1]
ulMaxPRIGROUPValue      0x20000090     0x4  Data  Lc  port.o [1]
usMBCRC16               0x0800c099    0x2e  Code  Gb  mbcrc.o [1]
usRcvBufferPos          0x200097f8     0x2  Data  Lc  mbrtu.o [1]
usRegHoldingBuf         0x200097d8    0x10  Data  Lc  mb_reg.o [1]
usRegInputBuf           0x200097e8     0xc  Data  Lc  mb_reg.o [1]
usSndBufferCount        0x200097f6     0x2  Data  Lc  mbrtu.o [1]
uwTick                  0x2000980c     0x4  Data  Gb  stm32f1xx_hal.o [1]
uxCriticalNesting       0x2000008c     0x4  Data  Lc  port.o [1]
uxCurrentNumberOfTasks  0x20009380     0x4  Data  Lc  tasks.o [1]
uxDeletedTasksWaitingCleanUp
                        0x20009368     0x4  Data  Lc  tasks.o [1]
uxListRemove            0x0800bb47    0x24  Code  Gb  list.o [1]
uxPendedTicks           0x20009390     0x4  Data  Lc  tasks.o [1]
uxSchedulerSuspended    0x200093a4     0x4  Data  Lc  tasks.o [1]
uxTaskNumber            0x2000939c     0x4  Data  Lc  tasks.o [1]
uxTopReadyPriority      0x20009388     0x4  Data  Lc  tasks.o [1]
vApplicationMallocFailedHook
                        0x0800c631     0x2  Code  Wk  freertos.o [1]
vListInitialise         0x0800badd    0x1a  Code  Gb  list.o [1]
vListInitialiseItem     0x0800baf7     0x6  Code  Gb  list.o [1]
vListInsert             0x0800bb15    0x32  Code  Gb  list.o [1]
vListInsertEnd          0x0800bafd    0x18  Code  Gb  list.o [1]
vMBPPortEnterCritical   0x0800bc01    0x12  Code  Gb  portother.o [1]
vMBPPortExitCritical    0x0800bc13    0x12  Code  Gb  portother.o [1]
vMBPortClose            0x0800bc25    0x12  Code  Gb  portother.o [1]
vMBPortEventClose       0x08009e81    0x32  Code  Gb  portevent.o [1]
vMBPortSerialClose      0x0800bc51    0x14  Code  Gb  portserial.o [1]
vMBPortSerialEnable     0x0800bc65    0x72  Code  Gb  portserial.o [1]
vMBPortTimerClose       0x0800bee9    0x14  Code  Gb  porttimer.o [1]
vMBPortTimersDisable    0x0800bf1f    0x1c  Code  Gb  porttimer.o [1]
vMBPortTimersEnable     0x0800befd    0x1c  Code  Gb  porttimer.o [1]
vPortEnterCritical      0x08008f89    0x32  Code  Gb  port.o [1]
vPortExitCritical       0x08008fbb    0x22  Code  Gb  port.o [1]
vPortFree               0x0800ba3b    0x46  Code  Gb  heap_4.o [1]
vPortStartFirstTask     0x0800bbd3          Code  Gb  portasm.o [1]
vPortValidateInterruptPriority
                        0x08009005    0x42  Code  Gb  port.o [1]
vQueueAddToRegistry     0x08008e4b    0x20  Code  Gb  queue.o [1]
vQueueDelete            0x08008d29    0x1a  Code  Gb  queue.o [1]
vQueueUnregisterQueue   0x08008e6b    0x22  Code  Gb  queue.o [1]
vQueueWaitForMessageRestricted
                        0x08008e95    0x48  Code  Gb  queue.o [1]
vTaskDelay              0x08007c93    0x2a  Code  Gb  tasks.o [1]
vTaskMissedYield        0x0800802f     0xa  Code  Gb  tasks.o [1]
vTaskPlaceOnEventList   0x08007f09    0x14  Code  Gb  tasks.o [1]
vTaskPlaceOnEventListRestricted
                        0x08007f21    0x1e  Code  Gb  tasks.o [1]
vTaskPriorityInherit    0x080080df    0x76  Code  Gb  tasks.o [1]
vTaskSetTimeOutState    0x08007fb7    0x20  Code  Gb  tasks.o [1]
vTaskStartScheduler     0x08007ccd    0x5e  Code  Gb  tasks.o [1]
vTaskSuspendAll         0x08007d2b     0xc  Code  Gb  tasks.o [1]
vTaskSwitchContext      0x08007eb3    0x56  Code  Gb  tasks.o [1]
write_debug_cmd_handle  0x080056c3   0x1a0  Code  Lc  mb_reg.o [1]
write_fault_code_handle
                        0x0800544b    0xc2  Code  Lc  mb_reg.o [1]
write_opt_type_handle   0x08005361    0xd4  Code  Lc  mb_reg.o [1]
write_t_setting_handle  0x0800556f    0xb2  Code  Lc  mb_reg.o [1]
xActiveTimerList1       0x2000974c    0x14  Data  Lc  timers.o [1]
xActiveTimerList2       0x20009760    0x14  Data  Lc  timers.o [1]
xBlockAllocatedBit      0x20000138     0x4  Data  Lc  heap_4.o [1]
xDelayedTaskList1       0x200093a8    0x14  Data  Lc  tasks.o [1]
xDelayedTaskList2       0x200093bc    0x14  Data  Lc  tasks.o [1]
xFreeBytesRemaining     0x20000130     0x4  Data  Lc  heap_4.o [1]
xFuncHandlers           0x20000004    0x20  Data  Lc  mb.o [1]
xIdleTaskHandle         0x200093d0     0x4  Data  Lc  tasks.o [1]
xMBPortEventGet         0x08009f07    0x3c  Code  Gb  portevent.o [1]
xMBPortEventInit        0x08009e49    0x38  Code  Gb  portevent.o [1]
xMBPortEventPost        0x08009eb3    0x54  Code  Gb  portevent.o [1]
xMBPortSerialGetByte    0x0800bd1f     0xe  Code  Gb  portserial.o [1]
xMBPortSerialInit       0x0800bc39    0x18  Code  Gb  portserial.o [1]
xMBPortSerialPutByte    0x0800bd13     0xc  Code  Gb  portserial.o [1]
xMBPortTimersInit       0x0800bed1    0x18  Code  Gb  porttimer.o [1]
xMBRTUReceiveFSM        0x08009cb5    0x50  Code  Gb  mbrtu.o [1]
xMBRTUTimerT35Expired   0x08009d7b    0x46  Code  Gb  mbrtu.o [1]
xMBRTUTransmitFSM       0x08009d13    0x52  Code  Gb  mbrtu.o [1]
xMinimumEverFreeBytesRemaining
                        0x20000134     0x4  Data  Lc  heap_4.o [1]
xNextTaskUnblockTime    0x200093a0     0x4  Data  Lc  tasks.o [1]
xNumOfOverflows         0x20009398     0x4  Data  Lc  tasks.o [1]
xPendingReadyList       0x20009334    0x14  Data  Lc  tasks.o [1]
xPortStartScheduler     0x08008f25    0x64  Code  Gb  port.o [1]
xPortSysTickHandler     0x08008fdd    0x26  Code  Gb  port.o [1]
xQueueCreateMutex       0x080088cb    0x24  Code  Gb  queue.o [1]
xQueueGenericCreate     0x0800887d    0x38  Code  Gb  queue.o [1]
xQueueGenericReceive    0x08008b45   0x136  Code  Gb  queue.o [1]
xQueueGenericReset      0x08008809    0x74  Code  Gb  queue.o [1]
xQueueGenericSend       0x080088ef   0x122  Code  Gb  queue.o [1]
xQueueGenericSendFromISR
                        0x08008a11    0x92  Code  Gb  queue.o [1]
xQueueGiveFromISR       0x08008aa3    0x78  Code  Gb  queue.o [1]
xQueueReceiveFromISR    0x08008c93    0x7e  Code  Gb  queue.o [1]
xQueueRegistry          0x20009638    0x40  Data  Gb  queue.o [1]
xSchedulerRunning       0x2000938c     0x4  Data  Lc  tasks.o [1]
xStart                  0x20000124     0x8  Data  Lc  heap_4.o [1]
xSuspendedTaskList      0x2000936c    0x14  Data  Lc  tasks.o [1]
xTaskCheckForTimeOut    0x08007fd7    0x58  Code  Gb  tasks.o [1]
xTaskCreate             0x08007b1d    0x58  Code  Gb  tasks.o [1]
xTaskGenericNotify      0x080082a9    0x84  Code  Gb  tasks.o [1]
xTaskGenericNotifyFromISR
                        0x08008349    0xa8  Code  Gb  tasks.o [1]
xTaskGetSchedulerState  0x080080c7    0x18  Code  Gb  tasks.o [1]
xTaskGetTickCount       0x08007ddb     0x8  Code  Gb  tasks.o [1]
xTaskGetTickCountFromISR
                        0x08007de3     0xe  Code  Gb  tasks.o [1]
xTaskIncrementTick      0x08007df1    0xc2  Code  Gb  tasks.o [1]
xTaskNotifyWait         0x08008231    0x72  Code  Gb  tasks.o [1]
xTaskPriorityDisinherit
                        0x08008155    0x82  Code  Gb  tasks.o [1]
xTaskRemoveFromEventList
                        0x08007f5d    0x4e  Code  Gb  tasks.o [1]
xTaskResumeAll          0x08007d37    0x9c  Code  Gb  tasks.o [1]
xTasksWaitingTermination
                        0x20009348    0x14  Data  Lc  tasks.o [1]
xTickCount              0x20009384     0x4  Data  Lc  tasks.o [1]
xTimerCreate            0x080084c5    0x2e  Code  Gb  timers.o [1]
xTimerCreateTimerTask   0x08008491    0x34  Code  Gb  timers.o [1]
xTimerGenericCommand    0x0800852d    0x4e  Code  Gb  timers.o [1]
xTimerQueue             0x20009740     0x4  Data  Lc  timers.o [1]
xTimerTaskHandle        0x20009744     0x4  Data  Lc  timers.o [1]
xYieldPending           0x20009394     0x4  Data  Lc  tasks.o [1]


[1] = D:\development\st\stm32\src_code\cicilight_prj\cicilight_prj\EWARM\cicilight_prj\Obj
[2] = command line
[3] = dl7M_tlf.a
[4] = rt7M_tl.a
[5] = shb_l.a

  55 798 bytes of readonly  code memory
   6 047 bytes of readonly  data memory
  39 950 bytes of readwrite data memory

Errors: none
Warnings: none
