###############################################################################
#
# IAR ELF Linker V8.11.2.13589/W32 for ARM                31/Aug/2017  11:00:24
# Copyright 2007-2017 IAR Systems AB.
#
#    Output file  =  
#        D:\development\st\stm32\src_code\cicilight_prj\cicilight_prj\EWARM\cicilight_prj\Exe\cicilight_prj.out
#    Map file     =  
#        D:\development\st\stm32\src_code\cicilight_prj\cicilight_prj\EWARM\cicilight_prj\List\cicilight_prj.map
#    Command line =  
#        -f C:\Users\wkxboot\AppData\Local\Temp\EWC292.tmp
#        (D:\development\st\stm32\src_code\cicilight_prj\cicilight_prj\EWARM\cicilight_prj\Obj\adc.o
#        D:\development\st\stm32\src_code\cicilight_prj\cicilight_prj\EWARM\cicilight_prj\Obj\app_error.o
#        D:\development\st\stm32\src_code\cicilight_prj\cicilight_prj\EWARM\cicilight_prj\Obj\app_log.o
#        D:\development\st\stm32\src_code\cicilight_prj\cicilight_prj\EWARM\cicilight_prj\Obj\cmsis_os.o
#        D:\development\st\stm32\src_code\cicilight_prj\cicilight_prj\EWARM\cicilight_prj\Obj\croutine.o
#        D:\development\st\stm32\src_code\cicilight_prj\cicilight_prj\EWARM\cicilight_prj\Obj\dma.o
#        D:\development\st\stm32\src_code\cicilight_prj\cicilight_prj\EWARM\cicilight_prj\Obj\drv8711.o
#        D:\development\st\stm32\src_code\cicilight_prj\cicilight_prj\EWARM\cicilight_prj\Obj\event_groups.o
#        D:\development\st\stm32\src_code\cicilight_prj\cicilight_prj\EWARM\cicilight_prj\Obj\freertos.o
#        D:\development\st\stm32\src_code\cicilight_prj\cicilight_prj\EWARM\cicilight_prj\Obj\gpio.o
#        D:\development\st\stm32\src_code\cicilight_prj\cicilight_prj\EWARM\cicilight_prj\Obj\heap_4.o
#        D:\development\st\stm32\src_code\cicilight_prj\cicilight_prj\EWARM\cicilight_prj\Obj\JJDK_ZK_GZ1.o
#        D:\development\st\stm32\src_code\cicilight_prj\cicilight_prj\EWARM\cicilight_prj\Obj\list.o
#        D:\development\st\stm32\src_code\cicilight_prj\cicilight_prj\EWARM\cicilight_prj\Obj\main.o
#        D:\development\st\stm32\src_code\cicilight_prj\cicilight_prj\EWARM\cicilight_prj\Obj\mb.o
#        "D:\development\st\stm32\src_code\cicilight_prj\cicilight_prj\EWARM\cicilight_prj\Obj\mb_msg
#        .o"
#        D:\development\st\stm32\src_code\cicilight_prj\cicilight_prj\EWARM\cicilight_prj\Obj\mb_reg.o
#        D:\development\st\stm32\src_code\cicilight_prj\cicilight_prj\EWARM\cicilight_prj\Obj\mbcrc.o
#        D:\development\st\stm32\src_code\cicilight_prj\cicilight_prj\EWARM\cicilight_prj\Obj\mbfunccoils.o
#        D:\development\st\stm32\src_code\cicilight_prj\cicilight_prj\EWARM\cicilight_prj\Obj\mbfuncdiag.o
#        D:\development\st\stm32\src_code\cicilight_prj\cicilight_prj\EWARM\cicilight_prj\Obj\mbfuncdisc.o
#        D:\development\st\stm32\src_code\cicilight_prj\cicilight_prj\EWARM\cicilight_prj\Obj\mbfuncholding.o
#        D:\development\st\stm32\src_code\cicilight_prj\cicilight_prj\EWARM\cicilight_prj\Obj\mbfuncinput.o
#        D:\development\st\stm32\src_code\cicilight_prj\cicilight_prj\EWARM\cicilight_prj\Obj\mbfuncother.o
#        D:\development\st\stm32\src_code\cicilight_prj\cicilight_prj\EWARM\cicilight_prj\Obj\mbrtu.o
#        D:\development\st\stm32\src_code\cicilight_prj\cicilight_prj\EWARM\cicilight_prj\Obj\mbutils.o
#        D:\development\st\stm32\src_code\cicilight_prj\cicilight_prj\EWARM\cicilight_prj\Obj\port.o
#        D:\development\st\stm32\src_code\cicilight_prj\cicilight_prj\EWARM\cicilight_prj\Obj\portasm.o
#        D:\development\st\stm32\src_code\cicilight_prj\cicilight_prj\EWARM\cicilight_prj\Obj\portevent.o
#        D:\development\st\stm32\src_code\cicilight_prj\cicilight_prj\EWARM\cicilight_prj\Obj\portother.o
#        D:\development\st\stm32\src_code\cicilight_prj\cicilight_prj\EWARM\cicilight_prj\Obj\portserial.o
#        D:\development\st\stm32\src_code\cicilight_prj\cicilight_prj\EWARM\cicilight_prj\Obj\porttimer.o
#        D:\development\st\stm32\src_code\cicilight_prj\cicilight_prj\EWARM\cicilight_prj\Obj\queue.o
#        D:\development\st\stm32\src_code\cicilight_prj\cicilight_prj\EWARM\cicilight_prj\Obj\rgb_led.o
#        D:\development\st\stm32\src_code\cicilight_prj\cicilight_prj\EWARM\cicilight_prj\Obj\RTT_Syscalls_IAR.o
#        D:\development\st\stm32\src_code\cicilight_prj\cicilight_prj\EWARM\cicilight_prj\Obj\SEGGER_RTT.o
#        D:\development\st\stm32\src_code\cicilight_prj\cicilight_prj\EWARM\cicilight_prj\Obj\SEGGER_RTT_printf.o
#        D:\development\st\stm32\src_code\cicilight_prj\cicilight_prj\EWARM\cicilight_prj\Obj\spi.o
#        D:\development\st\stm32\src_code\cicilight_prj\cicilight_prj\EWARM\cicilight_prj\Obj\startup_stm32f103xe.o
#        D:\development\st\stm32\src_code\cicilight_prj\cicilight_prj\EWARM\cicilight_prj\Obj\stm32f1xx_hal.o
#        D:\development\st\stm32\src_code\cicilight_prj\cicilight_prj\EWARM\cicilight_prj\Obj\stm32f1xx_hal_adc.o
#        D:\development\st\stm32\src_code\cicilight_prj\cicilight_prj\EWARM\cicilight_prj\Obj\stm32f1xx_hal_adc_ex.o
#        D:\development\st\stm32\src_code\cicilight_prj\cicilight_prj\EWARM\cicilight_prj\Obj\stm32f1xx_hal_cortex.o
#        D:\development\st\stm32\src_code\cicilight_prj\cicilight_prj\EWARM\cicilight_prj\Obj\stm32f1xx_hal_dma.o
#        D:\development\st\stm32\src_code\cicilight_prj\cicilight_prj\EWARM\cicilight_prj\Obj\stm32f1xx_hal_flash.o
#        D:\development\st\stm32\src_code\cicilight_prj\cicilight_prj\EWARM\cicilight_prj\Obj\stm32f1xx_hal_flash_ex.o
#        D:\development\st\stm32\src_code\cicilight_prj\cicilight_prj\EWARM\cicilight_prj\Obj\stm32f1xx_hal_gpio.o
#        D:\development\st\stm32\src_code\cicilight_prj\cicilight_prj\EWARM\cicilight_prj\Obj\stm32f1xx_hal_gpio_ex.o
#        D:\development\st\stm32\src_code\cicilight_prj\cicilight_prj\EWARM\cicilight_prj\Obj\stm32f1xx_hal_msp.o
#        D:\development\st\stm32\src_code\cicilight_prj\cicilight_prj\EWARM\cicilight_prj\Obj\stm32f1xx_hal_pwr.o
#        D:\development\st\stm32\src_code\cicilight_prj\cicilight_prj\EWARM\cicilight_prj\Obj\stm32f1xx_hal_rcc.o
#        D:\development\st\stm32\src_code\cicilight_prj\cicilight_prj\EWARM\cicilight_prj\Obj\stm32f1xx_hal_rcc_ex.o
#        D:\development\st\stm32\src_code\cicilight_prj\cicilight_prj\EWARM\cicilight_prj\Obj\stm32f1xx_hal_spi.o
#        D:\development\st\stm32\src_code\cicilight_prj\cicilight_prj\EWARM\cicilight_prj\Obj\stm32f1xx_hal_spi_ex.o
#        D:\development\st\stm32\src_code\cicilight_prj\cicilight_prj\EWARM\cicilight_prj\Obj\stm32f1xx_hal_tim.o
#        D:\development\st\stm32\src_code\cicilight_prj\cicilight_prj\EWARM\cicilight_prj\Obj\stm32f1xx_hal_tim_ex.o
#        D:\development\st\stm32\src_code\cicilight_prj\cicilight_prj\EWARM\cicilight_prj\Obj\stm32f1xx_it.o
#        D:\development\st\stm32\src_code\cicilight_prj\cicilight_prj\EWARM\cicilight_prj\Obj\system_stm32f1xx.o
#        D:\development\st\stm32\src_code\cicilight_prj\cicilight_prj\EWARM\cicilight_prj\Obj\tasks.o
#        D:\development\st\stm32\src_code\cicilight_prj\cicilight_prj\EWARM\cicilight_prj\Obj\tim.o
#        D:\development\st\stm32\src_code\cicilight_prj\cicilight_prj\EWARM\cicilight_prj\Obj\timers.o
#        D:\development\st\stm32\src_code\cicilight_prj\cicilight_prj\EWARM\cicilight_prj\Obj\user_tasks.o
#        --redirect _Printf=_PrintfFull --redirect _Scanf=_ScanfFull -o
#        D:\development\st\stm32\src_code\cicilight_prj\cicilight_prj\EWARM\cicilight_prj\Exe\cicilight_prj.out
#        --map
#        D:\development\st\stm32\src_code\cicilight_prj\cicilight_prj\EWARM\cicilight_prj\List\cicilight_prj.map
#        --config
#        D:\development\st\stm32\src_code\cicilight_prj\cicilight_prj\EWARM/stm32f103xe_flash.icf
#        --semihosting --entry __iar_program_start --vfe --text_out locale)
#
###############################################################################

*******************************************************************************
*** RUNTIME MODEL ATTRIBUTES
***

CppFlavor       = *
__SystemLibrary = DLib
__dlib_version  = 6


*******************************************************************************
*** HEAP SELECTION
***

The basic heap was selected because no calls to memory allocation
functions were found in the application outside of system library
functions, and there are calls to deallocation functions in the
application.


*******************************************************************************
*** PLACEMENT SUMMARY
***

"A0":  place at 0x08000000 { ro section .intvec };
"P1":  place in [from 0x08000000 to 0x0807ffff] { ro };
define block CSTACK with size = 1K, alignment = 8 { };
define block HEAP with size = 0M, alignment = 8 { };
"P2":  place in [from 0x20000000 to 0x2000ffff] {
          rw, block CSTACK, block HEAP };
initialize by copy { rw };

  Section            Kind        Address    Size  Object
  -------            ----        -------    ----  ------
"A0":                                      0x130
  .intvec            ro code  0x08000000   0x130  startup_stm32f103xe.o [1]
                            - 0x08000130   0x130

"P1":                                     0x2a5c
  .text              ro code  0x08000130   0x53c  tasks.o [1]
  .text              ro code  0x0800066c   0x1b4  heap_4.o [1]
  .text              ro code  0x08000820    0x8e  list.o [1]
  .text              ro code  0x080008b0   0x158  port.o [1]
  CODE               ro code  0x08000a08    0x88  portasm.o [1]
  .text              ro code  0x08000a90   0x52c  stm32f1xx_hal_tim.o [1]
  .text              ro code  0x08000fbc   0x24c  tim.o [1]
  .text              ro code  0x08001208     0x2  stm32f1xx_hal_tim.o [1]
  .text              ro code  0x0800120a     0x2  stm32f1xx_hal_tim.o [1]
  .text              ro code  0x0800120c     0x2  stm32f1xx_hal_tim.o [1]
  .text              ro code  0x0800120e     0x2  stm32f1xx_hal_tim_ex.o [1]
  .text              ro code  0x08001210     0x2  stm32f1xx_hal_tim.o [1]
  .text              ro code  0x08001212     0x2  stm32f1xx_hal_tim_ex.o [1]
  .text              ro code  0x08001214    0xe8  JJDK_ZK_GZ1.o [1]
  .text              ro code  0x080012fc    0xa4  stm32f1xx_hal_tim_ex.o [1]
  .text              ro code  0x080013a0    0xb8  main.o [1]
  .text              ro code  0x08001458    0xe0  stm32f1xx_hal_cortex.o [1]
  .text              ro code  0x08001538   0x1e8  stm32f1xx_hal_gpio.o [1]
  .text              ro code  0x08001720    0x24  stm32f1xx_hal.o [1]
  .text              ro code  0x08001744   0x1a6  gpio.o [1]
  .text              ro code  0x080018ec    0x30  dma.o [1]
  .text              ro code  0x0800191c   0x19c  spi.o [1]
  .text              ro code  0x08001ab8    0xf4  adc.o [1]
  .text              ro code  0x08001bac    0x44  freertos.o [1]
  .text              ro code  0x08001bf0    0x66  cmsis_os.o [1]
  .text              ro code  0x08001c58   0x4b6  stm32f1xx_hal_rcc.o [1]
  .text              ro code  0x08002110    0xe8  stm32f1xx_hal_rcc_ex.o [1]
  .text              ro code  0x080021f8    0x28  stm32f1xx_hal.o [1]
  .text              ro code  0x08002220    0x8c  stm32f1xx_hal_msp.o [1]
  .text              ro code  0x080022ac    0x82  stm32f1xx_hal_spi_ex.o [1]
  .text              ro code  0x08002330   0x2a8  stm32f1xx_hal_dma.o [1]
  .text              ro code  0x080025d8   0x26c  stm32f1xx_hal_adc.o [1]
  .text              ro code  0x08002844    0x86  ABImemcpy.o [4]
  .text              ro code  0x080028cc     0xc  stm32f1xx_hal.o [1]
  .text              ro code  0x080028d8    0x5c  system_stm32f1xx.o [1]
  .text              ro code  0x08002934    0x40  zero_init3.o [4]
  .text              ro code  0x08002974    0x38  stm32f1xx_it.o [1]
  .text              ro code  0x080029ac    0x10  stm32f1xx_hal.o [1]
  .text              ro code  0x080029bc    0x2c  copy_init3.o [4]
  .text              ro code  0x080029e8    0x28  data_init.o [4]
  .iar.init_table    const    0x08002a10    0x24  - Linker created -
  .text              ro code  0x08002a34    0x1a  cmain.o [4]
  .text              ro code  0x08002a4e     0x4  low_level_init.o [3]
  .text              ro code  0x08002a52     0x4  exit.o [3]
  .text              ro code  0x08002a58     0xa  cexit.o [4]
  .text              ro code  0x08002a64    0x14  exit.o [5]
  .text              ro code  0x08002a78    0x10  startup_stm32f103xe.o [1]
  Initializer bytes  const    0x08002a88    0x10  <for P2-1>
  .rodata            const    0x08002a98     0xc  freertos.o [1]
  .text              ro code  0x08002aa4     0xc  cstartup_M.o [4]
  .text              ro code  0x08002ab0     0x4  startup_stm32f103xe.o [1]
  .text              ro code  0x08002ab4     0x4  startup_stm32f103xe.o [1]
  .text              ro code  0x08002ab8     0x4  startup_stm32f103xe.o [1]
  .text              ro code  0x08002abc     0x4  startup_stm32f103xe.o [1]
  .text              ro code  0x08002ac0     0x4  startup_stm32f103xe.o [1]
  .text              ro code  0x08002ac4     0x4  startup_stm32f103xe.o [1]
  .text              ro code  0x08002ac8     0x4  startup_stm32f103xe.o [1]
  .text              ro code  0x08002acc     0x4  startup_stm32f103xe.o [1]
  .text              ro code  0x08002ad0     0x4  startup_stm32f103xe.o [1]
  .text              ro code  0x08002ad4     0x4  startup_stm32f103xe.o [1]
  .text              ro code  0x08002ad8     0x4  startup_stm32f103xe.o [1]
  .text              ro code  0x08002adc     0x4  startup_stm32f103xe.o [1]
  .text              ro code  0x08002ae0     0x4  startup_stm32f103xe.o [1]
  .text              ro code  0x08002ae4     0x4  startup_stm32f103xe.o [1]
  .text              ro code  0x08002ae8     0x4  startup_stm32f103xe.o [1]
  .text              ro code  0x08002aec     0x4  startup_stm32f103xe.o [1]
  .text              ro code  0x08002af0     0x4  startup_stm32f103xe.o [1]
  .text              ro code  0x08002af4     0x4  startup_stm32f103xe.o [1]
  .text              ro code  0x08002af8     0x4  startup_stm32f103xe.o [1]
  .text              ro code  0x08002afc     0x4  startup_stm32f103xe.o [1]
  .text              ro code  0x08002b00     0x4  startup_stm32f103xe.o [1]
  .text              ro code  0x08002b04     0x4  startup_stm32f103xe.o [1]
  .text              ro code  0x08002b08     0x4  startup_stm32f103xe.o [1]
  .text              ro code  0x08002b0c     0x4  startup_stm32f103xe.o [1]
  .text              ro code  0x08002b10     0x4  startup_stm32f103xe.o [1]
  .text              ro code  0x08002b14     0x4  startup_stm32f103xe.o [1]
  .text              ro code  0x08002b18     0x4  startup_stm32f103xe.o [1]
  .text              ro code  0x08002b1c     0x4  startup_stm32f103xe.o [1]
  .text              ro code  0x08002b20     0x4  startup_stm32f103xe.o [1]
  .text              ro code  0x08002b24     0x4  startup_stm32f103xe.o [1]
  .text              ro code  0x08002b28     0x4  startup_stm32f103xe.o [1]
  .text              ro code  0x08002b2c     0x4  startup_stm32f103xe.o [1]
  .text              ro code  0x08002b30     0x4  startup_stm32f103xe.o [1]
  .text              ro code  0x08002b34     0x4  startup_stm32f103xe.o [1]
  .text              ro code  0x08002b38     0x4  startup_stm32f103xe.o [1]
  .text              ro code  0x08002b3c     0x4  startup_stm32f103xe.o [1]
  .text              ro code  0x08002b40     0x4  startup_stm32f103xe.o [1]
  .text              ro code  0x08002b44     0x4  startup_stm32f103xe.o [1]
  .text              ro code  0x08002b48     0x4  startup_stm32f103xe.o [1]
  .text              ro code  0x08002b4c     0x4  startup_stm32f103xe.o [1]
  .text              ro code  0x08002b50     0x4  startup_stm32f103xe.o [1]
  .text              ro code  0x08002b54     0x4  startup_stm32f103xe.o [1]
  .text              ro code  0x08002b58     0x4  startup_stm32f103xe.o [1]
  .text              ro code  0x08002b5c     0x4  startup_stm32f103xe.o [1]
  .text              ro code  0x08002b60     0x4  startup_stm32f103xe.o [1]
  .text              ro code  0x08002b64     0x4  startup_stm32f103xe.o [1]
  .text              ro code  0x08002b68     0x4  startup_stm32f103xe.o [1]
  .text              ro code  0x08002b6c     0x4  startup_stm32f103xe.o [1]
  .text              ro code  0x08002b70     0x4  startup_stm32f103xe.o [1]
  .text              ro code  0x08002b74     0x4  startup_stm32f103xe.o [1]
  .text              ro code  0x08002b78     0x4  startup_stm32f103xe.o [1]
  .text              ro code  0x08002b7c     0x4  startup_stm32f103xe.o [1]
  .text              ro code  0x08002b80     0x4  startup_stm32f103xe.o [1]
  .text              ro code  0x08002b84     0x4  startup_stm32f103xe.o [1]
  .text              ro code  0x08002b88     0x4  startup_stm32f103xe.o [1]
  .rodata            const    0x08002b8c     0x0  zero_init3.o [4]
  .rodata            const    0x08002b8c     0x0  copy_init3.o [4]
                            - 0x08002b8c  0x2a5c

"P2", part 1 of 3:                          0x10
  P2-1                        0x20000000    0x10  <Init block>
    .data            inited   0x20000000     0xc  port.o [1]
    .data            inited   0x2000000c     0x4  system_stm32f1xx.o [1]
                            - 0x20000010    0x10

"P2", part 2 of 3:                        0x7af8
  .bss               zero     0x20000010  0x7818  heap_4.o [1]
  .bss               zero     0x20007828    0xa0  tasks.o [1]
  .bss               zero     0x200078c8    0x8c  tasks.o [1]
  .bss               zero     0x20007954    0x58  spi.o [1]
  .bss               zero     0x200079ac    0x58  spi.o [1]
  .bss               zero     0x20007a04    0x44  spi.o [1]
  .bss               zero     0x20007a48    0x40  tim.o [1]
  .bss               zero     0x20007a88    0x40  tim.o [1]
  .bss               zero     0x20007ac8    0x30  adc.o [1]
  .bss               zero     0x20007af8     0x4  freertos.o [1]
  .bss               zero     0x20007afc     0x4  JJDK_ZK_GZ1.o [1]
  .bss               zero     0x20007b00     0x4  JJDK_ZK_GZ1.o [1]
  .bss               zero     0x20007b04     0x4  stm32f1xx_hal.o [1]
                            - 0x20007b08  0x7af8

"P2", part 3 of 3:                         0x400
  CSTACK                      0x20007b08   0x400  <Block>
    CSTACK           uninit   0x20007b08   0x400  <Block tail>
                            - 0x20007f08   0x400


*******************************************************************************
*** INIT TABLE
***

          Address     Size
          -------     ----
Zero (__iar_zero_init3)
    1 destination range, total size 0x7af8:
          0x20000010  0x7af8

Copy (__iar_copy_init3)
    1 source range, total size 0x10:
          0x08002a88    0x10
    1 destination range, total size 0x10:
          0x20000000    0x10



*******************************************************************************
*** MODULE SUMMARY
***

    Module                  ro code  ro data  rw data
    ------                  -------  -------  -------
D:\development\st\stm32\src_code\cicilight_prj\cicilight_prj\EWARM\cicilight_prj\Obj: [1]
    JJDK_ZK_GZ1.o               232                 8
    adc.o                       244                48
    cmsis_os.o                  102
    dma.o                        48
    freertos.o                   68       12        4
    gpio.o                      422
    heap_4.o                    436            30 744
    list.o                      142
    main.o                      184
    port.o                      344       12       12
    portasm.o                   136
    spi.o                       412               244
    startup_stm32f103xe.o       540
    stm32f1xx_hal.o             104                 4
    stm32f1xx_hal_adc.o         620
    stm32f1xx_hal_cortex.o      224
    stm32f1xx_hal_dma.o         680
    stm32f1xx_hal_gpio.o        488
    stm32f1xx_hal_msp.o         140
    stm32f1xx_hal_rcc.o       1 206
    stm32f1xx_hal_rcc_ex.o      232
    stm32f1xx_hal_spi_ex.o      130
    stm32f1xx_hal_tim.o       1 332
    stm32f1xx_hal_tim_ex.o      168
    stm32f1xx_it.o               56
    system_stm32f1xx.o           92        4        4
    tasks.o                   1 340               300
    tim.o                       588               128
    -------------------------------------------------
    Total:                   10 710       28   31 496

command line: [2]
    -------------------------------------------------
    Total:

dl7M_tlf.a: [3]
    exit.o                        4
    low_level_init.o              4
    -------------------------------------------------
    Total:                        8

rt7M_tl.a: [4]
    ABImemcpy.o                 134
    cexit.o                      10
    cmain.o                      26
    copy_init3.o                 44
    cstartup_M.o                 12
    data_init.o                  40
    zero_init3.o                 64
    -------------------------------------------------
    Total:                      330

shb_l.a: [5]
    exit.o                       20
    -------------------------------------------------
    Total:                       20

    Gaps                         16
    Linker created                        36    1 024
-----------------------------------------------------
    Grand Total:             11 084       64   32 520


*******************************************************************************
*** ENTRY LIST
***

Entry                      Address    Size  Type      Object
-----                      -------    ----  ----      ------
.iar.init_table$$Base   0x08002a10           --   Gb  - Linker created -
.iar.init_table$$Limit  0x08002a34           --   Gb  - Linker created -
?main                   0x08002a35          Code  Gb  cmain.o [4]
ADC_ConversionStop_Disable
                        0x08002801    0x44  Code  Gb  stm32f1xx_hal_adc.o [1]
AHBPrescTable           0x08002924    0x10  Data  Gb  system_stm32f1xx.o [1]
BSP_COLUMN_STEP_MOTOR_PWM_ISR
                        0x080012ad    0x30  Code  Gb  JJDK_ZK_GZ1.o [1]
BSP_ROW_STEP_MOTOR_PWM_ISR
                        0x0800127d    0x30  Code  Gb  JJDK_ZK_GZ1.o [1]
BSP_column_step_motor_pwr_dwn
                        0x0800124f    0x1a  Code  Lc  JJDK_ZK_GZ1.o [1]
BSP_is_column_step_motor_on_rst_pos
                        0x0800122d     0x8  Code  Gb  JJDK_ZK_GZ1.o [1]
BSP_is_row_step_motor_on_rst_pos
                        0x08001225     0x8  Code  Gb  JJDK_ZK_GZ1.o [1]
BSP_row_step_motor_pwr_dwn
                        0x08001235    0x1a  Code  Lc  JJDK_ZK_GZ1.o [1]
BusFault_Handler        0x0800297b     0x2  Code  Gb  stm32f1xx_it.o [1]
CSTACK$$Base            0x20007b08           --   Gb  - Linker created -
CSTACK$$Limit           0x20007f08           --   Gb  - Linker created -
DMA1_Channel3_IRQHandler
                        0x0800298f     0x6  Code  Gb  stm32f1xx_it.o [1]
DebugMon_Handler        0x0800297f     0x2  Code  Gb  stm32f1xx_it.o [1]
HAL_ADC_ConfigChannel   0x080026e9    0xe4  Code  Gb  stm32f1xx_hal_adc.o [1]
HAL_ADC_Init            0x080025d9   0x110  Code  Gb  stm32f1xx_hal_adc.o [1]
HAL_ADC_MspInit         0x08001b0b    0x44  Code  Gb  adc.o [1]
HAL_DMA_IRQHandler      0x080023b7   0x1dc  Code  Gb  stm32f1xx_hal_dma.o [1]
HAL_DMA_Init            0x08002331    0x78  Code  Gb  stm32f1xx_hal_dma.o [1]
HAL_GPIO_Init           0x08001539   0x192  Code  Gb  stm32f1xx_hal_gpio.o [1]
HAL_GPIO_ReadPin        0x080016cb     0xc  Code  Gb  stm32f1xx_hal_gpio.o [1]
HAL_GPIO_WritePin       0x080016d7     0xc  Code  Gb  stm32f1xx_hal_gpio.o [1]
HAL_GetTick             0x080028cd     0xc  Code  Wk  stm32f1xx_hal.o [1]
HAL_IncTick             0x080029ad    0x10  Code  Wk  stm32f1xx_hal.o [1]
HAL_Init                0x08001721    0x20  Code  Gb  stm32f1xx_hal.o [1]
HAL_InitTick            0x080021f9    0x28  Code  Wk  stm32f1xx_hal.o [1]
HAL_MspInit             0x08002221    0x8c  Code  Gb  stm32f1xx_hal_msp.o [1]
HAL_NVIC_EnableIRQ      0x080014cb     0xa  Code  Gb  stm32f1xx_hal_cortex.o [1]
HAL_NVIC_SetPriority    0x08001491    0x3a  Code  Gb  stm32f1xx_hal_cortex.o [1]
HAL_NVIC_SetPriorityGrouping
                        0x08001477    0x1a  Code  Gb  stm32f1xx_hal_cortex.o [1]
HAL_RCCEx_PeriphCLKConfig
                        0x08002111    0xdc  Code  Gb  stm32f1xx_hal_rcc_ex.o [1]
HAL_RCC_ClockConfig     0x08001f6d   0x108  Code  Gb  stm32f1xx_hal_rcc.o [1]
HAL_RCC_GetHCLKFreq     0x080020cd     0x6  Code  Gb  stm32f1xx_hal_rcc.o [1]
HAL_RCC_GetSysClockFreq
                        0x08002093    0x3a  Code  Gb  stm32f1xx_hal_rcc.o [1]
HAL_RCC_GetSysClockFreq::aPLLMULFactorTable
                        0x080020fc    0x10  Data  Lc  stm32f1xx_hal_rcc.o [1]
HAL_RCC_GetSysClockFreq::aPredivFactorTable
                        0x0800210c     0x2  Data  Lc  stm32f1xx_hal_rcc.o [1]
HAL_RCC_OscConfig       0x08001c59   0x30c  Code  Gb  stm32f1xx_hal_rcc.o [1]
HAL_SPI_Init            0x080022ad    0x82  Code  Gb  stm32f1xx_hal_spi_ex.o [1]
HAL_SPI_MspInit         0x08001999    0xa4  Code  Gb  spi.o [1]
HAL_SYSTICK_CLKSourceConfig
                        0x08001507    0x1a  Code  Gb  stm32f1xx_hal_cortex.o [1]
HAL_SYSTICK_Config      0x080014df    0x28  Code  Gb  stm32f1xx_hal_cortex.o [1]
HAL_TIMEx_BreakCallback
                        0x0800120f     0x2  Code  Wk  stm32f1xx_hal_tim_ex.o [1]
HAL_TIMEx_CommutationCallback
                        0x08001213     0x2  Code  Wk  stm32f1xx_hal_tim_ex.o [1]
HAL_TIMEx_ConfigBreakDeadTime
                        0x080012fd    0x5a  Code  Gb  stm32f1xx_hal_tim_ex.o [1]
HAL_TIMEx_MasterConfigSynchronization
                        0x08001357    0x4a  Code  Gb  stm32f1xx_hal_tim_ex.o [1]
HAL_TIM_IRQHandler      0x08000b91   0x142  Code  Gb  stm32f1xx_hal_tim.o [1]
HAL_TIM_MspPostInit     0x08001163    0x38  Code  Gb  tim.o [1]
HAL_TIM_PWM_ConfigChannel
                        0x08000cd9    0xc0  Code  Gb  stm32f1xx_hal_tim.o [1]
HAL_TIM_PWM_Init        0x08000ab3    0x1a  Code  Gb  stm32f1xx_hal_tim.o [1]
HAL_TIM_PWM_MspInit     0x080010e9    0x7a  Code  Gb  tim.o [1]
HAL_TIM_PWM_PulseFinishedCallback
                        0x08001269    0x14  Code  Gb  JJDK_ZK_GZ1.o [1]
HAL_TIM_PWM_Stop_IT     0x08000acd    0x64  Code  Gb  stm32f1xx_hal_tim.o [1]
HardFault_Handler       0x08002977     0x2  Code  Gb  stm32f1xx_it.o [1]
MX_ADC1_Init            0x08001ab9    0x52  Code  Gb  adc.o [1]
MX_DMA_Init             0x080018ed    0x30  Code  Gb  dma.o [1]
MX_FREERTOS_Init        0x08001bad    0x20  Code  Gb  freertos.o [1]
MX_GPIO_Init            0x08001745   0x15e  Code  Gb  gpio.o [1]
MX_SPI1_Init            0x0800191d    0x2c  Code  Gb  spi.o [1]
MX_SPI2_Init            0x08001949    0x28  Code  Gb  spi.o [1]
MX_TIM2_Init            0x08000fbd    0x72  Code  Gb  tim.o [1]
MX_TIM8_Init            0x08001037    0x9e  Code  Gb  tim.o [1]
MemManage_Handler       0x08002979     0x2  Code  Gb  stm32f1xx_it.o [1]
NMI_Handler             0x08002975     0x2  Code  Gb  stm32f1xx_it.o [1]
NVIC_SetPriority        0x08001459    0x1e  Code  Lc  stm32f1xx_hal_cortex.o [1]
PendSV_Handler          0x08000a09          Code  Gb  portasm.o [1]
Region$$Table$$Base     0x08002a10           --   Gb  - Linker created -
Region$$Table$$Limit    0x08002a34           --   Gb  - Linker created -
SVC_Handler             0x08000a4f          Code  Gb  portasm.o [1]
StartDefaultTask        0x08001bd1     0xa  Code  Gb  freertos.o [1]
SysTick_Handler         0x08002981     0xe  Code  Gb  stm32f1xx_it.o [1]
SystemClock_Config      0x080013d1    0x86  Code  Gb  main.o [1]
SystemCoreClock         0x2000000c     0x4  Data  Gb  system_stm32f1xx.o [1]
SystemInit              0x080028d9    0x3a  Code  Gb  system_stm32f1xx.o [1]
TIM8_BRK_IRQHandler     0x08002995     0x2  Code  Gb  stm32f1xx_it.o [1]
TIM8_CC_IRQHandler      0x080029ab     0x2  Code  Gb  stm32f1xx_it.o [1]
TIM8_TRG_COM_IRQHandler
                        0x080029a9     0x2  Code  Gb  stm32f1xx_it.o [1]
TIM8_UP_IRQHandler      0x08002997     0x2  Code  Gb  stm32f1xx_it.o [1]
TIM_Base_SetConfig      0x08000dc1    0x74  Code  Gb  stm32f1xx_hal_tim.o [1]
TIM_CCxChannelCmd       0x08000fa5    0x12  Code  Gb  stm32f1xx_hal_tim.o [1]
TIM_OC1_SetConfig       0x08000e35    0x52  Code  Lc  stm32f1xx_hal_tim.o [1]
TIM_OC2_SetConfig       0x08000e87    0x60  Code  Gb  stm32f1xx_hal_tim.o [1]
TIM_OC3_SetConfig       0x08000ee7    0x58  Code  Lc  stm32f1xx_hal_tim.o [1]
TIM_OC4_SetConfig       0x08000f4b    0x46  Code  Lc  stm32f1xx_hal_tim.o [1]
UsageFault_Handler      0x0800297d     0x2  Code  Gb  stm32f1xx_it.o [1]
_Error_Handler          0x08001457     0x2  Code  Gb  main.o [1]
__aeabi_memcpy4         0x08002845          Code  Gb  ABImemcpy.o [4]
__aeabi_memcpy8         0x08002845          Code  Gb  ABImemcpy.o [4]
__cmain                 0x08002a35          Code  Gb  cmain.o [4]
__exit                  0x08002a65    0x14  Code  Gb  exit.o [5]
__iar_copy_init3        0x080029bd    0x2c  Code  Gb  copy_init3.o [4]
__iar_data_init3        0x080029e9    0x28  Code  Gb  data_init.o [4]
__iar_program_start     0x08002aa5          Code  Gb  cstartup_M.o [4]
__iar_systems$$module {Abs}
                        0x00000001          Data  Gb  command line/config [2]
__iar_zero_init3        0x08002935    0x40  Code  Gb  zero_init3.o [4]
__low_level_init        0x08002a4f     0x4  Code  Gb  low_level_init.o [3]
__vector_table          0x08000000          Data  Gb  startup_stm32f103xe.o [1]
_call_main              0x08002a41          Code  Gb  cmain.o [4]
_exit                   0x08002a59          Code  Gb  cexit.o [4]
_main                   0x08002a4b          Code  Gb  cmain.o [4]
column_step_motor_run_steps
                        0x20007b00     0x4  Data  Gb  JJDK_ZK_GZ1.o [1]
defaultTaskHandle       0x20007af8     0x4  Data  Gb  freertos.o [1]
exit                    0x08002a53     0x4  Code  Gb  exit.o [3]
hadc1                   0x20007ac8    0x30  Data  Gb  adc.o [1]
hdma_spi1_tx            0x20007a04    0x44  Data  Gb  spi.o [1]
hspi1                   0x20007954    0x58  Data  Gb  spi.o [1]
hspi2                   0x200079ac    0x58  Data  Gb  spi.o [1]
htim2                   0x20007a48    0x40  Data  Gb  tim.o [1]
htim8                   0x20007a88    0x40  Data  Gb  tim.o [1]
main                    0x080013a1    0x30  Code  Gb  main.o [1]
makeFreeRtosPriority    0x08001bf1     0xc  Code  Lc  cmsis_os.o [1]
osDelay                 0x08001c35     0xe  Code  Gb  cmsis_os.o [1]
osKernelStart           0x08001bfd     0xa  Code  Gb  cmsis_os.o [1]
osSystickHandler        0x08001c43    0x14  Code  Gb  cmsis_os.o [1]
osThreadCreate          0x08001c07    0x2e  Code  Gb  cmsis_os.o [1]
prvAddCurrentTaskToDelayedList
                        0x080005f1    0x64  Code  Lc  tasks.o [1]
prvAddNewTaskToReadyList
                        0x08000201    0xa6  Code  Lc  tasks.o [1]
prvDeleteTCB            0x0800055b    0x14  Code  Lc  tasks.o [1]
prvIdleTask             0x080004fd    0x5e  Code  Lc  tasks.o [1]
prvInitialiseNewTask    0x08000189    0x78  Code  Lc  tasks.o [1]
prvInsertBlockIntoFreeList
                        0x080007d3    0x46  Code  Lc  heap_4.o [1]
prvResetNextTaskUnblockTime
                        0x0800056f    0x1c  Code  Lc  tasks.o [1]
prvTaskExitError        0x080008d1    0x28  Code  Lc  port.o [1]
pvPortMalloc            0x0800066d   0x104  Code  Gb  heap_4.o [1]
pxCurrentTCB            0x20007850     0x4  Data  Gb  tasks.o [1]
pxDelayedTaskList       0x20007854     0x4  Data  Lc  tasks.o [1]
pxEnd                   0x20000018     0x4  Data  Lc  heap_4.o [1]
pxOverflowDelayedTaskList
                        0x20007858     0x4  Data  Lc  tasks.o [1]
pxPortInitialiseStack   0x080008b1    0x20  Code  Gb  port.o [1]
pxReadyTasksLists       0x200078c8    0x8c  Data  Lc  tasks.o [1]
row_step_motor_run_steps
                        0x20007afc     0x4  Data  Gb  JJDK_ZK_GZ1.o [1]
ucHeap                  0x20000028  0x7800  Data  Lc  heap_4.o [1]
ucMaxSysCallPriority    0x20000000     0x1  Data  Lc  port.o [1]
ulMaxPRIGROUPValue      0x20000008     0x4  Data  Lc  port.o [1]
uwTick                  0x20007b04     0x4  Data  Gb  stm32f1xx_hal.o [1]
uxCriticalNesting       0x20000004     0x4  Data  Lc  port.o [1]
uxCurrentNumberOfTasks  0x20007874     0x4  Data  Lc  tasks.o [1]
uxDeletedTasksWaitingCleanUp
                        0x2000785c     0x4  Data  Lc  tasks.o [1]
uxListRemove            0x0800088b    0x24  Code  Gb  list.o [1]
uxPendedTicks           0x20007884     0x4  Data  Lc  tasks.o [1]
uxSchedulerSuspended    0x20007898     0x4  Data  Lc  tasks.o [1]
uxTaskNumber            0x20007890     0x4  Data  Lc  tasks.o [1]
uxTopReadyPriority      0x2000787c     0x4  Data  Lc  tasks.o [1]
vListInitialise         0x08000821    0x1a  Code  Gb  list.o [1]
vListInitialiseItem     0x0800083b     0x6  Code  Gb  list.o [1]
vListInsert             0x08000859    0x32  Code  Gb  list.o [1]
vListInsertEnd          0x08000841    0x18  Code  Gb  list.o [1]
vPortEnterCritical      0x0800095d    0x32  Code  Gb  port.o [1]
vPortExitCritical       0x0800098f    0x22  Code  Gb  port.o [1]
vPortFree               0x0800077f    0x46  Code  Gb  heap_4.o [1]
vPortStartFirstTask     0x08000a6f          Code  Gb  portasm.o [1]
vTaskDelay              0x080002a7    0x2a  Code  Gb  tasks.o [1]
vTaskStartScheduler     0x080002d7    0x56  Code  Gb  tasks.o [1]
vTaskSuspendAll         0x0800032d     0xc  Code  Gb  tasks.o [1]
vTaskSwitchContext      0x0800049f    0x56  Code  Gb  tasks.o [1]
xBlockAllocatedBit      0x20000024     0x4  Data  Lc  heap_4.o [1]
xDelayedTaskList1       0x2000789c    0x14  Data  Lc  tasks.o [1]
xDelayedTaskList2       0x200078b0    0x14  Data  Lc  tasks.o [1]
xFreeBytesRemaining     0x2000001c     0x4  Data  Lc  heap_4.o [1]
xIdleTaskHandle         0x200078c4     0x4  Data  Lc  tasks.o [1]
xMinimumEverFreeBytesRemaining
                        0x20000020     0x4  Data  Lc  heap_4.o [1]
xNextTaskUnblockTime    0x20007894     0x4  Data  Lc  tasks.o [1]
xNumOfOverflows         0x2000788c     0x4  Data  Lc  tasks.o [1]
xPendingReadyList       0x20007828    0x14  Data  Lc  tasks.o [1]
xPortStartScheduler     0x080008f9    0x64  Code  Gb  port.o [1]
xPortSysTickHandler     0x080009b1    0x26  Code  Gb  port.o [1]
xSchedulerRunning       0x20007880     0x4  Data  Lc  tasks.o [1]
xStart                  0x20000010     0x8  Data  Lc  heap_4.o [1]
xSuspendedTaskList      0x20007860    0x14  Data  Lc  tasks.o [1]
xTaskCreate             0x08000131    0x58  Code  Gb  tasks.o [1]
xTaskGetSchedulerState  0x0800058b    0x18  Code  Gb  tasks.o [1]
xTaskIncrementTick      0x080003dd    0xc2  Code  Gb  tasks.o [1]
xTaskResumeAll          0x08000339    0x9c  Code  Gb  tasks.o [1]
xTasksWaitingTermination
                        0x2000783c    0x14  Data  Lc  tasks.o [1]
xTickCount              0x20007878     0x4  Data  Lc  tasks.o [1]
xYieldPending           0x20007888     0x4  Data  Lc  tasks.o [1]


[1] = D:\development\st\stm32\src_code\cicilight_prj\cicilight_prj\EWARM\cicilight_prj\Obj
[2] = command line
[3] = dl7M_tlf.a
[4] = rt7M_tl.a
[5] = shb_l.a

  11 084 bytes of readonly  code memory
      64 bytes of readonly  data memory
  32 520 bytes of readwrite data memory

Errors: none
Warnings: none
