###############################################################################
#
# IAR ELF Linker V8.11.2.13589/W32 for ARM                25/Oct/2017  18:40:55
# Copyright 2007-2017 IAR Systems AB.
#
#    Output file  =  
#        D:\development\st\stm32\src_code\cicilight_prj\cicilight_prj\EWARM\cicilight_prj\Exe\cicilight_prj.out
#    Map file     =  
#        D:\development\st\stm32\src_code\cicilight_prj\cicilight_prj\EWARM\cicilight_prj\List\cicilight_prj.map
#    Command line =  
#        -f C:\Users\wkxbo\AppData\Local\Temp\EW3362.tmp
#        (D:\development\st\stm32\src_code\cicilight_prj\cicilight_prj\EWARM\cicilight_prj\Obj\adc.o
#        D:\development\st\stm32\src_code\cicilight_prj\cicilight_prj\EWARM\cicilight_prj\Obj\app_error.o
#        D:\development\st\stm32\src_code\cicilight_prj\cicilight_prj\EWARM\cicilight_prj\Obj\app_log.o
#        D:\development\st\stm32\src_code\cicilight_prj\cicilight_prj\EWARM\cicilight_prj\Obj\app_log_port.o
#        D:\development\st\stm32\src_code\cicilight_prj\cicilight_prj\EWARM\cicilight_prj\Obj\cmsis_os.o
#        D:\development\st\stm32\src_code\cicilight_prj\cicilight_prj\EWARM\cicilight_prj\Obj\croutine.o
#        D:\development\st\stm32\src_code\cicilight_prj\cicilight_prj\EWARM\cicilight_prj\Obj\dma.o
#        D:\development\st\stm32\src_code\cicilight_prj\cicilight_prj\EWARM\cicilight_prj\Obj\drv8711.o
#        D:\development\st\stm32\src_code\cicilight_prj\cicilight_prj\EWARM\cicilight_prj\Obj\event_groups.o
#        D:\development\st\stm32\src_code\cicilight_prj\cicilight_prj\EWARM\cicilight_prj\Obj\freertos.o
#        D:\development\st\stm32\src_code\cicilight_prj\cicilight_prj\EWARM\cicilight_prj\Obj\gpio.o
#        D:\development\st\stm32\src_code\cicilight_prj\cicilight_prj\EWARM\cicilight_prj\Obj\heap_4.o
#        D:\development\st\stm32\src_code\cicilight_prj\cicilight_prj\EWARM\cicilight_prj\Obj\io_check_task.o
#        D:\development\st\stm32\src_code\cicilight_prj\cicilight_prj\EWARM\cicilight_prj\Obj\JJDK_ZK_GZ1.o
#        D:\development\st\stm32\src_code\cicilight_prj\cicilight_prj\EWARM\cicilight_prj\Obj\list.o
#        D:\development\st\stm32\src_code\cicilight_prj\cicilight_prj\EWARM\cicilight_prj\Obj\main.o
#        D:\development\st\stm32\src_code\cicilight_prj\cicilight_prj\EWARM\cicilight_prj\Obj\mb.o
#        D:\development\st\stm32\src_code\cicilight_prj\cicilight_prj\EWARM\cicilight_prj\Obj\mb_reg.o
#        D:\development\st\stm32\src_code\cicilight_prj\cicilight_prj\EWARM\cicilight_prj\Obj\mbcrc.o
#        D:\development\st\stm32\src_code\cicilight_prj\cicilight_prj\EWARM\cicilight_prj\Obj\mbfunccoils.o
#        D:\development\st\stm32\src_code\cicilight_prj\cicilight_prj\EWARM\cicilight_prj\Obj\mbfuncdiag.o
#        D:\development\st\stm32\src_code\cicilight_prj\cicilight_prj\EWARM\cicilight_prj\Obj\mbfuncdisc.o
#        D:\development\st\stm32\src_code\cicilight_prj\cicilight_prj\EWARM\cicilight_prj\Obj\mbfuncholding.o
#        D:\development\st\stm32\src_code\cicilight_prj\cicilight_prj\EWARM\cicilight_prj\Obj\mbfuncinput.o
#        D:\development\st\stm32\src_code\cicilight_prj\cicilight_prj\EWARM\cicilight_prj\Obj\mbfuncother.o
#        D:\development\st\stm32\src_code\cicilight_prj\cicilight_prj\EWARM\cicilight_prj\Obj\mbrtu.o
#        D:\development\st\stm32\src_code\cicilight_prj\cicilight_prj\EWARM\cicilight_prj\Obj\mbutils.o
#        D:\development\st\stm32\src_code\cicilight_prj\cicilight_prj\EWARM\cicilight_prj\Obj\ntc_3950.o
#        D:\development\st\stm32\src_code\cicilight_prj\cicilight_prj\EWARM\cicilight_prj\Obj\port.o
#        D:\development\st\stm32\src_code\cicilight_prj\cicilight_prj\EWARM\cicilight_prj\Obj\portasm.o
#        D:\development\st\stm32\src_code\cicilight_prj\cicilight_prj\EWARM\cicilight_prj\Obj\portevent.o
#        D:\development\st\stm32\src_code\cicilight_prj\cicilight_prj\EWARM\cicilight_prj\Obj\portother.o
#        D:\development\st\stm32\src_code\cicilight_prj\cicilight_prj\EWARM\cicilight_prj\Obj\portserial.o
#        D:\development\st\stm32\src_code\cicilight_prj\cicilight_prj\EWARM\cicilight_prj\Obj\porttimer.o
#        D:\development\st\stm32\src_code\cicilight_prj\cicilight_prj\EWARM\cicilight_prj\Obj\queue.o
#        D:\development\st\stm32\src_code\cicilight_prj\cicilight_prj\EWARM\cicilight_prj\Obj\rgb_led.o
#        D:\development\st\stm32\src_code\cicilight_prj\cicilight_prj\EWARM\cicilight_prj\Obj\SEGGER_RTT.o
#        D:\development\st\stm32\src_code\cicilight_prj\cicilight_prj\EWARM\cicilight_prj\Obj\SEGGER_RTT_printf.o
#        D:\development\st\stm32\src_code\cicilight_prj\cicilight_prj\EWARM\cicilight_prj\Obj\SEGGER_RTT_Syscalls_IAR.o
#        D:\development\st\stm32\src_code\cicilight_prj\cicilight_prj\EWARM\cicilight_prj\Obj\spi.o
#        D:\development\st\stm32\src_code\cicilight_prj\cicilight_prj\EWARM\cicilight_prj\Obj\startup_stm32f103xe.o
#        D:\development\st\stm32\src_code\cicilight_prj\cicilight_prj\EWARM\cicilight_prj\Obj\stm32f1xx_hal.o
#        D:\development\st\stm32\src_code\cicilight_prj\cicilight_prj\EWARM\cicilight_prj\Obj\stm32f1xx_hal_adc.o
#        D:\development\st\stm32\src_code\cicilight_prj\cicilight_prj\EWARM\cicilight_prj\Obj\stm32f1xx_hal_adc_ex.o
#        D:\development\st\stm32\src_code\cicilight_prj\cicilight_prj\EWARM\cicilight_prj\Obj\stm32f1xx_hal_cortex.o
#        D:\development\st\stm32\src_code\cicilight_prj\cicilight_prj\EWARM\cicilight_prj\Obj\stm32f1xx_hal_dma.o
#        D:\development\st\stm32\src_code\cicilight_prj\cicilight_prj\EWARM\cicilight_prj\Obj\stm32f1xx_hal_flash.o
#        D:\development\st\stm32\src_code\cicilight_prj\cicilight_prj\EWARM\cicilight_prj\Obj\stm32f1xx_hal_flash_ex.o
#        D:\development\st\stm32\src_code\cicilight_prj\cicilight_prj\EWARM\cicilight_prj\Obj\stm32f1xx_hal_gpio.o
#        D:\development\st\stm32\src_code\cicilight_prj\cicilight_prj\EWARM\cicilight_prj\Obj\stm32f1xx_hal_gpio_ex.o
#        D:\development\st\stm32\src_code\cicilight_prj\cicilight_prj\EWARM\cicilight_prj\Obj\stm32f1xx_hal_msp.o
#        D:\development\st\stm32\src_code\cicilight_prj\cicilight_prj\EWARM\cicilight_prj\Obj\stm32f1xx_hal_pwr.o
#        D:\development\st\stm32\src_code\cicilight_prj\cicilight_prj\EWARM\cicilight_prj\Obj\stm32f1xx_hal_rcc.o
#        D:\development\st\stm32\src_code\cicilight_prj\cicilight_prj\EWARM\cicilight_prj\Obj\stm32f1xx_hal_rcc_ex.o
#        D:\development\st\stm32\src_code\cicilight_prj\cicilight_prj\EWARM\cicilight_prj\Obj\stm32f1xx_hal_spi.o
#        D:\development\st\stm32\src_code\cicilight_prj\cicilight_prj\EWARM\cicilight_prj\Obj\stm32f1xx_hal_spi_ex.o
#        D:\development\st\stm32\src_code\cicilight_prj\cicilight_prj\EWARM\cicilight_prj\Obj\stm32f1xx_hal_tim.o
#        D:\development\st\stm32\src_code\cicilight_prj\cicilight_prj\EWARM\cicilight_prj\Obj\stm32f1xx_hal_tim_ex.o
#        D:\development\st\stm32\src_code\cicilight_prj\cicilight_prj\EWARM\cicilight_prj\Obj\stm32f1xx_hal_uart.o
#        D:\development\st\stm32\src_code\cicilight_prj\cicilight_prj\EWARM\cicilight_prj\Obj\stm32f1xx_it.o
#        D:\development\st\stm32\src_code\cicilight_prj\cicilight_prj\EWARM\cicilight_prj\Obj\system_stm32f1xx.o
#        D:\development\st\stm32\src_code\cicilight_prj\cicilight_prj\EWARM\cicilight_prj\Obj\tasks.o
#        D:\development\st\stm32\src_code\cicilight_prj\cicilight_prj\EWARM\cicilight_prj\Obj\tim.o
#        D:\development\st\stm32\src_code\cicilight_prj\cicilight_prj\EWARM\cicilight_prj\Obj\timers.o
#        D:\development\st\stm32\src_code\cicilight_prj\cicilight_prj\EWARM\cicilight_prj\Obj\usart.o
#        D:\development\st\stm32\src_code\cicilight_prj\cicilight_prj\EWARM\cicilight_prj\Obj\user_tasks.o
#        --redirect _Printf=_PrintfFull --redirect _Scanf=_ScanfFull -o
#        D:\development\st\stm32\src_code\cicilight_prj\cicilight_prj\EWARM\cicilight_prj\Exe\cicilight_prj.out
#        --map
#        D:\development\st\stm32\src_code\cicilight_prj\cicilight_prj\EWARM\cicilight_prj\List\cicilight_prj.map
#        --config
#        D:\development\st\stm32\src_code\cicilight_prj\cicilight_prj\EWARM/stm32f103xe_flash.icf
#        --semihosting --entry __iar_program_start --vfe --text_out locale)
#
###############################################################################

*******************************************************************************
*** RUNTIME MODEL ATTRIBUTES
***

CppFlavor       = *
__SystemLibrary = DLib
__dlib_version  = 6


*******************************************************************************
*** HEAP SELECTION
***

The basic heap was selected because no calls to memory allocation
functions were found in the application outside of system library
functions, and there are calls to deallocation functions in the
application.


*******************************************************************************
*** PLACEMENT SUMMARY
***

"A0":  place at 0x08000000 { ro section .intvec };
"P1":  place in [from 0x08000000 to 0x0807ffff] { ro };
define block CSTACK with size = 1K, alignment = 8 { };
define block HEAP with size = 0M, alignment = 8 { };
"P2":  place in [from 0x20000000 to 0x2000ffff] {
          rw, block CSTACK, block HEAP };
initialize by copy { rw };

  Section            Kind        Address    Size  Object
  -------            ----        -------    ----  ------
"A0":                                      0x130
  .intvec            ro code  0x08000000   0x130  startup_stm32f103xe.o [1]
                            - 0x08000130   0x130

"P1":                                     0xe9b9
  .text              ro code  0x08000130  0x4a54  user_tasks.o [1]
  .text              ro code  0x08004b84    0xa6  ABImemcpy.o [4]
  .text              ro code  0x08004c2c   0x38c  cmsis_os.o [1]
  .text              ro code  0x08004fb8  0x16ac  mb_reg.o [1]
  .text              ro code  0x08006664   0x480  JJDK_ZK_GZ1.o [1]
  .text              ro code  0x08006ae4     0x4  app_log_port.o [1]
  .text              ro code  0x08006ae8   0x134  mb.o [1]
  .text              ro code  0x08006c1c    0x8c  rgb_led.o [1]
  .text              ro code  0x08006ca8   0x374  SEGGER_RTT_printf.o [1]
  .text              ro code  0x0800701c   0x3d8  stm32f1xx_hal_tim.o [1]
  .text              ro code  0x080073f4    0xbc  main.o [1]
  .text              ro code  0x080074b0     0x6  ABImemclr4.o [4]
  .text              ro code  0x080074b8   0x452  stm32f1xx_hal_adc.o [1]
  .text              ro code  0x0800790c   0x974  tasks.o [1]
  .text              ro code  0x08008280   0x378  timers.o [1]
  .text              ro code  0x080085f8   0x6d4  queue.o [1]
  .text              ro code  0x08008ccc   0x1a4  port.o [1]
  .text              ro code  0x08008e70   0x1e8  stm32f1xx_hal_gpio.o [1]
  .text              ro code  0x08009058   0x5c0  drv8711.o [1]
  .text              ro code  0x08009618   0x360  ntc_3950.o [1]
  .text              ro code  0x08009978   0x2c0  mbrtu.o [1]
  .text              ro code  0x08009c38   0x1f0  portevent.o [1]
  .text              ro code  0x08009e28   0x3fc  stm32f1xx_hal_spi.o [1]
  .text              ro code  0x0800a224   0x244  SEGGER_RTT.o [1]
  .text              ro code  0x0800a468   0x200  tim.o [1]
  .text              ro code  0x0800a668    0x24  stm32f1xx_hal.o [1]
  .text              ro code  0x0800a68c   0x198  gpio.o [1]
  .text              ro code  0x0800a824    0x40  dma.o [1]
  .text              ro code  0x0800a864   0x19c  spi.o [1]
  .text              ro code  0x0800aa00   0x19c  adc.o [1]
  .text              ro code  0x0800ab9c    0xf4  usart.o [1]
  .text              ro code  0x0800ac90    0x48  freertos.o [1]
  .text              ro code  0x0800acd8   0x4de  stm32f1xx_hal_rcc.o [1]
  .text              ro code  0x0800b1b8    0xe8  stm32f1xx_hal_rcc_ex.o [1]
  .text              ro code  0x0800b2a0    0xe0  stm32f1xx_hal_cortex.o [1]
  .text              ro code  0x0800b380    0x32  ABImemset48.o [4]
  .text              ro code  0x0800b3b4   0x33e  stm32f1xx_hal_dma.o [1]
  .text              ro code  0x0800b6f4     0xc  stm32f1xx_hal.o [1]
  .text              ro code  0x0800b700     0x2  stm32f1xx_hal_adc.o [1]
  .text              ro code  0x0800b702     0x2  stm32f1xx_hal_adc.o [1]
  .text              ro code  0x0800b704     0x2  stm32f1xx_hal_adc.o [1]
  .text              ro code  0x0800b708   0x1b8  heap_4.o [1]
  .text              ro code  0x0800b8c0    0x8e  list.o [1]
  CODE               ro code  0x0800b950    0x88  portasm.o [1]
  .text              ro code  0x0800b9d8    0x42  portother.o [1]
  .text              ro code  0x0800ba1c   0x298  portserial.o [1]
  .text              ro code  0x0800bcb4   0x1c8  porttimer.o [1]
  .text              ro code  0x0800be7c   0x230  mbcrc.o [1]
  .text              ro code  0x0800c0ac    0x24  ABIassert.o [5]
  .text              ro code  0x0800c0d0     0x2  stm32f1xx_hal_spi.o [1]
  .text              ro code  0x0800c0d2     0x2  stm32f1xx_hal_spi.o [1]
  .text              ro code  0x0800c0d4     0x2  stm32f1xx_hal_spi.o [1]
  .text              ro code  0x0800c0d8    0xa4  stm32f1xx_hal_tim_ex.o [1]
  .text              ro code  0x0800c17c    0x28  stm32f1xx_hal.o [1]
  .text              ro code  0x0800c1a4    0x8c  stm32f1xx_hal_msp.o [1]
  .text              ro code  0x0800c230    0x82  stm32f1xx_hal_spi_ex.o [1]
  .text              ro code  0x0800c2b4   0x160  stm32f1xx_hal_uart.o [1]
  .text              ro code  0x0800c414     0x2  freertos.o [1]
  .text              ro code  0x0800c416     0x6  abort.o [3]
  .text              ro code  0x0800c41c    0x14  exit.o [5]
  .text              ro code  0x0800c430  0x1370  io_check_task.o [1]
  .text              ro code  0x0800d7a0    0x4a  strcmp.o [4]
  .rodata            const    0x0800d7ec   0xe80  user_tasks.o [1]
  .text              ro code  0x0800e66c    0xde  mbfuncholding.o [1]
  .text              ro code  0x0800e74c    0x22  mbutils.o [1]
  .text              ro code  0x0800e76e    0x60  mbfuncinput.o [1]
  .text              ro code  0x0800e7d0    0x5c  system_stm32f1xx.o [1]
  .text              ro code  0x0800e82c    0x40  zero_init3.o [4]
  .text              ro code  0x0800e86c    0x38  packbits_init_single.o [4]
  .text              ro code  0x0800e8a4    0x34  stm32f1xx_it.o [1]
  .text              ro code  0x0800e8d8    0x10  stm32f1xx_hal.o [1]
  .text              ro code  0x0800e8e8    0x28  data_init.o [4]
  .iar.init_table    const    0x0800e910    0x20  - Linker created -
  .text              ro code  0x0800e930    0x1a  cmain.o [4]
  .text              ro code  0x0800e94a     0x4  low_level_init.o [3]
  .text              ro code  0x0800e94e     0x4  exit.o [3]
  .text              ro code  0x0800e954     0xa  cexit.o [4]
  .text              ro code  0x0800e960    0x10  startup_stm32f103xe.o [1]
  .rodata            const    0x0800e970     0xc  freertos.o [1]
  .text              ro code  0x0800e97c     0xc  cstartup_M.o [4]
  .rodata            const    0x0800e988     0x8  system_stm32f1xx.o [1]
  .text              ro code  0x0800e990     0x4  startup_stm32f103xe.o [1]
  .text              ro code  0x0800e994     0x4  startup_stm32f103xe.o [1]
  .text              ro code  0x0800e998     0x4  startup_stm32f103xe.o [1]
  .text              ro code  0x0800e99c     0x4  startup_stm32f103xe.o [1]
  .text              ro code  0x0800e9a0     0x4  startup_stm32f103xe.o [1]
  .text              ro code  0x0800e9a4     0x4  startup_stm32f103xe.o [1]
  .text              ro code  0x0800e9a8     0x4  startup_stm32f103xe.o [1]
  .text              ro code  0x0800e9ac     0x4  startup_stm32f103xe.o [1]
  .text              ro code  0x0800e9b0     0x4  startup_stm32f103xe.o [1]
  .text              ro code  0x0800e9b4     0x4  startup_stm32f103xe.o [1]
  .text              ro code  0x0800e9b8     0x4  startup_stm32f103xe.o [1]
  .text              ro code  0x0800e9bc     0x4  startup_stm32f103xe.o [1]
  .text              ro code  0x0800e9c0     0x4  startup_stm32f103xe.o [1]
  .text              ro code  0x0800e9c4     0x4  startup_stm32f103xe.o [1]
  .text              ro code  0x0800e9c8     0x4  startup_stm32f103xe.o [1]
  .text              ro code  0x0800e9cc     0x4  startup_stm32f103xe.o [1]
  .text              ro code  0x0800e9d0     0x4  startup_stm32f103xe.o [1]
  .text              ro code  0x0800e9d4     0x4  startup_stm32f103xe.o [1]
  .text              ro code  0x0800e9d8     0x4  startup_stm32f103xe.o [1]
  .text              ro code  0x0800e9dc     0x4  startup_stm32f103xe.o [1]
  .text              ro code  0x0800e9e0     0x4  startup_stm32f103xe.o [1]
  .text              ro code  0x0800e9e4     0x4  startup_stm32f103xe.o [1]
  .text              ro code  0x0800e9e8     0x4  startup_stm32f103xe.o [1]
  .text              ro code  0x0800e9ec     0x4  startup_stm32f103xe.o [1]
  .text              ro code  0x0800e9f0     0x4  startup_stm32f103xe.o [1]
  .text              ro code  0x0800e9f4     0x4  startup_stm32f103xe.o [1]
  .text              ro code  0x0800e9f8     0x4  startup_stm32f103xe.o [1]
  .text              ro code  0x0800e9fc     0x4  startup_stm32f103xe.o [1]
  .text              ro code  0x0800ea00     0x4  startup_stm32f103xe.o [1]
  .text              ro code  0x0800ea04     0x4  startup_stm32f103xe.o [1]
  .text              ro code  0x0800ea08     0x4  startup_stm32f103xe.o [1]
  .text              ro code  0x0800ea0c     0x4  startup_stm32f103xe.o [1]
  .text              ro code  0x0800ea10     0x4  startup_stm32f103xe.o [1]
  .text              ro code  0x0800ea14     0x4  startup_stm32f103xe.o [1]
  .text              ro code  0x0800ea18     0x4  startup_stm32f103xe.o [1]
  .text              ro code  0x0800ea1c     0x4  startup_stm32f103xe.o [1]
  .text              ro code  0x0800ea20     0x4  startup_stm32f103xe.o [1]
  .text              ro code  0x0800ea24     0x4  startup_stm32f103xe.o [1]
  .text              ro code  0x0800ea28     0x4  startup_stm32f103xe.o [1]
  .text              ro code  0x0800ea2c     0x4  startup_stm32f103xe.o [1]
  .text              ro code  0x0800ea30     0x4  startup_stm32f103xe.o [1]
  .text              ro code  0x0800ea34     0x4  startup_stm32f103xe.o [1]
  .text              ro code  0x0800ea38     0x4  startup_stm32f103xe.o [1]
  .text              ro code  0x0800ea3c     0x4  startup_stm32f103xe.o [1]
  .text              ro code  0x0800ea40     0x4  startup_stm32f103xe.o [1]
  .text              ro code  0x0800ea44     0x4  startup_stm32f103xe.o [1]
  .text              ro code  0x0800ea48     0x4  startup_stm32f103xe.o [1]
  .text              ro code  0x0800ea4c     0x4  startup_stm32f103xe.o [1]
  .text              ro code  0x0800ea50     0x4  startup_stm32f103xe.o [1]
  .text              ro code  0x0800ea54     0x4  startup_stm32f103xe.o [1]
  .text              ro code  0x0800ea58     0x4  startup_stm32f103xe.o [1]
  .text              ro code  0x0800ea5c     0x4  startup_stm32f103xe.o [1]
  .text              ro code  0x0800ea60     0x4  startup_stm32f103xe.o [1]
  .text              ro code  0x0800ea64     0x4  startup_stm32f103xe.o [1]
  .text              ro code  0x0800ea68     0x4  startup_stm32f103xe.o [1]
  .text              ro code  0x0800ea6c     0x4  startup_stm32f103xe.o [1]
  .text              ro code  0x0800ea70     0x4  startup_stm32f103xe.o [1]
  .rodata            const    0x0800ea74     0x0  zero_init3.o [4]
  .rodata            const    0x0800ea74     0x0  packbits_init_single.o [4]
  Initializer bytes  const    0x0800ea74    0x75  <for P2-1>
                            - 0x0800eae9  0xe9b9

"P2", part 1 of 3:                          0xb2
  P2-1                        0x20000000    0xb2  <Init block>
    .data            inited   0x20000000    0x4c  mb.o [1]
    .data            inited   0x2000004c    0x30  mb_reg.o [1]
    .data            inited   0x2000007c     0xc  mb_reg.o [1]
    .data            inited   0x20000088     0xc  port.o [1]
    .data            inited   0x20000094     0x4  portserial.o [1]
    .data            inited   0x20000098     0x4  system_stm32f1xx.o [1]
    .data            inited   0x2000009c    0x16  user_tasks.o [1]
                            - 0x200000b2    0xb2

"P2", part 2 of 3:                        0x8f58
  .bss               zero     0x200000b4  0x7818  heap_4.o [1]
  .bss               zero     0x200078cc   0x8b8  SEGGER_RTT.o [1]
  .bss               zero     0x20008184   0x840  rgb_led.o [1]
  .bss               zero     0x200089c4   0x100  mbrtu.o [1]
  .bss               zero     0x20008ac4    0xa0  tasks.o [1]
  .bss               zero     0x20008b64    0x8c  tasks.o [1]
  .bss               zero     0x20008bf0    0x6c  user_tasks.o [1]
  .bss               zero     0x20008c5c    0x5c  drv8711.o [1]
  .bss               zero     0x20008cb8    0x58  spi.o [1]
  .bss               zero     0x20008d10    0x58  spi.o [1]
  .bss               zero     0x20008d68    0x44  adc.o [1]
  .bss               zero     0x20008dac    0x44  drv8711.o [1]
  .bss               zero     0x20008df0    0x44  spi.o [1]
  .bss               zero     0x20008e34    0x40  queue.o [1]
  .bss               zero     0x20008e74    0x40  tim.o [1]
  .bss               zero     0x20008eb4    0x40  tim.o [1]
  .bss               zero     0x20008ef4    0x40  usart.o [1]
  .bss               zero     0x20008f34    0x3c  timers.o [1]
  .bss               zero     0x20008f70    0x34  user_tasks.o [1]
  .bss               zero     0x20008fa4    0x30  adc.o [1]
  .bss               zero     0x20008fd4    0x1c  mb_reg.o [1]
  .bss               zero     0x20008ff0     0xc  mbrtu.o [1]
  .bss               zero     0x20008ffc     0x8  portevent.o [1]
  .bss               zero     0x20009004     0x4  freertos.o [1]
  .bss               zero     0x20009008     0x4  stm32f1xx_hal.o [1]
                            - 0x2000900c  0x8f58

"P2", part 3 of 3:                         0x400
  CSTACK                      0x20009010   0x400  <Block>
    CSTACK           uninit   0x20009010   0x400  <Block tail>
                            - 0x20009410   0x400


*******************************************************************************
*** INIT TABLE
***

          Address     Size
          -------     ----
Zero (__iar_zero_init3)
    1 destination range, total size 0x8f58:
          0x200000b4  0x8f58

Copy/packbits (__iar_packbits_init_single3)
    1 source range, total size 0x75 (65% of destination):
          0x0800ea74    0x75
    1 destination range, total size 0xb2:
          0x20000000    0xb2



*******************************************************************************
*** MODULE SUMMARY
***

    Module                  ro code  ro data  rw data
    ------                  -------  -------  -------
D:\development\st\stm32\src_code\cicilight_prj\cicilight_prj\EWARM\cicilight_prj\Obj: [1]
    JJDK_ZK_GZ1.o             1 152
    SEGGER_RTT.o                580             2 232
    SEGGER_RTT_printf.o         884
    adc.o                       412               116
    app_log_port.o                4
    cmsis_os.o                  908
    dma.o                        64
    drv8711.o                 1 472               160
    freertos.o                   74       12        4
    gpio.o                      408
    heap_4.o                    440            30 744
    io_check_task.o           4 976
    list.o                      142
    main.o                      188
    mb.o                        308       49       76
    mb_reg.o                  5 804       40       88
    mbcrc.o                     560
    mbfuncholding.o             222
    mbfuncinput.o                96
    mbrtu.o                     704               268
    mbutils.o                    34
    ntc_3950.o                  864
    port.o                      420        8       12
    portasm.o                   136
    portevent.o                 496                 8
    portother.o                  66
    portserial.o                664        2        4
    porttimer.o                 456
    queue.o                   1 748                64
    rgb_led.o                   140             2 112
    spi.o                       412               244
    startup_stm32f103xe.o       548
    stm32f1xx_hal.o             104                 4
    stm32f1xx_hal_adc.o       1 112
    stm32f1xx_hal_cortex.o      224
    stm32f1xx_hal_dma.o         830
    stm32f1xx_hal_gpio.o        488
    stm32f1xx_hal_msp.o         140
    stm32f1xx_hal_rcc.o       1 246
    stm32f1xx_hal_rcc_ex.o      232
    stm32f1xx_hal_spi.o       1 026
    stm32f1xx_hal_spi_ex.o      130
    stm32f1xx_hal_tim.o         984
    stm32f1xx_hal_tim_ex.o      164
    stm32f1xx_hal_uart.o        352
    stm32f1xx_it.o               52
    system_stm32f1xx.o           92       11        4
    tasks.o                   2 420               300
    tim.o                       512               128
    timers.o                    888                60
    usart.o                     244                64
    user_tasks.o             19 028    3 727      182
    -------------------------------------------------
    Total:                   55 650    3 849   36 874

command line: [2]
    -------------------------------------------------
    Total:

dl7M_tlf.a: [3]
    abort.o                       6
    exit.o                        4
    low_level_init.o              4
    -------------------------------------------------
    Total:                       14

rt7M_tl.a: [4]
    ABImemclr4.o                  6
    ABImemcpy.o                 166
    ABImemset48.o                50
    cexit.o                      10
    cmain.o                      26
    cstartup_M.o                 12
    data_init.o                  40
    packbits_init_single.o       56
    strcmp.o                     74
    zero_init3.o                 64
    -------------------------------------------------
    Total:                      504

shb_l.a: [5]
    ABIassert.o                  36
    exit.o                       20
    -------------------------------------------------
    Total:                       56

    Gaps                         30        2
    Linker created                        32    1 024
-----------------------------------------------------
    Grand Total:             56 254    3 883   37 898


*******************************************************************************
*** ENTRY LIST
***

Entry                      Address    Size  Type      Object
-----                      -------    ----  ----      ------
.iar.init_table$$Base   0x0800e910           --   Gb  - Linker created -
.iar.init_table$$Limit  0x0800e930           --   Gb  - Linker created -
?main                   0x0800e931          Code  Gb  cmain.o [4]
ADC_ConversionStop_Disable
                        0x08007861    0x44  Code  Gb  stm32f1xx_hal_adc.o [1]
ADC_DMAConvCplt         0x080078a5    0x48  Code  Gb  stm32f1xx_hal_adc.o [1]
ADC_DMAError            0x080078f5    0x16  Code  Gb  stm32f1xx_hal_adc.o [1]
ADC_DMAHalfConvCplt     0x080078ed     0x6  Code  Gb  stm32f1xx_hal_adc.o [1]
ADC_Enable              0x080077cd    0x6a  Code  Gb  stm32f1xx_hal_adc.o [1]
AHBPrescTable           0x0800e81c    0x10  Data  Gb  system_stm32f1xx.o [1]
APBPrescTable           0x0800e988     0x8  Data  Gb  system_stm32f1xx.o [1]
APP_TIMESTAMP           0x08006ae5     0x4  Code  Gb  app_log_port.o [1]
BSP_column_step_motor_init
                        0x0800668d    0x50  Code  Gb  JJDK_ZK_GZ1.o [1]
BSP_column_step_motor_pwr_dwn
                        0x0800691f    0x1a  Code  Gb  JJDK_ZK_GZ1.o [1]
BSP_column_step_motor_pwr_on_negative
                        0x08006995    0x1e  Code  Gb  JJDK_ZK_GZ1.o [1]
BSP_column_step_motor_pwr_on_positive
                        0x08006939    0x1e  Code  Gb  JJDK_ZK_GZ1.o [1]
BSP_compressor_pwr_dwn  0x080068ad     0x6  Code  Gb  JJDK_ZK_GZ1.o [1]
BSP_compressor_pwr_on   0x080068a7     0x6  Code  Gb  JJDK_ZK_GZ1.o [1]
BSP_environment_lamp_pwr_dwn
                        0x0800689b     0x2  Code  Gb  JJDK_ZK_GZ1.o [1]
BSP_environment_lamp_pwr_on
                        0x08006897     0x4  Code  Gb  JJDK_ZK_GZ1.o [1]
BSP_get_column_pos_sensor_state
                        0x08006791     0x2  Code  Gb  JJDK_ZK_GZ1.o [1]
BSP_get_row_pos_sensor_state
                        0x0800678d     0x4  Code  Gb  JJDK_ZK_GZ1.o [1]
BSP_get_temperature     0x080068bf     0x4  Code  Gb  JJDK_ZK_GZ1.o [1]
BSP_is_column_step_motor_fault
                        0x0800673d    0x32  Code  Gb  JJDK_ZK_GZ1.o [1]
BSP_is_column_step_motor_in_rst_pos
                        0x080066eb     0x8  Code  Gb  JJDK_ZK_GZ1.o [1]
BSP_is_cup_in_slot_pos  0x08006799     0x8  Code  Gb  JJDK_ZK_GZ1.o [1]
BSP_is_cup_press_ok     0x080066f3     0x6  Code  Gb  JJDK_ZK_GZ1.o [1]
BSP_is_cup_presser_in_bot_pos
                        0x08006705     0x8  Code  Gb  JJDK_ZK_GZ1.o [1]
BSP_is_cup_presser_in_top_pos
                        0x0800670d     0x8  Code  Gb  JJDK_ZK_GZ1.o [1]
BSP_is_ms_10_in_tar_pos
                        0x08006735     0x8  Code  Gb  JJDK_ZK_GZ1.o [1]
BSP_is_ms_7_in_tar_pos  0x0800671d     0x8  Code  Gb  JJDK_ZK_GZ1.o [1]
BSP_is_ms_8_in_tar_pos  0x08006725     0x8  Code  Gb  JJDK_ZK_GZ1.o [1]
BSP_is_ms_9_in_tar_pos  0x0800672d     0x8  Code  Gb  JJDK_ZK_GZ1.o [1]
BSP_is_oh_door_clamp_hand
                        0x08006715     0x8  Code  Gb  JJDK_ZK_GZ1.o [1]
BSP_is_oh_door_hand_detected
                        0x0800676f     0xa  Code  Gb  JJDK_ZK_GZ1.o [1]
BSP_is_oh_door_in_bot_pos
                        0x08006779     0xa  Code  Gb  JJDK_ZK_GZ1.o [1]
BSP_is_oh_door_in_top_pos
                        0x08006783     0xa  Code  Gb  JJDK_ZK_GZ1.o [1]
BSP_is_row_step_motor_in_rst_pos
                        0x080066e3     0x8  Code  Gb  JJDK_ZK_GZ1.o [1]
BSP_juicing_motor_pwr_dwn
                        0x080068b9     0x6  Code  Gb  JJDK_ZK_GZ1.o [1]
BSP_juicing_motor_pwr_on
                        0x080068b3     0x6  Code  Gb  JJDK_ZK_GZ1.o [1]
BSP_oh_door_motor_pwr_dwn
                        0x08006865    0x20  Code  Gb  JJDK_ZK_GZ1.o [1]
BSP_oh_door_motor_pwr_on_negative
                        0x0800683f    0x26  Code  Gb  JJDK_ZK_GZ1.o [1]
BSP_oh_door_motor_pwr_on_positive
                        0x08006801    0x30  Code  Gb  JJDK_ZK_GZ1.o [1]
BSP_press_motor_pwr_dwn
                        0x080067e1     0xe  Code  Gb  JJDK_ZK_GZ1.o [1]
BSP_press_motor_pwr_on_negative
                        0x080067cd    0x14  Code  Gb  JJDK_ZK_GZ1.o [1]
BSP_press_motor_pwr_on_positive
                        0x080067af    0x1e  Code  Gb  JJDK_ZK_GZ1.o [1]
BSP_row_step_motor_init
                        0x08006665    0x28  Code  Gb  JJDK_ZK_GZ1.o [1]
BSP_row_step_motor_pwr_dwn
                        0x080068c3    0x1a  Code  Gb  JJDK_ZK_GZ1.o [1]
BSP_row_step_motor_pwr_on_negative
                        0x080068f7     0xc  Code  Gb  JJDK_ZK_GZ1.o [1]
BSP_row_step_motor_pwr_on_positive
                        0x080068dd     0xe  Code  Gb  JJDK_ZK_GZ1.o [1]
BSP_running_led_turn_off
                        0x080067a5     0x2  Code  Gb  JJDK_ZK_GZ1.o [1]
BSP_running_led_turn_on
                        0x080067a1     0x4  Code  Gb  JJDK_ZK_GZ1.o [1]
BusFault_Handler        0x0800e8ab     0x2  Code  Gb  stm32f1xx_it.o [1]
CSTACK$$Base            0x20009010           --   Gb  - Linker created -
CSTACK$$Limit           0x20009410           --   Gb  - Linker created -
DMA1_Channel1_IRQHandler
                        0x0800e8bf     0x6  Code  Gb  stm32f1xx_it.o [1]
DMA1_Channel3_IRQHandler
                        0x0800e8c5     0x6  Code  Gb  stm32f1xx_it.o [1]
DMA_SetConfig           0x0800b6d1    0x22  Code  Lc  stm32f1xx_hal_dma.o [1]
DebugMon_Handler        0x0800e8af     0x2  Code  Gb  stm32f1xx_it.o [1]
G_BLANK_REG             0x20008ca0     0xc  Data  Gb  drv8711.o [1]
G_CTRL_REG              0x20008dd0    0x20  Data  Gb  drv8711.o [1]
G_DECAY_REG             0x20008cac     0xc  Data  Gb  drv8711.o [1]
G_DRIVE_REG             0x20008c5c    0x1c  Data  Gb  drv8711.o [1]
G_OFF_REG               0x20008c94     0xc  Data  Gb  drv8711.o [1]
G_STALL_REG             0x20008c78    0x10  Data  Gb  drv8711.o [1]
G_STATUS_REG            0x20008dac    0x24  Data  Gb  drv8711.o [1]
G_TORQUE_REG            0x20008c88     0xc  Data  Gb  drv8711.o [1]
HAL_ADC_ConfigChannel   0x080076d1    0xe4  Code  Gb  stm32f1xx_hal_adc.o [1]
HAL_ADC_Init            0x080074b9   0x110  Code  Gb  stm32f1xx_hal_adc.o [1]
HAL_ADC_MspInit         0x0800aaa5    0x8e  Code  Gb  adc.o [1]
HAL_ADC_Start_DMA       0x080075d1   0x100  Code  Gb  stm32f1xx_hal_adc.o [1]
HAL_DMA_IRQHandler      0x0800b4af   0x1dc  Code  Gb  stm32f1xx_hal_dma.o [1]
HAL_DMA_Init            0x0800b3b5    0x78  Code  Gb  stm32f1xx_hal_dma.o [1]
HAL_DMA_Start_IT        0x0800b43b    0x74  Code  Gb  stm32f1xx_hal_dma.o [1]
HAL_GPIO_Init           0x08008e71   0x192  Code  Gb  stm32f1xx_hal_gpio.o [1]
HAL_GPIO_ReadPin        0x08009003     0xc  Code  Gb  stm32f1xx_hal_gpio.o [1]
HAL_GPIO_WritePin       0x0800900f     0xc  Code  Gb  stm32f1xx_hal_gpio.o [1]
HAL_GetTick             0x0800b6f5     0xc  Code  Wk  stm32f1xx_hal.o [1]
HAL_IncTick             0x0800e8d9    0x10  Code  Wk  stm32f1xx_hal.o [1]
HAL_Init                0x0800a669    0x20  Code  Gb  stm32f1xx_hal.o [1]
HAL_InitTick            0x0800c17d    0x28  Code  Wk  stm32f1xx_hal.o [1]
HAL_MspInit             0x0800c1a5    0x8c  Code  Gb  stm32f1xx_hal_msp.o [1]
HAL_NVIC_EnableIRQ      0x0800b313     0xa  Code  Gb  stm32f1xx_hal_cortex.o [1]
HAL_NVIC_SetPriority    0x0800b2d9    0x3a  Code  Gb  stm32f1xx_hal_cortex.o [1]
HAL_NVIC_SetPriorityGrouping
                        0x0800b2bf    0x1a  Code  Gb  stm32f1xx_hal_cortex.o [1]
HAL_RCCEx_PeriphCLKConfig
                        0x0800b1b9    0xdc  Code  Gb  stm32f1xx_hal_rcc_ex.o [1]
HAL_RCC_ClockConfig     0x0800afed   0x108  Code  Gb  stm32f1xx_hal_rcc.o [1]
HAL_RCC_GetHCLKFreq     0x0800b14d     0x6  Code  Gb  stm32f1xx_hal_rcc.o [1]
HAL_RCC_GetPCLK1Freq    0x0800b153    0x10  Code  Gb  stm32f1xx_hal_rcc.o [1]
HAL_RCC_GetPCLK2Freq    0x0800b163     0xe  Code  Gb  stm32f1xx_hal_rcc.o [1]
HAL_RCC_GetSysClockFreq
                        0x0800b113    0x3a  Code  Gb  stm32f1xx_hal_rcc.o [1]
HAL_RCC_GetSysClockFreq::aPLLMULFactorTable
                        0x0800b1a4    0x10  Data  Lc  stm32f1xx_hal_rcc.o [1]
HAL_RCC_GetSysClockFreq::aPredivFactorTable
                        0x0800b1b4     0x2  Data  Lc  stm32f1xx_hal_rcc.o [1]
HAL_RCC_OscConfig       0x0800acd9   0x30c  Code  Gb  stm32f1xx_hal_rcc.o [1]
HAL_SPI_Init            0x0800c231    0x82  Code  Gb  stm32f1xx_hal_spi_ex.o [1]
HAL_SPI_MspInit         0x0800a8e1    0xa4  Code  Gb  spi.o [1]
HAL_SPI_TransmitReceive
                        0x08009e29   0x1aa  Code  Gb  stm32f1xx_hal_spi.o [1]
HAL_SPI_Transmit_DMA    0x0800a003    0x74  Code  Gb  stm32f1xx_hal_spi.o [1]
HAL_SYSTICK_CLKSourceConfig
                        0x0800b34f    0x1a  Code  Gb  stm32f1xx_hal_cortex.o [1]
HAL_SYSTICK_Config      0x0800b327    0x28  Code  Gb  stm32f1xx_hal_cortex.o [1]
HAL_TIMEx_ConfigBreakDeadTime
                        0x0800c0d9    0x5a  Code  Gb  stm32f1xx_hal_tim_ex.o [1]
HAL_TIMEx_MasterConfigSynchronization
                        0x0800c133    0x4a  Code  Gb  stm32f1xx_hal_tim_ex.o [1]
HAL_TIM_MspPostInit     0x0800a5cf    0x38  Code  Gb  tim.o [1]
HAL_TIM_PWM_ConfigChannel
                        0x08007111    0xc0  Code  Gb  stm32f1xx_hal_tim.o [1]
HAL_TIM_PWM_Init        0x08007047    0x1a  Code  Gb  stm32f1xx_hal_tim.o [1]
HAL_TIM_PWM_MspInit     0x0800a595    0x3a  Code  Gb  tim.o [1]
HAL_TIM_PWM_Start       0x08007061    0x18  Code  Gb  stm32f1xx_hal_tim.o [1]
HAL_TIM_PWM_Stop        0x08007081    0x38  Code  Gb  stm32f1xx_hal_tim.o [1]
HAL_UART_Init           0x0800c2b5    0x1e  Code  Gb  stm32f1xx_hal_uart.o [1]
HAL_UART_MspInit        0x0800abd3    0x62  Code  Gb  usart.o [1]
HardFault_Handler       0x0800e8a7     0x2  Code  Gb  stm32f1xx_it.o [1]
MX_ADC1_Init            0x0800aa01    0x92  Code  Gb  adc.o [1]
MX_DMA_Init             0x0800a825    0x40  Code  Gb  dma.o [1]
MX_FREERTOS_Init        0x0800ac91    0x20  Code  Gb  freertos.o [1]
MX_GPIO_Init            0x0800a68d   0x158  Code  Gb  gpio.o [1]
MX_SPI1_Init            0x0800a865    0x2c  Code  Gb  spi.o [1]
MX_SPI2_Init            0x0800a891    0x28  Code  Gb  spi.o [1]
MX_TIM2_Init            0x0800a469    0x72  Code  Gb  tim.o [1]
MX_TIM8_Init            0x0800a4e3    0x9e  Code  Gb  tim.o [1]
MX_USART3_UART_Init     0x0800ab9d    0x36  Code  Gb  usart.o [1]
MemManage_Handler       0x0800e8a9     0x2  Code  Gb  stm32f1xx_it.o [1]
NMI_Handler             0x0800e8a5     0x2  Code  Gb  stm32f1xx_it.o [1]
NVIC_SetPriority        0x0800b2a1    0x1e  Code  Lc  stm32f1xx_hal_cortex.o [1]
PendSV_Handler          0x0800b951          Code  Gb  portasm.o [1]
RGB_LED_BUFF            0x20008184   0x840  Data  Lc  rgb_led.o [1]
ReadAllRegisters        0x0800917b   0x1b2  Code  Gb  drv8711.o [1]
Region$$Table$$Base     0x0800e910           --   Gb  - Linker created -
Region$$Table$$Limit    0x0800e930           --   Gb  - Linker created -
SEGGER_RTT_HasData      0x0800a431    0x14  Code  Gb  SEGGER_RTT.o [1]
SEGGER_RTT_Read         0x0800a393    0x16  Code  Gb  SEGGER_RTT.o [1]
SEGGER_RTT_ReadNoLock   0x0800a31f    0x74  Code  Gb  SEGGER_RTT.o [1]
SEGGER_RTT_Write        0x0800a401    0x2c  Code  Gb  SEGGER_RTT.o [1]
SEGGER_RTT_WriteNoLock  0x0800a3a9    0x58  Code  Gb  SEGGER_RTT.o [1]
SEGGER_RTT_printf       0x08006ff9    0x14  Code  Gb  SEGGER_RTT_printf.o [1]
SEGGER_RTT_vprintf      0x08006e79   0x16e  Code  Gb  SEGGER_RTT_printf.o [1]
SLAVE_MB_timer_expired_callback
                        0x0800bd1f    0x1e  Code  Gb  porttimer.o [1]
SLAVE_MB_timer_hdl      0x20008c50     0x4  Data  Gb  user_tasks.o [1]
SLAVE_MODBUS_USARTIRQHandler
                        0x0800bac1    0x36  Code  Gb  portserial.o [1]
SPI_CheckFlag_BSY       0x0800a1dd    0x1c  Code  Lc  stm32f1xx_hal_spi.o [1]
SPI_DMAError            0x0800a131    0x1e  Code  Lc  stm32f1xx_hal_spi.o [1]
SPI_DMAHalfTransmitCplt
                        0x0800a129     0x6  Code  Lc  stm32f1xx_hal_spi.o [1]
SPI_DMATransmitCplt     0x0800a0c9    0x3e  Code  Lc  stm32f1xx_hal_spi.o [1]
SPI_DRV8711_ReadWrite   0x0800940d    0x44  Code  Gb  drv8711.o [1]
SPI_WaitFlagStateUntilTimeout
                        0x0800a151    0x8c  Code  Lc  stm32f1xx_hal_spi.o [1]
SVC_Handler             0x0800b997          Code  Gb  portasm.o [1]
StartDefaultTask        0x0800acb5    0x10  Code  Gb  freertos.o [1]
SysTick_Handler         0x0800e8b1     0xe  Code  Gb  stm32f1xx_it.o [1]
SystemClock_Config      0x08007429    0x86  Code  Gb  main.o [1]
SystemCoreClock         0x20000098     0x4  Data  Gb  system_stm32f1xx.o [1]
SystemInit              0x0800e7d1    0x3a  Code  Gb  system_stm32f1xx.o [1]
TIM_Base_SetConfig      0x080071f9    0x74  Code  Gb  stm32f1xx_hal_tim.o [1]
TIM_CCxChannelCmd       0x080073dd    0x12  Code  Gb  stm32f1xx_hal_tim.o [1]
TIM_OC1_SetConfig       0x0800726d    0x52  Code  Lc  stm32f1xx_hal_tim.o [1]
TIM_OC2_SetConfig       0x080072bf    0x60  Code  Gb  stm32f1xx_hal_tim.o [1]
TIM_OC3_SetConfig       0x0800731f    0x58  Code  Lc  stm32f1xx_hal_tim.o [1]
TIM_OC4_SetConfig       0x08007383    0x46  Code  Lc  stm32f1xx_hal_tim.o [1]
UART_SetConfig          0x0800c32d    0xde  Code  Lc  stm32f1xx_hal_uart.o [1]
USART3_IRQHandler       0x0800e8d5     0x4  Code  Gb  stm32f1xx_it.o [1]
UsageFault_Handler      0x0800e8ad     0x2  Code  Gb  stm32f1xx_it.o [1]
WriteAllRegisters       0x0800933d    0xd0  Code  Gb  drv8711.o [1]
_DoInit                 0x0800a225    0x52  Code  Lc  SEGGER_RTT.o [1]
_Error_Handler          0x080074af     0x2  Code  Gb  main.o [1]
_GetAvailWriteSpace     0x0800a305    0x1a  Code  Lc  SEGGER_RTT.o [1]
_PrintInt               0x08006db1    0xc8  Code  Lc  SEGGER_RTT_printf.o [1]
_PrintUnsigned          0x08006ce7    0xca  Code  Lc  SEGGER_RTT_printf.o [1]
_PrintUnsigned::_aV2C   0x0800700c    0x10  Data  Lc  SEGGER_RTT_printf.o [1]
_SEGGER_RTT             0x200078cc    0xa8  Data  Gb  SEGGER_RTT.o [1]
_StoreChar              0x08006ca9    0x3e  Code  Lc  SEGGER_RTT_printf.o [1]
_WriteBlocking          0x0800a277    0x54  Code  Lc  SEGGER_RTT.o [1]
_WriteNoCheck           0x0800a2cb    0x3a  Code  Lc  SEGGER_RTT.o [1]
__aeabi_assert          0x0800c0ad    0x24  Code  Gb  ABIassert.o [5]
__aeabi_memclr4         0x080074b1          Code  Gb  ABImemclr4.o [4]
__aeabi_memcpy          0x08004b85          Code  Gb  ABImemcpy.o [4]
__aeabi_memcpy4         0x08004ba5          Code  Gb  ABImemcpy.o [4]
__aeabi_memcpy8         0x08004ba5          Code  Gb  ABImemcpy.o [4]
__cmain                 0x0800e931          Code  Gb  cmain.o [4]
__exit                  0x0800c41d    0x14  Code  Gb  exit.o [5]
__iar_Memset4_word      0x0800b381          Code  Gb  ABImemset48.o [4]
__iar_Memset8_word      0x0800b381          Code  Gb  ABImemset48.o [4]
__iar_data_init3        0x0800e8e9    0x28  Code  Gb  data_init.o [4]
__iar_packbits_init_single3
                        0x0800e86d    0x38  Code  Gb  packbits_init_single.o [4]
__iar_program_start     0x0800e97d          Code  Gb  cstartup_M.o [4]
__iar_systems$$module {Abs}
                        0x00000001          Data  Gb  command line/config [2]
__iar_zero_init3        0x0800e82d    0x40  Code  Gb  zero_init3.o [4]
__low_level_init        0x0800e94b     0x4  Code  Gb  low_level_init.o [3]
__vector_table          0x08000000          Data  Gb  startup_stm32f103xe.o [1]
_acDownBuffer           0x20008174    0x10  Data  Lc  SEGGER_RTT.o [1]
_acUpBuffer             0x20007974   0x800  Data  Lc  SEGGER_RTT.o [1]
_call_main              0x0800e93d          Code  Gb  cmain.o [4]
_exit                   0x0800e955          Code  Gb  cexit.o [4]
_main                   0x0800e947          Code  Gb  cmain.o [4]
abort                   0x0800c417     0x6  Code  Gb  abort.o [3]
adc_average             0x20008bfc     0xc  Data  Gb  user_tasks.o [1]
adc_msg_queue_hdl       0x20008c30     0x4  Data  Gb  user_tasks.o [1]
adc_process_sample_average
                        0x08002c45    0xb8  Code  Lc  user_tasks.o [1]
adc_result              0x20008c08     0xc  Data  Gb  user_tasks.o [1]
adc_sample              0x20008c14     0xc  Data  Gb  user_tasks.o [1]
adc_task                0x08002eb1    0xa6  Code  Lc  user_tasks.o [1]
adc_task_hdl            0x20008f70     0x4  Data  Gb  user_tasks.o [1]
app_create_user_tasks   0x08000131   0x148  Code  Gb  user_tasks.o [1]
arxEventHdls            0x20009000     0x4  Data  Lc  portevent.o [1]
aucCRCHi                0x0800beac   0x100  Data  Lc  mbcrc.o [1]
aucCRCLo                0x0800bfac   0x100  Data  Lc  mbcrc.o [1]
bIsInitialized          0x20008ffc     0x1  Data  Lc  portevent.o [1]
bMBPIsWithinException   0x0800b9d9     0xc  Code  Gb  portother.o [1]
begin                   0x0800906d   0x102  Code  Gb  drv8711.o [1]
compressor_msg_queue_hdl
                        0x20008c48     0x4  Data  Gb  user_tasks.o [1]
compressor_task         0x08002563   0x136  Code  Lc  user_tasks.o [1]
compressor_task::compressor_pwr_on
                        0x200000a8     0x1  Data  Lc  user_tasks.o [1]
compressor_task::cur_t  0x200000aa     0x2  Data  Lc  user_tasks.o [1]
compressor_task::decrease
                        0x200000b0     0x2  Data  Lc  user_tasks.o [1]
compressor_task::increase
                        0x200000ae     0x2  Data  Lc  user_tasks.o [1]
compressor_task::msg    0x2000009c     0xc  Data  Lc  user_tasks.o [1]
compressor_task::setting_t
                        0x200000ac     0x2  Data  Lc  user_tasks.o [1]
compressor_task_hdl     0x20008f90     0x4  Data  Gb  user_tasks.o [1]
defaultTaskHandle       0x20009004     0x4  Data  Gb  freertos.o [1]
eMBEnable               0x08006b41    0x1a  Code  Gb  mb.o [1]
eMBFuncReadHoldingRegister
                        0x0800e6ef    0x5c  Code  Gb  mbfuncholding.o [1]
eMBFuncReadInputRegister
                        0x0800e76f    0x60  Code  Gb  mbfuncinput.o [1]
eMBFuncWriteHoldingRegister
                        0x0800e66d    0x32  Code  Gb  mbfuncholding.o [1]
eMBFuncWriteMultipleHoldingRegister
                        0x0800e69f    0x50  Code  Gb  mbfuncholding.o [1]
eMBInit                 0x08006ae9    0x58  Code  Gb  mb.o [1]
eMBPoll                 0x08006b5b    0x9a  Code  Gb  mb.o [1]
eMBPoll::ucFunctionCode
                        0x20000003     0x1  Data  Lc  mb.o [1]
eMBPoll::ucMBFrame      0x20000048     0x4  Data  Lc  mb.o [1]
eMBPoll::ucRcvAddress   0x20000002     0x1  Data  Lc  mb.o [1]
eMBPoll::usLength       0x20000024     0x2  Data  Lc  mb.o [1]
eMBRTUInit              0x08009979    0x44  Code  Gb  mbrtu.o [1]
eMBRTUReceive           0x080099f5    0x56  Code  Gb  mbrtu.o [1]
eMBRTUSend              0x08009a4b    0x5a  Code  Gb  mbrtu.o [1]
eMBRTUStart             0x080099bd    0x16  Code  Gb  mbrtu.o [1]
eMBRTUStop              0x080099db    0x12  Code  Gb  mbrtu.o [1]
eMBRegHoldingCB         0x0800582f    0x84  Code  Gb  mb_reg.o [1]
eMBRegInputCB           0x080057f5    0x3a  Code  Gb  mb_reg.o [1]
eMBState                0x20000001     0x1  Data  Lc  mb.o [1]
eRcvState               0x20008ff1     0x1  Data  Lc  mbrtu.o [1]
eSndState               0x20008ff0     0x1  Data  Lc  mbrtu.o [1]
err_code_mutex_id       0x20008c54     0x4  Data  Gb  user_tasks.o [1]
exit                    0x0800e94f     0x4  Code  Gb  exit.o [3]
get_reg_value           0x08005049    0x58  Code  Gb  mb_reg.o [1]
get_status              0x08009179     0x2  Code  Gb  drv8711.o [1]
hadc1                   0x20008fa4    0x30  Data  Gb  adc.o [1]
hdma_adc1               0x20008d68    0x44  Data  Gb  adc.o [1]
hdma_spi1_tx            0x20008df0    0x44  Data  Gb  spi.o [1]
hspi1                   0x20008cb8    0x58  Data  Gb  spi.o [1]
hspi2                   0x20008d10    0x58  Data  Gb  spi.o [1]
htim2                   0x20008e74    0x40  Data  Gb  tim.o [1]
htim8                   0x20008eb4    0x40  Data  Gb  tim.o [1]
huart3                  0x20008ef4    0x40  Data  Gb  usart.o [1]
inHandlerMode           0x08004c39     0xc  Code  Lc  cmsis_os.o [1]
io_check_task           0x0800c431   0x570  Code  Gb  io_check_task.o [1]
io_check_task_hdl       0x20008fa0     0x4  Data  Gb  user_tasks.o [1]
juice_all_completed     0x08003289    0x1c  Code  Lc  user_tasks.o [1]
juice_get_fault_code    0x08003111    0x18  Code  Lc  user_tasks.o [1]
juice_is_24v_oc         0x08002e41    0x2e  Code  Lc  user_tasks.o [1]
juice_msg_queue_hdl     0x20008c4c     0x4  Data  Gb  user_tasks.o [1]
juice_set_fault_code    0x08002ff5    0x48  Code  Lc  user_tasks.o [1]
juice_set_progress      0x08003129    0x48  Code  Lc  user_tasks.o [1]
juice_task              0x08002849    0xa4  Code  Lc  user_tasks.o [1]
juice_task::msg         0x20008bf0     0xc  Data  Lc  user_tasks.o [1]
juice_task::timeout     0x20008c58     0x4  Data  Lc  user_tasks.o [1]
juice_task_hdl          0x20008f94     0x4  Data  Gb  user_tasks.o [1]
juice_transaction_fault
                        0x08003301    0x1c  Code  Lc  user_tasks.o [1]
juice_wait_signals      0x08003379    0x48  Code  Gb  user_tasks.o [1]
main                    0x080073f5    0x34  Code  Gb  main.o [1]
makeFreeRtosPriority    0x08004c2d     0xc  Code  Lc  cmsis_os.o [1]
manipulator_msg_queue_hdl
                        0x20008c38     0x4  Data  Gb  user_tasks.o [1]
manipulator_task        0x080013c5   0x3c6  Code  Lc  user_tasks.o [1]
manipulator_task_hdl    0x20008f88     0x4  Data  Gb  user_tasks.o [1]
map                     0x08009059    0x14  Code  Gb  drv8711.o [1]
mb_reg_init             0x08004fb9    0x78  Code  Gb  mb_reg.o [1]
modbus_task             0x08000521    0x2c  Code  Lc  user_tasks.o [1]
modbus_task_hdl         0x20008f9c     0x4  Data  Gb  user_tasks.o [1]
ntc_3950_get_t          0x08009619    0x8e  Code  Gb  ntc_3950.o [1]
oh_door_msg_queue_hdl   0x20008c34     0x4  Data  Gb  user_tasks.o [1]
oh_door_task            0x080009f5   0x24c  Code  Lc  user_tasks.o [1]
oh_door_task_hdl        0x20008f7c     0x4  Data  Gb  user_tasks.o [1]
osDelay                 0x08004c95     0xe  Code  Gb  cmsis_os.o [1]
osKernelStart           0x08004c45     0xa  Code  Gb  cmsis_os.o [1]
osKernelSysTick         0x08004c4f    0x18  Code  Gb  cmsis_os.o [1]
osMessageCreate         0x08004ec5     0xa  Code  Gb  cmsis_os.o [1]
osMessageGet            0x08004f11    0x6a  Code  Gb  cmsis_os.o [1]
osMessagePut            0x08004ecf    0x42  Code  Gb  cmsis_os.o [1]
osMutexCreate           0x08004def     0x6  Code  Gb  cmsis_os.o [1]
osMutexRelease          0x08004e31    0x30  Code  Gb  cmsis_os.o [1]
osMutexWait             0x08004df5    0x3c  Code  Gb  cmsis_os.o [1]
osSignalSet             0x08004d4d    0x46  Code  Gb  cmsis_os.o [1]
osSignalWait            0x08004d93    0x50  Code  Gb  cmsis_os.o [1]
osSystickHandler        0x08004f9f    0x14  Code  Gb  cmsis_os.o [1]
osThreadCreate          0x08004c67    0x2e  Code  Gb  cmsis_os.o [1]
osTimerCreate           0x08004ca3    0x1a  Code  Gb  cmsis_os.o [1]
osTimerStart            0x08004cbd    0x48  Code  Gb  cmsis_os.o [1]
osTimerStop             0x08004d05    0x48  Code  Gb  cmsis_os.o [1]
overwrite_color         0x08006c97    0x12  Code  Gb  rgb_led.o [1]
peMBFrameReceiveCur     0x20000034     0x4  Data  Lc  mb.o [1]
peMBFrameSendCur        0x20000028     0x4  Data  Lc  mb.o [1]
presser_msg_queue_hdl   0x20008c44     0x4  Data  Gb  user_tasks.o [1]
presser_task            0x08002095   0x1ba  Code  Lc  user_tasks.o [1]
presser_task_hdl        0x20008f8c     0x4  Data  Gb  user_tasks.o [1]
prvAddCurrentTaskToDelayedList
                        0x08008207    0x64  Code  Lc  tasks.o [1]
prvAddNewTaskToReadyList
                        0x080079dd    0xa6  Code  Lc  tasks.o [1]
prvCheckForValidListAndQueue
                        0x08008599    0x46  Code  Lc  timers.o [1]
prvCopyDataFromQueue    0x08008b9b    0x28  Code  Lc  queue.o [1]
prvCopyDataToQueue      0x08008b33    0x68  Code  Lc  queue.o [1]
prvDeleteTCB            0x08007e87    0x14  Code  Lc  tasks.o [1]
prvIdleTask             0x08007e2d    0x5a  Code  Lc  tasks.o [1]
prvInitialiseNewQueue   0x080086a5    0x16  Code  Lc  queue.o [1]
prvInitialiseNewTask    0x08007965    0x78  Code  Lc  tasks.o [1]
prvInitialiseNewTimer   0x080082e3    0x3a  Code  Lc  timers.o [1]
prvInsertBlockIntoFreeList
                        0x0800b873    0x46  Code  Lc  heap_4.o [1]
prvInsertTimerInActiveList
                        0x0800849f    0x34  Code  Lc  timers.o [1]
prvIsQueueEmpty         0x08008c25    0x16  Code  Lc  queue.o [1]
prvProcessReceivedCommands
                        0x080084d5    0xb4  Code  Lc  timers.o [1]
prvProcessTimerOrBlockTask
                        0x0800838b    0x9a  Code  Lc  timers.o [1]
prvResetNextTaskUnblockTime
                        0x08007e9b    0x1c  Code  Lc  tasks.o [1]
prvSampleTimeNow        0x08008425    0x7a  Code  Lc  timers.o [1]
prvSampleTimeNow::xLastTime
                        0x20008f44     0x4  Data  Lc  timers.o [1]
prvTaskExitError        0x08008ced    0x28  Code  Lc  port.o [1]
prvTimerTask            0x0800836d    0x1e  Code  Lc  timers.o [1]
prvUnlockQueue          0x08008bc3    0x62  Code  Lc  queue.o [1]
prveMBError2Exception   0x0800e74d    0x20  Code  Gb  mbutils.o [1]
ptr_slave_modbus_uart_handle
                        0x20000094     0x4  Data  Gb  portserial.o [1]
pucSndBufferCur         0x20008ff8     0x4  Data  Lc  mbrtu.o [1]
pvMBFrameCloseCur       0x20000038     0x4  Data  Lc  mb.o [1]
pvMBFrameStartCur       0x2000002c     0x4  Data  Lc  mb.o [1]
pvMBFrameStopCur        0x20000030     0x4  Data  Lc  mb.o [1]
pvPortMalloc            0x0800b709   0x108  Code  Gb  heap_4.o [1]
pvTaskIncrementMutexHeldCount
                        0x08007fe7    0x14  Code  Gb  tasks.o [1]
pxCurrentTCB            0x20008aec     0x4  Data  Gb  tasks.o [1]
pxCurrentTimerList      0x20008f34     0x4  Data  Lc  timers.o [1]
pxDelayedTaskList       0x20008af0     0x4  Data  Lc  tasks.o [1]
pxEnd                   0x200000bc     0x4  Data  Lc  heap_4.o [1]
pxMBFrameCBByteReceived
                        0x2000003c     0x4  Data  Gb  mb.o [1]
pxMBFrameCBTransmitterEmpty
                        0x20000040     0x4  Data  Gb  mb.o [1]
pxMBPortCBTimerExpired  0x20000044     0x4  Data  Gb  mb.o [1]
pxOverflowDelayedTaskList
                        0x20008af4     0x4  Data  Lc  tasks.o [1]
pxOverflowTimerList     0x20008f38     0x4  Data  Lc  timers.o [1]
pxPortInitialiseStack   0x08008ccd    0x20  Code  Gb  port.o [1]
pxReadyTasksLists       0x20008b64    0x8c  Data  Lc  tasks.o [1]
r_t_map                 0x080096f0   0x288  Data  Lc  ntc_3950.o [1]
read_debug_cmd_handle   0x0800567f    0x62  Code  Lc  mb_reg.o [1]
read_fault_code_handle  0x080052cf    0x5c  Code  Lc  mb_reg.o [1]
read_sys_info_handle    0x0800573b    0x70  Code  Lc  mb_reg.o [1]
read_t_setting_handle   0x0800540d    0x5a  Code  Lc  mb_reg.o [1]
reg_holding             0x2000004c    0x30  Data  Gb  mb_reg.o [1]
reg_input               0x2000007c     0xc  Data  Gb  mb_reg.o [1]
rgb_led_msg_queue_hdl   0x20008c28     0x4  Data  Gb  user_tasks.o [1]
rgb_led_task            0x08000591   0x18c  Code  Lc  user_tasks.o [1]
rgb_led_task_hdl        0x20008f74     0x4  Data  Gb  user_tasks.o [1]
running_led_msg_queue_hdl
                        0x20008c2c     0x4  Data  Gb  user_tasks.o [1]
running_led_task        0x08000975    0x2e  Code  Lc  user_tasks.o [1]
running_led_task_hdl    0x20008f78     0x4  Data  Gb  user_tasks.o [1]
servo1_msg_queue_hdl    0x20008c3c     0x4  Data  Gb  user_tasks.o [1]
servo1_task             0x0800105d    0x90  Code  Lc  user_tasks.o [1]
servo1_task_hdl         0x20008f80     0x4  Data  Gb  user_tasks.o [1]
servo2_msg_queue_hdl    0x20008c40     0x4  Data  Gb  user_tasks.o [1]
servo2_task             0x080011cd    0x90  Code  Lc  user_tasks.o [1]
servo2_task_hdl         0x20008f84     0x4  Data  Gb  user_tasks.o [1]
set_enable              0x0800916f     0x6  Code  Gb  drv8711.o [1]
set_reg_value           0x080050b3    0x58  Code  Gb  mb_reg.o [1]
single_color            0x08006c79    0x1e  Code  Gb  rgb_led.o [1]
strcmp                  0x0800d7a1          Code  Gb  strcmp.o [4]
strip_set_pixel_color   0x08006c1d    0x46  Code  Lc  rgb_led.o [1]
strip_show              0x08006c63     0xc  Code  Lc  rgb_led.o [1]
sync_msg_queue_hdl      0x20008c24     0x4  Data  Gb  user_tasks.o [1]
sync_task               0x080033c1   0x9ce  Code  Lc  user_tasks.o [1]
sync_task_hdl           0x20008c20     0x4  Data  Gb  user_tasks.o [1]
tasks_environment_init  0x08000391   0x12e  Code  Lc  user_tasks.o [1]
temperature_task        0x08002a2d    0xb4  Code  Lc  user_tasks.o [1]
temperature_task_hdl    0x20008f98     0x4  Data  Gb  user_tasks.o [1]
ucHeap                  0x200000cc  0x7800  Data  Lc  heap_4.o [1]
ucMBAddress             0x20000000     0x1  Data  Lc  mb.o [1]
ucMaxSysCallPriority    0x20000088     0x1  Data  Lc  port.o [1]
ucRTUBuf                0x200089c4   0x100  Data  Gb  mbrtu.o [1]
ulMaxPRIGROUPValue      0x20000090     0x4  Data  Lc  port.o [1]
usMBCRC16               0x0800be7d    0x2e  Code  Gb  mbcrc.o [1]
usRcvBufferPos          0x20008ff4     0x2  Data  Lc  mbrtu.o [1]
usRegHoldingBuf         0x20008fd4    0x10  Data  Lc  mb_reg.o [1]
usRegInputBuf           0x20008fe4     0xc  Data  Lc  mb_reg.o [1]
usSndBufferCount        0x20008ff2     0x2  Data  Lc  mbrtu.o [1]
uwTick                  0x20009008     0x4  Data  Gb  stm32f1xx_hal.o [1]
uxCriticalNesting       0x2000008c     0x4  Data  Lc  port.o [1]
uxCurrentNumberOfTasks  0x20008b10     0x4  Data  Lc  tasks.o [1]
uxDeletedTasksWaitingCleanUp
                        0x20008af8     0x4  Data  Lc  tasks.o [1]
uxListRemove            0x0800b92b    0x24  Code  Gb  list.o [1]
uxPendedTicks           0x20008b20     0x4  Data  Lc  tasks.o [1]
uxSchedulerSuspended    0x20008b34     0x4  Data  Lc  tasks.o [1]
uxTaskNumber            0x20008b2c     0x4  Data  Lc  tasks.o [1]
uxTopReadyPriority      0x20008b18     0x4  Data  Lc  tasks.o [1]
vApplicationMallocFailedHook
                        0x0800c415     0x2  Code  Wk  freertos.o [1]
vListInitialise         0x0800b8c1    0x1a  Code  Gb  list.o [1]
vListInitialiseItem     0x0800b8db     0x6  Code  Gb  list.o [1]
vListInsert             0x0800b8f9    0x32  Code  Gb  list.o [1]
vListInsertEnd          0x0800b8e1    0x18  Code  Gb  list.o [1]
vMBPPortEnterCritical   0x0800b9e5    0x12  Code  Gb  portother.o [1]
vMBPPortExitCritical    0x0800b9f7    0x12  Code  Gb  portother.o [1]
vMBPortClose            0x0800ba09    0x12  Code  Gb  portother.o [1]
vMBPortEventClose       0x08009c71    0x32  Code  Gb  portevent.o [1]
vMBPortSerialClose      0x0800ba35    0x14  Code  Gb  portserial.o [1]
vMBPortSerialEnable     0x0800ba49    0x72  Code  Gb  portserial.o [1]
vMBPortTimerClose       0x0800bccd    0x14  Code  Gb  porttimer.o [1]
vMBPortTimersDisable    0x0800bd03    0x1c  Code  Gb  porttimer.o [1]
vMBPortTimersEnable     0x0800bce1    0x1c  Code  Gb  porttimer.o [1]
vPortEnterCritical      0x08008d79    0x32  Code  Gb  port.o [1]
vPortExitCritical       0x08008dab    0x22  Code  Gb  port.o [1]
vPortFree               0x0800b81f    0x46  Code  Gb  heap_4.o [1]
vPortStartFirstTask     0x0800b9b7          Code  Gb  portasm.o [1]
vPortValidateInterruptPriority
                        0x08008df5    0x42  Code  Gb  port.o [1]
vQueueAddToRegistry     0x08008c3b    0x20  Code  Gb  queue.o [1]
vQueueDelete            0x08008b19    0x1a  Code  Gb  queue.o [1]
vQueueUnregisterQueue   0x08008c5b    0x22  Code  Gb  queue.o [1]
vQueueWaitForMessageRestricted
                        0x08008c85    0x48  Code  Gb  queue.o [1]
vTaskDelay              0x08007a83    0x2a  Code  Gb  tasks.o [1]
vTaskMissedYield        0x08007e1f     0xa  Code  Gb  tasks.o [1]
vTaskPlaceOnEventList   0x08007cf9    0x14  Code  Gb  tasks.o [1]
vTaskPlaceOnEventListRestricted
                        0x08007d11    0x1e  Code  Gb  tasks.o [1]
vTaskPriorityInherit    0x08007ecf    0x76  Code  Gb  tasks.o [1]
vTaskSetTimeOutState    0x08007da7    0x20  Code  Gb  tasks.o [1]
vTaskStartScheduler     0x08007abd    0x5e  Code  Gb  tasks.o [1]
vTaskSuspendAll         0x08007b1b     0xc  Code  Gb  tasks.o [1]
vTaskSwitchContext      0x08007ca3    0x56  Code  Gb  tasks.o [1]
write_debug_cmd_handle  0x0800547f   0x1a0  Code  Lc  mb_reg.o [1]
write_fault_code_handle
                        0x08005207    0xc2  Code  Lc  mb_reg.o [1]
write_opt_type_handle   0x0800511d    0xd4  Code  Lc  mb_reg.o [1]
write_t_setting_handle  0x0800532b    0xb2  Code  Lc  mb_reg.o [1]
xActiveTimerList1       0x20008f48    0x14  Data  Lc  timers.o [1]
xActiveTimerList2       0x20008f5c    0x14  Data  Lc  timers.o [1]
xBlockAllocatedBit      0x200000c8     0x4  Data  Lc  heap_4.o [1]
xDelayedTaskList1       0x20008b38    0x14  Data  Lc  tasks.o [1]
xDelayedTaskList2       0x20008b4c    0x14  Data  Lc  tasks.o [1]
xFreeBytesRemaining     0x200000c0     0x4  Data  Lc  heap_4.o [1]
xFuncHandlers           0x20000004    0x20  Data  Lc  mb.o [1]
xIdleTaskHandle         0x20008b60     0x4  Data  Lc  tasks.o [1]
xMBPortEventGet         0x08009cf7    0x3c  Code  Gb  portevent.o [1]
xMBPortEventInit        0x08009c39    0x38  Code  Gb  portevent.o [1]
xMBPortEventPost        0x08009ca3    0x54  Code  Gb  portevent.o [1]
xMBPortSerialGetByte    0x0800bb03     0xe  Code  Gb  portserial.o [1]
xMBPortSerialInit       0x0800ba1d    0x18  Code  Gb  portserial.o [1]
xMBPortSerialPutByte    0x0800baf7     0xc  Code  Gb  portserial.o [1]
xMBPortTimersInit       0x0800bcb5    0x18  Code  Gb  porttimer.o [1]
xMBRTUReceiveFSM        0x08009aa5    0x50  Code  Gb  mbrtu.o [1]
xMBRTUTimerT35Expired   0x08009b6b    0x46  Code  Gb  mbrtu.o [1]
xMBRTUTransmitFSM       0x08009b03    0x52  Code  Gb  mbrtu.o [1]
xMinimumEverFreeBytesRemaining
                        0x200000c4     0x4  Data  Lc  heap_4.o [1]
xNextTaskUnblockTime    0x20008b30     0x4  Data  Lc  tasks.o [1]
xNumOfOverflows         0x20008b28     0x4  Data  Lc  tasks.o [1]
xPendingReadyList       0x20008ac4    0x14  Data  Lc  tasks.o [1]
xPortStartScheduler     0x08008d15    0x64  Code  Gb  port.o [1]
xPortSysTickHandler     0x08008dcd    0x26  Code  Gb  port.o [1]
xQueueCreateMutex       0x080086bb    0x24  Code  Gb  queue.o [1]
xQueueGenericCreate     0x0800866d    0x38  Code  Gb  queue.o [1]
xQueueGenericReceive    0x08008935   0x136  Code  Gb  queue.o [1]
xQueueGenericReset      0x080085f9    0x74  Code  Gb  queue.o [1]
xQueueGenericSend       0x080086df   0x122  Code  Gb  queue.o [1]
xQueueGenericSendFromISR
                        0x08008801    0x92  Code  Gb  queue.o [1]
xQueueGiveFromISR       0x08008893    0x78  Code  Gb  queue.o [1]
xQueueReceiveFromISR    0x08008a83    0x7e  Code  Gb  queue.o [1]
xQueueRegistry          0x20008e34    0x40  Data  Gb  queue.o [1]
xSchedulerRunning       0x20008b1c     0x4  Data  Lc  tasks.o [1]
xStart                  0x200000b4     0x8  Data  Lc  heap_4.o [1]
xSuspendedTaskList      0x20008afc    0x14  Data  Lc  tasks.o [1]
xTaskCheckForTimeOut    0x08007dc7    0x58  Code  Gb  tasks.o [1]
xTaskCreate             0x0800790d    0x58  Code  Gb  tasks.o [1]
xTaskGenericNotify      0x08008099    0x84  Code  Gb  tasks.o [1]
xTaskGenericNotifyFromISR
                        0x08008139    0xa8  Code  Gb  tasks.o [1]
xTaskGetSchedulerState  0x08007eb7    0x18  Code  Gb  tasks.o [1]
xTaskGetTickCount       0x08007bcb     0x8  Code  Gb  tasks.o [1]
xTaskGetTickCountFromISR
                        0x08007bd3     0xe  Code  Gb  tasks.o [1]
xTaskIncrementTick      0x08007be1    0xc2  Code  Gb  tasks.o [1]
xTaskNotifyWait         0x08008021    0x72  Code  Gb  tasks.o [1]
xTaskPriorityDisinherit
                        0x08007f45    0x82  Code  Gb  tasks.o [1]
xTaskRemoveFromEventList
                        0x08007d4d    0x4e  Code  Gb  tasks.o [1]
xTaskResumeAll          0x08007b27    0x9c  Code  Gb  tasks.o [1]
xTasksWaitingTermination
                        0x20008ad8    0x14  Data  Lc  tasks.o [1]
xTickCount              0x20008b14     0x4  Data  Lc  tasks.o [1]
xTimerCreate            0x080082b5    0x2e  Code  Gb  timers.o [1]
xTimerCreateTimerTask   0x08008281    0x34  Code  Gb  timers.o [1]
xTimerGenericCommand    0x0800831d    0x4e  Code  Gb  timers.o [1]
xTimerQueue             0x20008f3c     0x4  Data  Lc  timers.o [1]
xTimerTaskHandle        0x20008f40     0x4  Data  Lc  timers.o [1]
xYieldPending           0x20008b24     0x4  Data  Lc  tasks.o [1]


[1] = D:\development\st\stm32\src_code\cicilight_prj\cicilight_prj\EWARM\cicilight_prj\Obj
[2] = command line
[3] = dl7M_tlf.a
[4] = rt7M_tl.a
[5] = shb_l.a

  56 254 bytes of readonly  code memory
   3 883 bytes of readonly  data memory
  37 898 bytes of readwrite data memory

Errors: none
Warnings: none
