###############################################################################
#
# IAR ELF Linker V8.11.2.13589/W32 for ARM                02/Nov/2017  08:51:55
# Copyright 2007-2017 IAR Systems AB.
#
#    Output file  =  
#        D:\development\st\stm32\src_code\cicilight_prj\cicilight_prj\EWARM\cicilight_prj\Exe\cicilight_prj.out
#    Map file     =  
#        D:\development\st\stm32\src_code\cicilight_prj\cicilight_prj\EWARM\cicilight_prj\List\cicilight_prj.map
#    Command line =  
#        -f C:\Users\wkxbo\AppData\Local\Temp\EWE2B5.tmp
#        (D:\development\st\stm32\src_code\cicilight_prj\cicilight_prj\EWARM\cicilight_prj\Obj\adc.o
#        D:\development\st\stm32\src_code\cicilight_prj\cicilight_prj\EWARM\cicilight_prj\Obj\app_error.o
#        D:\development\st\stm32\src_code\cicilight_prj\cicilight_prj\EWARM\cicilight_prj\Obj\app_log.o
#        D:\development\st\stm32\src_code\cicilight_prj\cicilight_prj\EWARM\cicilight_prj\Obj\app_log_port.o
#        D:\development\st\stm32\src_code\cicilight_prj\cicilight_prj\EWARM\cicilight_prj\Obj\cmsis_os.o
#        D:\development\st\stm32\src_code\cicilight_prj\cicilight_prj\EWARM\cicilight_prj\Obj\croutine.o
#        D:\development\st\stm32\src_code\cicilight_prj\cicilight_prj\EWARM\cicilight_prj\Obj\dma.o
#        D:\development\st\stm32\src_code\cicilight_prj\cicilight_prj\EWARM\cicilight_prj\Obj\drv8711.o
#        D:\development\st\stm32\src_code\cicilight_prj\cicilight_prj\EWARM\cicilight_prj\Obj\event_groups.o
#        D:\development\st\stm32\src_code\cicilight_prj\cicilight_prj\EWARM\cicilight_prj\Obj\freertos.o
#        D:\development\st\stm32\src_code\cicilight_prj\cicilight_prj\EWARM\cicilight_prj\Obj\gpio.o
#        D:\development\st\stm32\src_code\cicilight_prj\cicilight_prj\EWARM\cicilight_prj\Obj\heap_4.o
#        D:\development\st\stm32\src_code\cicilight_prj\cicilight_prj\EWARM\cicilight_prj\Obj\io_check_task.o
#        D:\development\st\stm32\src_code\cicilight_prj\cicilight_prj\EWARM\cicilight_prj\Obj\JJDK_ZK_GZ1.o
#        D:\development\st\stm32\src_code\cicilight_prj\cicilight_prj\EWARM\cicilight_prj\Obj\list.o
#        D:\development\st\stm32\src_code\cicilight_prj\cicilight_prj\EWARM\cicilight_prj\Obj\main.o
#        D:\development\st\stm32\src_code\cicilight_prj\cicilight_prj\EWARM\cicilight_prj\Obj\mb.o
#        D:\development\st\stm32\src_code\cicilight_prj\cicilight_prj\EWARM\cicilight_prj\Obj\mb_reg.o
#        D:\development\st\stm32\src_code\cicilight_prj\cicilight_prj\EWARM\cicilight_prj\Obj\mbcrc.o
#        D:\development\st\stm32\src_code\cicilight_prj\cicilight_prj\EWARM\cicilight_prj\Obj\mbfunccoils.o
#        D:\development\st\stm32\src_code\cicilight_prj\cicilight_prj\EWARM\cicilight_prj\Obj\mbfuncdiag.o
#        D:\development\st\stm32\src_code\cicilight_prj\cicilight_prj\EWARM\cicilight_prj\Obj\mbfuncdisc.o
#        D:\development\st\stm32\src_code\cicilight_prj\cicilight_prj\EWARM\cicilight_prj\Obj\mbfuncholding.o
#        D:\development\st\stm32\src_code\cicilight_prj\cicilight_prj\EWARM\cicilight_prj\Obj\mbfuncinput.o
#        D:\development\st\stm32\src_code\cicilight_prj\cicilight_prj\EWARM\cicilight_prj\Obj\mbfuncother.o
#        D:\development\st\stm32\src_code\cicilight_prj\cicilight_prj\EWARM\cicilight_prj\Obj\mbrtu.o
#        D:\development\st\stm32\src_code\cicilight_prj\cicilight_prj\EWARM\cicilight_prj\Obj\mbutils.o
#        D:\development\st\stm32\src_code\cicilight_prj\cicilight_prj\EWARM\cicilight_prj\Obj\ntc_3950.o
#        D:\development\st\stm32\src_code\cicilight_prj\cicilight_prj\EWARM\cicilight_prj\Obj\port.o
#        D:\development\st\stm32\src_code\cicilight_prj\cicilight_prj\EWARM\cicilight_prj\Obj\portasm.o
#        D:\development\st\stm32\src_code\cicilight_prj\cicilight_prj\EWARM\cicilight_prj\Obj\portevent.o
#        D:\development\st\stm32\src_code\cicilight_prj\cicilight_prj\EWARM\cicilight_prj\Obj\portother.o
#        D:\development\st\stm32\src_code\cicilight_prj\cicilight_prj\EWARM\cicilight_prj\Obj\portserial.o
#        D:\development\st\stm32\src_code\cicilight_prj\cicilight_prj\EWARM\cicilight_prj\Obj\porttimer.o
#        D:\development\st\stm32\src_code\cicilight_prj\cicilight_prj\EWARM\cicilight_prj\Obj\queue.o
#        D:\development\st\stm32\src_code\cicilight_prj\cicilight_prj\EWARM\cicilight_prj\Obj\rgb_led.o
#        D:\development\st\stm32\src_code\cicilight_prj\cicilight_prj\EWARM\cicilight_prj\Obj\SEGGER_RTT.o
#        D:\development\st\stm32\src_code\cicilight_prj\cicilight_prj\EWARM\cicilight_prj\Obj\SEGGER_RTT_printf.o
#        D:\development\st\stm32\src_code\cicilight_prj\cicilight_prj\EWARM\cicilight_prj\Obj\SEGGER_RTT_Syscalls_IAR.o
#        D:\development\st\stm32\src_code\cicilight_prj\cicilight_prj\EWARM\cicilight_prj\Obj\spi.o
#        D:\development\st\stm32\src_code\cicilight_prj\cicilight_prj\EWARM\cicilight_prj\Obj\startup_stm32f103xe.o
#        D:\development\st\stm32\src_code\cicilight_prj\cicilight_prj\EWARM\cicilight_prj\Obj\stm32f1xx_hal.o
#        D:\development\st\stm32\src_code\cicilight_prj\cicilight_prj\EWARM\cicilight_prj\Obj\stm32f1xx_hal_adc.o
#        D:\development\st\stm32\src_code\cicilight_prj\cicilight_prj\EWARM\cicilight_prj\Obj\stm32f1xx_hal_adc_ex.o
#        D:\development\st\stm32\src_code\cicilight_prj\cicilight_prj\EWARM\cicilight_prj\Obj\stm32f1xx_hal_cortex.o
#        D:\development\st\stm32\src_code\cicilight_prj\cicilight_prj\EWARM\cicilight_prj\Obj\stm32f1xx_hal_dma.o
#        D:\development\st\stm32\src_code\cicilight_prj\cicilight_prj\EWARM\cicilight_prj\Obj\stm32f1xx_hal_flash.o
#        D:\development\st\stm32\src_code\cicilight_prj\cicilight_prj\EWARM\cicilight_prj\Obj\stm32f1xx_hal_flash_ex.o
#        D:\development\st\stm32\src_code\cicilight_prj\cicilight_prj\EWARM\cicilight_prj\Obj\stm32f1xx_hal_gpio.o
#        D:\development\st\stm32\src_code\cicilight_prj\cicilight_prj\EWARM\cicilight_prj\Obj\stm32f1xx_hal_gpio_ex.o
#        D:\development\st\stm32\src_code\cicilight_prj\cicilight_prj\EWARM\cicilight_prj\Obj\stm32f1xx_hal_msp.o
#        D:\development\st\stm32\src_code\cicilight_prj\cicilight_prj\EWARM\cicilight_prj\Obj\stm32f1xx_hal_pwr.o
#        D:\development\st\stm32\src_code\cicilight_prj\cicilight_prj\EWARM\cicilight_prj\Obj\stm32f1xx_hal_rcc.o
#        D:\development\st\stm32\src_code\cicilight_prj\cicilight_prj\EWARM\cicilight_prj\Obj\stm32f1xx_hal_rcc_ex.o
#        D:\development\st\stm32\src_code\cicilight_prj\cicilight_prj\EWARM\cicilight_prj\Obj\stm32f1xx_hal_spi.o
#        D:\development\st\stm32\src_code\cicilight_prj\cicilight_prj\EWARM\cicilight_prj\Obj\stm32f1xx_hal_spi_ex.o
#        D:\development\st\stm32\src_code\cicilight_prj\cicilight_prj\EWARM\cicilight_prj\Obj\stm32f1xx_hal_tim.o
#        D:\development\st\stm32\src_code\cicilight_prj\cicilight_prj\EWARM\cicilight_prj\Obj\stm32f1xx_hal_tim_ex.o
#        D:\development\st\stm32\src_code\cicilight_prj\cicilight_prj\EWARM\cicilight_prj\Obj\stm32f1xx_hal_uart.o
#        D:\development\st\stm32\src_code\cicilight_prj\cicilight_prj\EWARM\cicilight_prj\Obj\stm32f1xx_it.o
#        D:\development\st\stm32\src_code\cicilight_prj\cicilight_prj\EWARM\cicilight_prj\Obj\system_stm32f1xx.o
#        D:\development\st\stm32\src_code\cicilight_prj\cicilight_prj\EWARM\cicilight_prj\Obj\tasks.o
#        D:\development\st\stm32\src_code\cicilight_prj\cicilight_prj\EWARM\cicilight_prj\Obj\tim.o
#        D:\development\st\stm32\src_code\cicilight_prj\cicilight_prj\EWARM\cicilight_prj\Obj\timers.o
#        D:\development\st\stm32\src_code\cicilight_prj\cicilight_prj\EWARM\cicilight_prj\Obj\usart.o
#        D:\development\st\stm32\src_code\cicilight_prj\cicilight_prj\EWARM\cicilight_prj\Obj\user_tasks.o
#        --redirect _Printf=_PrintfFull --redirect _Scanf=_ScanfFull -o
#        D:\development\st\stm32\src_code\cicilight_prj\cicilight_prj\EWARM\cicilight_prj\Exe\cicilight_prj.out
#        --map
#        D:\development\st\stm32\src_code\cicilight_prj\cicilight_prj\EWARM\cicilight_prj\List\cicilight_prj.map
#        --config
#        D:\development\st\stm32\src_code\cicilight_prj\cicilight_prj\EWARM/stm32f103xe_flash.icf
#        --semihosting --entry __iar_program_start --vfe --text_out locale)
#
###############################################################################

*******************************************************************************
*** RUNTIME MODEL ATTRIBUTES
***

CppFlavor       = *
__SystemLibrary = DLib
__dlib_version  = 6


*******************************************************************************
*** HEAP SELECTION
***

The basic heap was selected because no calls to memory allocation
functions were found in the application outside of system library
functions, and there are calls to deallocation functions in the
application.


*******************************************************************************
*** PLACEMENT SUMMARY
***

"A0":  place at 0x08000000 { ro section .intvec };
"P1":  place in [from 0x08000000 to 0x0807ffff] { ro };
define block CSTACK with size = 1K, alignment = 8 { };
define block HEAP with size = 0M, alignment = 8 { };
"P2":  place in [from 0x20000000 to 0x2000ffff] {
          rw, block CSTACK, block HEAP };
initialize by copy { rw };

  Section            Kind        Address    Size  Object
  -------            ----        -------    ----  ------
"A0":                                      0x130
  .intvec            ro code  0x08000000   0x130  startup_stm32f103xe.o [1]
                            - 0x08000130   0x130

"P1":                                     0xf7dd
  .text              ro code  0x08000130  0x4e18  user_tasks.o [1]
  .text              ro code  0x08004f48   0x24c  app_error.o [1]
  .text              ro code  0x08005194     0x4  app_log_port.o [1]
  .text              ro code  0x08005198    0xa6  ABImemcpy.o [4]
  .text              ro code  0x08005240   0x38c  cmsis_os.o [1]
  .text              ro code  0x080055cc  0x16b4  mb_reg.o [1]
  .text              ro code  0x08006c80   0x514  JJDK_ZK_GZ1.o [1]
  .text              ro code  0x08007194   0x134  mb.o [1]
  .text              ro code  0x080072c8   0x112  rgb_led.o [1]
  .text              ro code  0x080073dc   0x374  SEGGER_RTT_printf.o [1]
  .text              ro code  0x08007750   0x3d8  stm32f1xx_hal_tim.o [1]
  .text              ro code  0x08007b28    0xbc  main.o [1]
  .text              ro code  0x08007be4     0x6  ABImemclr4.o [4]
  .text              ro code  0x08007bec   0x452  stm32f1xx_hal_adc.o [1]
  .text              ro code  0x08008040    0x2c  app_error.o [1]
  .text              ro code  0x0800806c   0x974  tasks.o [1]
  .text              ro code  0x080089e0   0x378  timers.o [1]
  .text              ro code  0x08008d58   0x6d4  queue.o [1]
  .text              ro code  0x0800942c   0x1a4  port.o [1]
  .text              ro code  0x080095d0   0x1e8  stm32f1xx_hal_gpio.o [1]
  .text              ro code  0x080097b8   0x868  drv8711.o [1]
  .text              ro code  0x0800a020   0x360  ntc_3950.o [1]
  .text              ro code  0x0800a380   0x2c0  mbrtu.o [1]
  .text              ro code  0x0800a640   0x1f0  portevent.o [1]
  .text              ro code  0x0800a830   0x3fc  stm32f1xx_hal_spi.o [1]
  .text              ro code  0x0800ac2c   0x248  SEGGER_RTT.o [1]
  .text              ro code  0x0800ae74   0x200  tim.o [1]
  .text              ro code  0x0800b074    0x24  stm32f1xx_hal.o [1]
  .text              ro code  0x0800b098   0x1a0  gpio.o [1]
  .text              ro code  0x0800b238    0x40  dma.o [1]
  .text              ro code  0x0800b278   0x19c  spi.o [1]
  .text              ro code  0x0800b414   0x19c  adc.o [1]
  .text              ro code  0x0800b5b0    0xf4  usart.o [1]
  .text              ro code  0x0800b6a4    0xa8  freertos.o [1]
  .text              ro code  0x0800b74c   0x4de  stm32f1xx_hal_rcc.o [1]
  .text              ro code  0x0800bc2c    0xe8  stm32f1xx_hal_rcc_ex.o [1]
  .text              ro code  0x0800bd14    0xe0  stm32f1xx_hal_cortex.o [1]
  .text              ro code  0x0800bdf4    0x32  ABImemset48.o [4]
  .text              ro code  0x0800be28   0x33e  stm32f1xx_hal_dma.o [1]
  .text              ro code  0x0800c168     0xc  stm32f1xx_hal.o [1]
  .text              ro code  0x0800c174     0x2  stm32f1xx_hal_adc.o [1]
  .text              ro code  0x0800c176     0x2  stm32f1xx_hal_adc.o [1]
  .text              ro code  0x0800c178     0x2  stm32f1xx_hal_adc.o [1]
  .text              ro code  0x0800c17c   0x1b8  heap_4.o [1]
  .text              ro code  0x0800c334    0x8e  list.o [1]
  CODE               ro code  0x0800c3c4    0x88  portasm.o [1]
  .text              ro code  0x0800c44c    0x42  portother.o [1]
  .text              ro code  0x0800c490   0x298  portserial.o [1]
  .text              ro code  0x0800c728   0x1c8  porttimer.o [1]
  .text              ro code  0x0800c8f0   0x230  mbcrc.o [1]
  .text              ro code  0x0800cb20    0x24  ABIassert.o [5]
  .text              ro code  0x0800cb44     0x2  stm32f1xx_hal_spi.o [1]
  .text              ro code  0x0800cb46     0x2  stm32f1xx_hal_spi.o [1]
  .text              ro code  0x0800cb48     0x2  stm32f1xx_hal_spi.o [1]
  .text              ro code  0x0800cb4c    0xa4  stm32f1xx_hal_tim_ex.o [1]
  .text              ro code  0x0800cbf0    0x28  stm32f1xx_hal.o [1]
  .text              ro code  0x0800cc18    0x8c  stm32f1xx_hal_msp.o [1]
  .text              ro code  0x0800cca4    0x82  stm32f1xx_hal_spi_ex.o [1]
  .text              ro code  0x0800cd28   0x160  stm32f1xx_hal_uart.o [1]
  .text              ro code  0x0800ce88     0x6  abort.o [3]
  .text              ro code  0x0800ce90    0x14  exit.o [5]
  .text              ro code  0x0800cea4  0x1208  io_check_task.o [1]
  .text              ro code  0x0800e0ac    0x4a  strcmp.o [4]
  .rodata            const    0x0800e0f8   0xa98  user_tasks.o [1]
  .rodata            const    0x0800eb90   0x8cc  io_check_task.o [1]
  .text              ro code  0x0800f45c    0xde  mbfuncholding.o [1]
  .text              ro code  0x0800f53c    0x22  mbutils.o [1]
  .text              ro code  0x0800f55e    0x60  mbfuncinput.o [1]
  .text              ro code  0x0800f5c0    0x5c  system_stm32f1xx.o [1]
  .text              ro code  0x0800f61c    0x40  zero_init3.o [4]
  .text              ro code  0x0800f65c    0x38  packbits_init_single.o [4]
  .text              ro code  0x0800f694    0x34  stm32f1xx_it.o [1]
  .text              ro code  0x0800f6c8    0x10  stm32f1xx_hal.o [1]
  .rodata            const    0x0800f6d8    0x30  app_error.o [1]
  .text              ro code  0x0800f708    0x28  data_init.o [4]
  .iar.init_table    const    0x0800f730    0x20  - Linker created -
  .text              ro code  0x0800f750    0x1a  cmain.o [4]
  .text              ro code  0x0800f76a     0x4  low_level_init.o [3]
  .text              ro code  0x0800f76e     0x4  exit.o [3]
  .text              ro code  0x0800f774     0xa  cexit.o [4]
  .text              ro code  0x0800f780    0x10  startup_stm32f103xe.o [1]
  .rodata            const    0x0800f790     0xc  freertos.o [1]
  .text              ro code  0x0800f79c     0xc  cstartup_M.o [4]
  .rodata            const    0x0800f7a8     0x8  system_stm32f1xx.o [1]
  .text              ro code  0x0800f7b0     0x4  startup_stm32f103xe.o [1]
  .text              ro code  0x0800f7b4     0x4  startup_stm32f103xe.o [1]
  .text              ro code  0x0800f7b8     0x4  startup_stm32f103xe.o [1]
  .text              ro code  0x0800f7bc     0x4  startup_stm32f103xe.o [1]
  .text              ro code  0x0800f7c0     0x4  startup_stm32f103xe.o [1]
  .text              ro code  0x0800f7c4     0x4  startup_stm32f103xe.o [1]
  .text              ro code  0x0800f7c8     0x4  startup_stm32f103xe.o [1]
  .text              ro code  0x0800f7cc     0x4  startup_stm32f103xe.o [1]
  .text              ro code  0x0800f7d0     0x4  startup_stm32f103xe.o [1]
  .text              ro code  0x0800f7d4     0x4  startup_stm32f103xe.o [1]
  .text              ro code  0x0800f7d8     0x4  startup_stm32f103xe.o [1]
  .text              ro code  0x0800f7dc     0x4  startup_stm32f103xe.o [1]
  .text              ro code  0x0800f7e0     0x4  startup_stm32f103xe.o [1]
  .text              ro code  0x0800f7e4     0x4  startup_stm32f103xe.o [1]
  .text              ro code  0x0800f7e8     0x4  startup_stm32f103xe.o [1]
  .text              ro code  0x0800f7ec     0x4  startup_stm32f103xe.o [1]
  .text              ro code  0x0800f7f0     0x4  startup_stm32f103xe.o [1]
  .text              ro code  0x0800f7f4     0x4  startup_stm32f103xe.o [1]
  .text              ro code  0x0800f7f8     0x4  startup_stm32f103xe.o [1]
  .text              ro code  0x0800f7fc     0x4  startup_stm32f103xe.o [1]
  .text              ro code  0x0800f800     0x4  startup_stm32f103xe.o [1]
  .text              ro code  0x0800f804     0x4  startup_stm32f103xe.o [1]
  .text              ro code  0x0800f808     0x4  startup_stm32f103xe.o [1]
  .text              ro code  0x0800f80c     0x4  startup_stm32f103xe.o [1]
  .text              ro code  0x0800f810     0x4  startup_stm32f103xe.o [1]
  .text              ro code  0x0800f814     0x4  startup_stm32f103xe.o [1]
  .text              ro code  0x0800f818     0x4  startup_stm32f103xe.o [1]
  .text              ro code  0x0800f81c     0x4  startup_stm32f103xe.o [1]
  .text              ro code  0x0800f820     0x4  startup_stm32f103xe.o [1]
  .text              ro code  0x0800f824     0x4  startup_stm32f103xe.o [1]
  .text              ro code  0x0800f828     0x4  startup_stm32f103xe.o [1]
  .text              ro code  0x0800f82c     0x4  startup_stm32f103xe.o [1]
  .text              ro code  0x0800f830     0x4  startup_stm32f103xe.o [1]
  .text              ro code  0x0800f834     0x4  startup_stm32f103xe.o [1]
  .text              ro code  0x0800f838     0x4  startup_stm32f103xe.o [1]
  .text              ro code  0x0800f83c     0x4  startup_stm32f103xe.o [1]
  .text              ro code  0x0800f840     0x4  startup_stm32f103xe.o [1]
  .text              ro code  0x0800f844     0x4  startup_stm32f103xe.o [1]
  .text              ro code  0x0800f848     0x4  startup_stm32f103xe.o [1]
  .text              ro code  0x0800f84c     0x4  startup_stm32f103xe.o [1]
  .text              ro code  0x0800f850     0x4  startup_stm32f103xe.o [1]
  .text              ro code  0x0800f854     0x4  startup_stm32f103xe.o [1]
  .text              ro code  0x0800f858     0x4  startup_stm32f103xe.o [1]
  .text              ro code  0x0800f85c     0x4  startup_stm32f103xe.o [1]
  .text              ro code  0x0800f860     0x4  startup_stm32f103xe.o [1]
  .text              ro code  0x0800f864     0x4  startup_stm32f103xe.o [1]
  .text              ro code  0x0800f868     0x4  startup_stm32f103xe.o [1]
  .text              ro code  0x0800f86c     0x4  startup_stm32f103xe.o [1]
  .text              ro code  0x0800f870     0x4  startup_stm32f103xe.o [1]
  .text              ro code  0x0800f874     0x4  startup_stm32f103xe.o [1]
  .text              ro code  0x0800f878     0x4  startup_stm32f103xe.o [1]
  .text              ro code  0x0800f87c     0x4  startup_stm32f103xe.o [1]
  .text              ro code  0x0800f880     0x4  startup_stm32f103xe.o [1]
  .text              ro code  0x0800f884     0x4  startup_stm32f103xe.o [1]
  .text              ro code  0x0800f888     0x4  startup_stm32f103xe.o [1]
  .text              ro code  0x0800f88c     0x4  startup_stm32f103xe.o [1]
  .text              ro code  0x0800f890     0x4  startup_stm32f103xe.o [1]
  .rodata            const    0x0800f894     0x0  zero_init3.o [4]
  .rodata            const    0x0800f894     0x0  packbits_init_single.o [4]
  Initializer bytes  const    0x0800f894    0x79  <for P2-1>
                            - 0x0800f90d  0xf7dd

"P2", part 1 of 3:                         0x122
  P2-1                        0x20000000   0x122  <Init block>
    .data            inited   0x20000000    0x4c  mb.o [1]
    .data            inited   0x2000004c    0x30  mb_reg.o [1]
    .data            inited   0x2000007c     0xc  mb_reg.o [1]
    .data            inited   0x20000088     0xc  port.o [1]
    .data            inited   0x20000094     0x4  portserial.o [1]
    .data            inited   0x20000098     0x4  system_stm32f1xx.o [1]
    .data            inited   0x2000009c    0x70  user_tasks.o [1]
    .data            inited   0x2000010c    0x16  user_tasks.o [1]
                            - 0x20000122   0x122

"P2", part 2 of 3:                        0x96ec
  .bss               zero     0x20000124  0x7818  heap_4.o [1]
  .bss               zero     0x2000793c  0x10b8  SEGGER_RTT.o [1]
  .bss               zero     0x200089f4   0x840  rgb_led.o [1]
  .bss               zero     0x20009234   0x100  mbrtu.o [1]
  .bss               zero     0x20009334    0xa0  tasks.o [1]
  .bss               zero     0x200093d4    0x8c  tasks.o [1]
  .bss               zero     0x20009460    0x5c  drv8711.o [1]
  .bss               zero     0x200094bc    0x58  spi.o [1]
  .bss               zero     0x20009514    0x58  spi.o [1]
  .bss               zero     0x2000956c    0x44  adc.o [1]
  .bss               zero     0x200095b0    0x44  drv8711.o [1]
  .bss               zero     0x200095f4    0x44  spi.o [1]
  .bss               zero     0x20009638    0x40  queue.o [1]
  .bss               zero     0x20009678    0x40  tim.o [1]
  .bss               zero     0x200096b8    0x40  tim.o [1]
  .bss               zero     0x200096f8    0x40  usart.o [1]
  .bss               zero     0x20009738    0x3c  timers.o [1]
  .bss               zero     0x20009774    0x34  user_tasks.o [1]
  .bss               zero     0x200097a8    0x30  adc.o [1]
  .bss               zero     0x200097d8    0x1c  mb_reg.o [1]
  .bss               zero     0x200097f4     0xc  mbrtu.o [1]
  .bss               zero     0x20009800     0x8  portevent.o [1]
  .bss               zero     0x20009808     0x4  freertos.o [1]
  .bss               zero     0x2000980c     0x4  stm32f1xx_hal.o [1]
                            - 0x20009810  0x96ec

"P2", part 3 of 3:                         0x400
  CSTACK                      0x20009810   0x400  <Block>
    CSTACK           uninit   0x20009810   0x400  <Block tail>
                            - 0x20009c10   0x400


*******************************************************************************
*** INIT TABLE
***

          Address     Size
          -------     ----
Zero (__iar_zero_init3)
    1 destination range, total size 0x96ec:
          0x20000124  0x96ec

Copy/packbits (__iar_packbits_init_single3)
    1 source range, total size 0x79 (41% of destination):
          0x0800f894    0x79
    1 destination range, total size 0x122:
          0x20000000   0x122



*******************************************************************************
*** MODULE SUMMARY
***

    Module                  ro code  ro data  rw data
    ------                  -------  -------  -------
D:\development\st\stm32\src_code\cicilight_prj\cicilight_prj\EWARM\cicilight_prj\Obj: [1]
    JJDK_ZK_GZ1.o             1 300
    SEGGER_RTT.o                584             4 280
    SEGGER_RTT_printf.o         884
    adc.o                       412               116
    app_error.o                 632       48
    app_log_port.o                4
    cmsis_os.o                  908
    dma.o                        64
    drv8711.o                 2 152               160
    freertos.o                  168       12        4
    gpio.o                      416
    heap_4.o                    440            30 744
    io_check_task.o           4 616    2 252
    list.o                      142
    main.o                      188
    mb.o                        308       31       76
    mb_reg.o                  5 812       25       88
    mbcrc.o                     560
    mbfuncholding.o             222
    mbfuncinput.o                96
    mbrtu.o                     704               268
    mbutils.o                    34
    ntc_3950.o                  864
    port.o                      420        5       12
    portasm.o                   136
    portevent.o                 496                 8
    portother.o                  66
    portserial.o                664        2        4
    porttimer.o                 456
    queue.o                   1 748                64
    rgb_led.o                   274             2 112
    spi.o                       412               244
    startup_stm32f103xe.o       548
    stm32f1xx_hal.o             104                 4
    stm32f1xx_hal_adc.o       1 112
    stm32f1xx_hal_cortex.o      224
    stm32f1xx_hal_dma.o         830
    stm32f1xx_hal_gpio.o        488
    stm32f1xx_hal_msp.o         140
    stm32f1xx_hal_rcc.o       1 246
    stm32f1xx_hal_rcc_ex.o      232
    stm32f1xx_hal_spi.o       1 026
    stm32f1xx_hal_spi_ex.o      130
    stm32f1xx_hal_tim.o         984
    stm32f1xx_hal_tim_ex.o      164
    stm32f1xx_hal_uart.o        352
    stm32f1xx_it.o               52
    system_stm32f1xx.o           92       10        4
    tasks.o                   2 420               300
    tim.o                       512               128
    timers.o                    888                60
    usart.o                     244                64
    user_tasks.o             19 992    2 768      186
    -------------------------------------------------
    Total:                   57 962    5 153   38 926

command line: [2]
    -------------------------------------------------
    Total:

dl7M_tlf.a: [3]
    abort.o                       6
    exit.o                        4
    low_level_init.o              4
    -------------------------------------------------
    Total:                       14

rt7M_tl.a: [4]
    ABImemclr4.o                  6
    ABImemcpy.o                 166
    ABImemset48.o                50
    cexit.o                      10
    cmain.o                      26
    cstartup_M.o                 12
    data_init.o                  40
    packbits_init_single.o       56
    strcmp.o                     74
    zero_init3.o                 64
    -------------------------------------------------
    Total:                      504

shb_l.a: [5]
    ABIassert.o                  36
    exit.o                       20
    -------------------------------------------------
    Total:                       56

    Gaps                         34        2
    Linker created                        32    1 024
-----------------------------------------------------
    Grand Total:             58 570    5 187   39 950


*******************************************************************************
*** ENTRY LIST
***

Entry                      Address    Size  Type      Object
-----                      -------    ----  ----      ------
.iar.init_table$$Base   0x0800f730           --   Gb  - Linker created -
.iar.init_table$$Limit  0x0800f750           --   Gb  - Linker created -
?main                   0x0800f751          Code  Gb  cmain.o [4]
ADC_ConversionStop_Disable
                        0x08007f95    0x44  Code  Gb  stm32f1xx_hal_adc.o [1]
ADC_DMAConvCplt         0x08007fd9    0x48  Code  Gb  stm32f1xx_hal_adc.o [1]
ADC_DMAError            0x08008029    0x16  Code  Gb  stm32f1xx_hal_adc.o [1]
ADC_DMAHalfConvCplt     0x08008021     0x6  Code  Gb  stm32f1xx_hal_adc.o [1]
ADC_Enable              0x08007f01    0x6a  Code  Gb  stm32f1xx_hal_adc.o [1]
AHBPrescTable           0x0800f60c    0x10  Data  Gb  system_stm32f1xx.o [1]
APBPrescTable           0x0800f7a8     0x8  Data  Gb  system_stm32f1xx.o [1]
APP_TIMESTAMP           0x08005195     0x4  Code  Gb  app_log_port.o [1]
BSP_column_step_motor_init
                        0x08006ca9    0x50  Code  Gb  JJDK_ZK_GZ1.o [1]
BSP_column_step_motor_pwr_dwn
                        0x08006f59    0x1a  Code  Gb  JJDK_ZK_GZ1.o [1]
BSP_column_step_motor_pwr_on_negative
                        0x08006fd1    0x1e  Code  Gb  JJDK_ZK_GZ1.o [1]
BSP_column_step_motor_pwr_on_positive
                        0x08006f73    0x1e  Code  Gb  JJDK_ZK_GZ1.o [1]
BSP_compressor_pwr_dwn  0x08006ee7     0x6  Code  Gb  JJDK_ZK_GZ1.o [1]
BSP_compressor_pwr_on   0x08006ee1     0x6  Code  Gb  JJDK_ZK_GZ1.o [1]
BSP_environment_lamp_pwr_dwn
                        0x08006ed5     0x2  Code  Gb  JJDK_ZK_GZ1.o [1]
BSP_environment_lamp_pwr_on
                        0x08006ed1     0x4  Code  Gb  JJDK_ZK_GZ1.o [1]
BSP_get_column_pos_sensor_state
                        0x08006dcb     0x2  Code  Gb  JJDK_ZK_GZ1.o [1]
BSP_get_row_pos_sensor_state
                        0x08006dc7     0x4  Code  Gb  JJDK_ZK_GZ1.o [1]
BSP_get_temperature     0x08006ef9     0x4  Code  Gb  JJDK_ZK_GZ1.o [1]
BSP_is_column_step_motor_fault
                        0x08006d59    0x50  Code  Gb  JJDK_ZK_GZ1.o [1]
BSP_is_column_step_motor_in_rst_pos
                        0x08006d07     0x8  Code  Gb  JJDK_ZK_GZ1.o [1]
BSP_is_cup_in_slot_pos  0x08006dd3     0x8  Code  Gb  JJDK_ZK_GZ1.o [1]
BSP_is_cup_press_ok     0x08006d0f     0x6  Code  Gb  JJDK_ZK_GZ1.o [1]
BSP_is_cup_presser_in_bot_pos
                        0x08006d21     0x8  Code  Gb  JJDK_ZK_GZ1.o [1]
BSP_is_cup_presser_in_top_pos
                        0x08006d29     0x8  Code  Gb  JJDK_ZK_GZ1.o [1]
BSP_is_ms_10_in_tar_pos
                        0x08006d51     0x8  Code  Gb  JJDK_ZK_GZ1.o [1]
BSP_is_ms_7_in_tar_pos  0x08006d39     0x8  Code  Gb  JJDK_ZK_GZ1.o [1]
BSP_is_ms_8_in_tar_pos  0x08006d41     0x8  Code  Gb  JJDK_ZK_GZ1.o [1]
BSP_is_ms_9_in_tar_pos  0x08006d49     0x8  Code  Gb  JJDK_ZK_GZ1.o [1]
BSP_is_oh_door_clamp_hand
                        0x08006d31     0x8  Code  Gb  JJDK_ZK_GZ1.o [1]
BSP_is_oh_door_hand_detected
                        0x08006da9     0xa  Code  Gb  JJDK_ZK_GZ1.o [1]
BSP_is_oh_door_in_bot_pos
                        0x08006db3     0xa  Code  Gb  JJDK_ZK_GZ1.o [1]
BSP_is_oh_door_in_top_pos
                        0x08006dbd     0xa  Code  Gb  JJDK_ZK_GZ1.o [1]
BSP_is_row_step_motor_in_rst_pos
                        0x08006cff     0x8  Code  Gb  JJDK_ZK_GZ1.o [1]
BSP_juicing_motor_pwr_dwn
                        0x08006ef3     0x6  Code  Gb  JJDK_ZK_GZ1.o [1]
BSP_juicing_motor_pwr_on
                        0x08006eed     0x6  Code  Gb  JJDK_ZK_GZ1.o [1]
BSP_oh_door_motor_pwr_dwn
                        0x08006e9f    0x20  Code  Gb  JJDK_ZK_GZ1.o [1]
BSP_oh_door_motor_pwr_on_negative
                        0x08006e79    0x26  Code  Gb  JJDK_ZK_GZ1.o [1]
BSP_oh_door_motor_pwr_on_positive
                        0x08006e3b    0x30  Code  Gb  JJDK_ZK_GZ1.o [1]
BSP_press_motor_pwr_dwn
                        0x08006e1b     0xe  Code  Gb  JJDK_ZK_GZ1.o [1]
BSP_press_motor_pwr_on_negative
                        0x08006e07    0x14  Code  Gb  JJDK_ZK_GZ1.o [1]
BSP_press_motor_pwr_on_positive
                        0x08006de9    0x1e  Code  Gb  JJDK_ZK_GZ1.o [1]
BSP_row_step_motor_init
                        0x08006c81    0x28  Code  Gb  JJDK_ZK_GZ1.o [1]
BSP_row_step_motor_pwr_dwn
                        0x08006efd    0x1a  Code  Gb  JJDK_ZK_GZ1.o [1]
BSP_row_step_motor_pwr_on_negative
                        0x08006f31     0xc  Code  Gb  JJDK_ZK_GZ1.o [1]
BSP_row_step_motor_pwr_on_positive
                        0x08006f17     0xe  Code  Gb  JJDK_ZK_GZ1.o [1]
BSP_running_led_turn_off
                        0x08006ddf     0x2  Code  Gb  JJDK_ZK_GZ1.o [1]
BSP_running_led_turn_on
                        0x08006ddb     0x4  Code  Gb  JJDK_ZK_GZ1.o [1]
BusFault_Handler        0x0800f69b     0x2  Code  Gb  stm32f1xx_it.o [1]
CSTACK$$Base            0x20009810           --   Gb  - Linker created -
CSTACK$$Limit           0x20009c10           --   Gb  - Linker created -
DMA1_Channel1_IRQHandler
                        0x0800f6af     0x6  Code  Gb  stm32f1xx_it.o [1]
DMA1_Channel3_IRQHandler
                        0x0800f6b5     0x6  Code  Gb  stm32f1xx_it.o [1]
DMA_SetConfig           0x0800c145    0x22  Code  Lc  stm32f1xx_hal_dma.o [1]
DebugMon_Handler        0x0800f69f     0x2  Code  Gb  stm32f1xx_it.o [1]
G_BLANK_REG             0x200094a4     0xc  Data  Gb  drv8711.o [1]
G_CTRL_REG              0x200095d4    0x20  Data  Gb  drv8711.o [1]
G_DECAY_REG             0x200094b0     0xc  Data  Gb  drv8711.o [1]
G_DRIVE_REG             0x20009460    0x1c  Data  Gb  drv8711.o [1]
G_OFF_REG               0x20009498     0xc  Data  Gb  drv8711.o [1]
G_STALL_REG             0x2000947c    0x10  Data  Gb  drv8711.o [1]
G_STATUS_REG            0x200095b0    0x24  Data  Gb  drv8711.o [1]
G_TORQUE_REG            0x2000948c     0xc  Data  Gb  drv8711.o [1]
HAL_ADC_ConfigChannel   0x08007e05    0xe4  Code  Gb  stm32f1xx_hal_adc.o [1]
HAL_ADC_Init            0x08007bed   0x110  Code  Gb  stm32f1xx_hal_adc.o [1]
HAL_ADC_MspInit         0x0800b4b9    0x8e  Code  Gb  adc.o [1]
HAL_ADC_Start_DMA       0x08007d05   0x100  Code  Gb  stm32f1xx_hal_adc.o [1]
HAL_DMA_IRQHandler      0x0800bf23   0x1dc  Code  Gb  stm32f1xx_hal_dma.o [1]
HAL_DMA_Init            0x0800be29    0x78  Code  Gb  stm32f1xx_hal_dma.o [1]
HAL_DMA_Start_IT        0x0800beaf    0x74  Code  Gb  stm32f1xx_hal_dma.o [1]
HAL_GPIO_Init           0x080095d1   0x192  Code  Gb  stm32f1xx_hal_gpio.o [1]
HAL_GPIO_ReadPin        0x08009763     0xc  Code  Gb  stm32f1xx_hal_gpio.o [1]
HAL_GPIO_WritePin       0x0800976f     0xc  Code  Gb  stm32f1xx_hal_gpio.o [1]
HAL_GetTick             0x0800c169     0xc  Code  Wk  stm32f1xx_hal.o [1]
HAL_IncTick             0x0800f6c9    0x10  Code  Wk  stm32f1xx_hal.o [1]
HAL_Init                0x0800b075    0x20  Code  Gb  stm32f1xx_hal.o [1]
HAL_InitTick            0x0800cbf1    0x28  Code  Wk  stm32f1xx_hal.o [1]
HAL_MspInit             0x0800cc19    0x8c  Code  Gb  stm32f1xx_hal_msp.o [1]
HAL_NVIC_EnableIRQ      0x0800bd87     0xa  Code  Gb  stm32f1xx_hal_cortex.o [1]
HAL_NVIC_SetPriority    0x0800bd4d    0x3a  Code  Gb  stm32f1xx_hal_cortex.o [1]
HAL_NVIC_SetPriorityGrouping
                        0x0800bd33    0x1a  Code  Gb  stm32f1xx_hal_cortex.o [1]
HAL_RCCEx_PeriphCLKConfig
                        0x0800bc2d    0xdc  Code  Gb  stm32f1xx_hal_rcc_ex.o [1]
HAL_RCC_ClockConfig     0x0800ba61   0x108  Code  Gb  stm32f1xx_hal_rcc.o [1]
HAL_RCC_GetHCLKFreq     0x0800bbc1     0x6  Code  Gb  stm32f1xx_hal_rcc.o [1]
HAL_RCC_GetPCLK1Freq    0x0800bbc7    0x10  Code  Gb  stm32f1xx_hal_rcc.o [1]
HAL_RCC_GetPCLK2Freq    0x0800bbd7     0xe  Code  Gb  stm32f1xx_hal_rcc.o [1]
HAL_RCC_GetSysClockFreq
                        0x0800bb87    0x3a  Code  Gb  stm32f1xx_hal_rcc.o [1]
HAL_RCC_GetSysClockFreq::aPLLMULFactorTable
                        0x0800bc18    0x10  Data  Lc  stm32f1xx_hal_rcc.o [1]
HAL_RCC_GetSysClockFreq::aPredivFactorTable
                        0x0800bc28     0x2  Data  Lc  stm32f1xx_hal_rcc.o [1]
HAL_RCC_OscConfig       0x0800b74d   0x30c  Code  Gb  stm32f1xx_hal_rcc.o [1]
HAL_SPI_Init            0x0800cca5    0x82  Code  Gb  stm32f1xx_hal_spi_ex.o [1]
HAL_SPI_MspInit         0x0800b2f5    0xa4  Code  Gb  spi.o [1]
HAL_SPI_TransmitReceive
                        0x0800a831   0x1aa  Code  Gb  stm32f1xx_hal_spi.o [1]
HAL_SPI_Transmit_DMA    0x0800aa0b    0x74  Code  Gb  stm32f1xx_hal_spi.o [1]
HAL_SYSTICK_CLKSourceConfig
                        0x0800bdc3    0x1a  Code  Gb  stm32f1xx_hal_cortex.o [1]
HAL_SYSTICK_Config      0x0800bd9b    0x28  Code  Gb  stm32f1xx_hal_cortex.o [1]
HAL_TIMEx_ConfigBreakDeadTime
                        0x0800cb4d    0x5a  Code  Gb  stm32f1xx_hal_tim_ex.o [1]
HAL_TIMEx_MasterConfigSynchronization
                        0x0800cba7    0x4a  Code  Gb  stm32f1xx_hal_tim_ex.o [1]
HAL_TIM_MspPostInit     0x0800afdd    0x38  Code  Gb  tim.o [1]
HAL_TIM_PWM_ConfigChannel
                        0x08007845    0xc0  Code  Gb  stm32f1xx_hal_tim.o [1]
HAL_TIM_PWM_Init        0x0800777b    0x1a  Code  Gb  stm32f1xx_hal_tim.o [1]
HAL_TIM_PWM_MspInit     0x0800afa3    0x3a  Code  Gb  tim.o [1]
HAL_TIM_PWM_Start       0x08007795    0x18  Code  Gb  stm32f1xx_hal_tim.o [1]
HAL_TIM_PWM_Stop        0x080077b5    0x38  Code  Gb  stm32f1xx_hal_tim.o [1]
HAL_UART_Init           0x0800cd29    0x1e  Code  Gb  stm32f1xx_hal_uart.o [1]
HAL_UART_MspInit        0x0800b5e7    0x62  Code  Gb  usart.o [1]
HardFault_Handler       0x0800f697     0x2  Code  Gb  stm32f1xx_it.o [1]
MX_ADC1_Init            0x0800b415    0x92  Code  Gb  adc.o [1]
MX_DMA_Init             0x0800b239    0x40  Code  Gb  dma.o [1]
MX_FREERTOS_Init        0x0800b6a5    0x20  Code  Gb  freertos.o [1]
MX_GPIO_Init            0x0800b099   0x15e  Code  Gb  gpio.o [1]
MX_SPI1_Init            0x0800b279    0x2c  Code  Gb  spi.o [1]
MX_SPI2_Init            0x0800b2a5    0x28  Code  Gb  spi.o [1]
MX_TIM2_Init            0x0800ae75    0x72  Code  Gb  tim.o [1]
MX_TIM8_Init            0x0800aeef    0xa0  Code  Gb  tim.o [1]
MX_TIM8_ReInit          0x08004e6f    0x3e  Code  Lc  user_tasks.o [1]
MX_USART3_UART_Init     0x0800b5b1    0x36  Code  Gb  usart.o [1]
MemManage_Handler       0x0800f699     0x2  Code  Gb  stm32f1xx_it.o [1]
NMI_Handler             0x0800f695     0x2  Code  Gb  stm32f1xx_it.o [1]
NVIC_SetPriority        0x0800bd15    0x1e  Code  Lc  stm32f1xx_hal_cortex.o [1]
PendSV_Handler          0x0800c3c5          Code  Gb  portasm.o [1]
RGB_LED_BUFF            0x200089f4   0x840  Data  Lc  rgb_led.o [1]
ReadAllRegisters        0x080098df   0x276  Code  Gb  drv8711.o [1]
Region$$Table$$Base     0x0800f730           --   Gb  - Linker created -
Region$$Table$$Limit    0x0800f750           --   Gb  - Linker created -
SEGGER_RTT_HasData      0x0800ae3d    0x14  Code  Gb  SEGGER_RTT.o [1]
SEGGER_RTT_Read         0x0800ad9d    0x16  Code  Gb  SEGGER_RTT.o [1]
SEGGER_RTT_ReadNoLock   0x0800ad29    0x74  Code  Gb  SEGGER_RTT.o [1]
SEGGER_RTT_Write        0x0800ae0b    0x2c  Code  Gb  SEGGER_RTT.o [1]
SEGGER_RTT_WriteNoLock  0x0800adb3    0x58  Code  Gb  SEGGER_RTT.o [1]
SEGGER_RTT_printf       0x0800772d    0x14  Code  Gb  SEGGER_RTT_printf.o [1]
SEGGER_RTT_vprintf      0x080075ad   0x16e  Code  Gb  SEGGER_RTT_printf.o [1]
SLAVE_MB_timer_expired_callback
                        0x0800c793    0x1e  Code  Gb  porttimer.o [1]
SLAVE_MB_timer_hdl      0x20000100     0x4  Data  Gb  user_tasks.o [1]
SLAVE_MODBUS_USARTIRQHandler
                        0x0800c535    0x36  Code  Gb  portserial.o [1]
SPI_CheckFlag_BSY       0x0800abe5    0x1c  Code  Lc  stm32f1xx_hal_spi.o [1]
SPI_DMAError            0x0800ab39    0x1e  Code  Lc  stm32f1xx_hal_spi.o [1]
SPI_DMAHalfTransmitCplt
                        0x0800ab31     0x6  Code  Lc  stm32f1xx_hal_spi.o [1]
SPI_DMATransmitCplt     0x0800aad1    0x3e  Code  Lc  stm32f1xx_hal_spi.o [1]
SPI_DRV8711_ReadWrite   0x08009c35    0x44  Code  Gb  drv8711.o [1]
SPI_WaitFlagStateUntilTimeout
                        0x0800ab59    0x8c  Code  Lc  stm32f1xx_hal_spi.o [1]
SVC_Handler             0x0800c40b          Code  Gb  portasm.o [1]
StartDefaultTask        0x0800b6c9    0x2a  Code  Gb  freertos.o [1]
SysTick_Handler         0x0800f6a1     0xe  Code  Gb  stm32f1xx_it.o [1]
SystemClock_Config      0x08007b5d    0x86  Code  Gb  main.o [1]
SystemCoreClock         0x20000098     0x4  Data  Gb  system_stm32f1xx.o [1]
SystemInit              0x0800f5c1    0x3a  Code  Gb  system_stm32f1xx.o [1]
TIM_Base_SetConfig      0x0800792d    0x74  Code  Gb  stm32f1xx_hal_tim.o [1]
TIM_CCxChannelCmd       0x08007b11    0x12  Code  Gb  stm32f1xx_hal_tim.o [1]
TIM_OC1_SetConfig       0x080079a1    0x52  Code  Lc  stm32f1xx_hal_tim.o [1]
TIM_OC2_SetConfig       0x080079f3    0x60  Code  Gb  stm32f1xx_hal_tim.o [1]
TIM_OC3_SetConfig       0x08007a53    0x58  Code  Lc  stm32f1xx_hal_tim.o [1]
TIM_OC4_SetConfig       0x08007ab7    0x46  Code  Lc  stm32f1xx_hal_tim.o [1]
UART_SetConfig          0x0800cda1    0xde  Code  Lc  stm32f1xx_hal_uart.o [1]
USART3_IRQHandler       0x0800f6c5     0x4  Code  Gb  stm32f1xx_it.o [1]
UsageFault_Handler      0x0800f69d     0x2  Code  Gb  stm32f1xx_it.o [1]
WriteAllRegisters       0x08009b65    0xd0  Code  Gb  drv8711.o [1]
_DoInit                 0x0800ac2d    0x54  Code  Lc  SEGGER_RTT.o [1]
_Error_Handler          0x08007be3     0x2  Code  Gb  main.o [1]
_GetAvailWriteSpace     0x0800ad0f    0x1a  Code  Lc  SEGGER_RTT.o [1]
_PrintInt               0x080074e5    0xc8  Code  Lc  SEGGER_RTT_printf.o [1]
_PrintUnsigned          0x0800741b    0xca  Code  Lc  SEGGER_RTT_printf.o [1]
_PrintUnsigned::_aV2C   0x08007740    0x10  Data  Lc  SEGGER_RTT_printf.o [1]
_SEGGER_RTT             0x2000793c    0xa8  Data  Gb  SEGGER_RTT.o [1]
_StoreChar              0x080073dd    0x3e  Code  Lc  SEGGER_RTT_printf.o [1]
_WriteBlocking          0x0800ac81    0x54  Code  Lc  SEGGER_RTT.o [1]
_WriteNoCheck           0x0800acd5    0x3a  Code  Lc  SEGGER_RTT.o [1]
__aeabi_assert          0x0800cb21    0x24  Code  Gb  ABIassert.o [5]
__aeabi_memclr4         0x08007be5          Code  Gb  ABImemclr4.o [4]
__aeabi_memcpy          0x08005199          Code  Gb  ABImemcpy.o [4]
__aeabi_memcpy4         0x080051b9          Code  Gb  ABImemcpy.o [4]
__aeabi_memcpy8         0x080051b9          Code  Gb  ABImemcpy.o [4]
__cmain                 0x0800f751          Code  Gb  cmain.o [4]
__exit                  0x0800ce91    0x14  Code  Gb  exit.o [5]
__iar_Memset4_word      0x0800bdf5          Code  Gb  ABImemset48.o [4]
__iar_Memset8_word      0x0800bdf5          Code  Gb  ABImemset48.o [4]
__iar_data_init3        0x0800f709    0x28  Code  Gb  data_init.o [4]
__iar_packbits_init_single3
                        0x0800f65d    0x38  Code  Gb  packbits_init_single.o [4]
__iar_program_start     0x0800f79d          Code  Gb  cstartup_M.o [4]
__iar_systems$$module {Abs}
                        0x00000001          Data  Gb  command line/config [2]
__iar_zero_init3        0x0800f61d    0x40  Code  Gb  zero_init3.o [4]
__low_level_init        0x0800f76b     0x4  Code  Gb  low_level_init.o [3]
__vector_table          0x08000000          Data  Gb  startup_stm32f103xe.o [1]
_acDownBuffer           0x200089e4    0x10  Data  Lc  SEGGER_RTT.o [1]
_acUpBuffer             0x200079e4  0x1000  Data  Lc  SEGGER_RTT.o [1]
_call_main              0x0800f75d          Code  Gb  cmain.o [4]
_exit                   0x0800f775          Code  Gb  cexit.o [4]
_main                   0x0800f767          Code  Gb  cmain.o [4]
abort                   0x0800ce89     0x6  Code  Gb  abort.o [3]
adc_average             0x200000a8     0xc  Data  Gb  user_tasks.o [1]
adc_msg_queue_hdl       0x200000e0     0x4  Data  Gb  user_tasks.o [1]
adc_process_sample_average
                        0x0800338d    0xba  Code  Lc  user_tasks.o [1]
adc_result              0x200000b4     0xc  Data  Gb  user_tasks.o [1]
adc_sample              0x200000c4     0xc  Data  Gb  user_tasks.o [1]
adc_task                0x0800357d    0xa4  Code  Lc  user_tasks.o [1]
adc_task_hdl            0x20009774     0x4  Data  Gb  user_tasks.o [1]
app_create_user_tasks   0x0800013d   0x168  Code  Gb  user_tasks.o [1]
app_error_handler       0x08005009    0x18  Code  Gb  app_error.o [1]
app_error_log           0x08004f49    0xb8  Code  Lc  app_error.o [1]
arxEventHdls            0x20009804     0x4  Data  Lc  portevent.o [1]
aucCRCHi                0x0800c920   0x100  Data  Lc  mbcrc.o [1]
aucCRCLo                0x0800ca20   0x100  Data  Lc  mbcrc.o [1]
bIsInitialized          0x20009800     0x1  Data  Lc  portevent.o [1]
bMBPIsWithinException   0x0800c44d     0xc  Code  Gb  portother.o [1]
begin                   0x080097cd   0x106  Code  Gb  drv8711.o [1]
compressor_msg_queue_hdl
                        0x200000f8     0x4  Data  Gb  user_tasks.o [1]
compressor_task         0x08002c99   0x138  Code  Lc  user_tasks.o [1]
compressor_task::compressor_pwr_on
                        0x20000118     0x1  Data  Lc  user_tasks.o [1]
compressor_task::cur_t  0x2000011a     0x2  Data  Lc  user_tasks.o [1]
compressor_task::decrease
                        0x20000120     0x2  Data  Lc  user_tasks.o [1]
compressor_task::increase
                        0x2000011e     0x2  Data  Lc  user_tasks.o [1]
compressor_task::msg    0x2000010c     0xc  Data  Lc  user_tasks.o [1]
compressor_task::setting_t
                        0x2000011c     0x2  Data  Lc  user_tasks.o [1]
compressor_task_hdl     0x20009794     0x4  Data  Gb  user_tasks.o [1]
defaultTaskHandle       0x20009808     0x4  Data  Gb  freertos.o [1]
eMBEnable               0x080071ed    0x1a  Code  Gb  mb.o [1]
eMBFuncReadHoldingRegister
                        0x0800f4df    0x5c  Code  Gb  mbfuncholding.o [1]
eMBFuncReadInputRegister
                        0x0800f55f    0x60  Code  Gb  mbfuncinput.o [1]
eMBFuncWriteHoldingRegister
                        0x0800f45d    0x32  Code  Gb  mbfuncholding.o [1]
eMBFuncWriteMultipleHoldingRegister
                        0x0800f48f    0x50  Code  Gb  mbfuncholding.o [1]
eMBInit                 0x08007195    0x58  Code  Gb  mb.o [1]
eMBPoll                 0x08007207    0x9a  Code  Gb  mb.o [1]
eMBPoll::ucFunctionCode
                        0x20000003     0x1  Data  Lc  mb.o [1]
eMBPoll::ucMBFrame      0x20000048     0x4  Data  Lc  mb.o [1]
eMBPoll::ucRcvAddress   0x20000002     0x1  Data  Lc  mb.o [1]
eMBPoll::usLength       0x20000024     0x2  Data  Lc  mb.o [1]
eMBRTUInit              0x0800a381    0x44  Code  Gb  mbrtu.o [1]
eMBRTUReceive           0x0800a3fd    0x56  Code  Gb  mbrtu.o [1]
eMBRTUSend              0x0800a453    0x5a  Code  Gb  mbrtu.o [1]
eMBRTUStart             0x0800a3c5    0x16  Code  Gb  mbrtu.o [1]
eMBRTUStop              0x0800a3e3    0x12  Code  Gb  mbrtu.o [1]
eMBRegHoldingCB         0x08005e43    0x84  Code  Gb  mb_reg.o [1]
eMBRegInputCB           0x08005e09    0x3a  Code  Gb  mb_reg.o [1]
eMBState                0x20000001     0x1  Data  Lc  mb.o [1]
eRcvState               0x200097f5     0x1  Data  Lc  mbrtu.o [1]
eSndState               0x200097f4     0x1  Data  Lc  mbrtu.o [1]
err_code_mutex_id       0x20000104     0x4  Data  Gb  user_tasks.o [1]
exit                    0x0800f76f     0x4  Code  Gb  exit.o [3]
get_reg_value           0x0800565f    0x58  Code  Gb  mb_reg.o [1]
get_status              0x080098dd     0x2  Code  Gb  drv8711.o [1]
hadc1                   0x200097a8    0x30  Data  Gb  adc.o [1]
hdma_adc1               0x2000956c    0x44  Data  Gb  adc.o [1]
hdma_spi1_tx            0x200095f4    0x44  Data  Gb  spi.o [1]
hspi1                   0x200094bc    0x58  Data  Gb  spi.o [1]
hspi2                   0x20009514    0x58  Data  Gb  spi.o [1]
htim2                   0x20009678    0x40  Data  Gb  tim.o [1]
htim8                   0x200096b8    0x40  Data  Gb  tim.o [1]
huart3                  0x200096f8    0x40  Data  Gb  usart.o [1]
inHandlerMode           0x0800524d     0xc  Code  Lc  cmsis_os.o [1]
io_check_task           0x0800cea5   0x788  Code  Gb  io_check_task.o [1]
io_check_task_hdl       0x200097a4     0x4  Data  Gb  user_tasks.o [1]
juice_all_completed     0x080038c3    0x1c  Code  Lc  user_tasks.o [1]
juice_msg_queue_hdl     0x200000fc     0x4  Data  Gb  user_tasks.o [1]
juice_set_fault_code    0x080036c1    0x48  Code  Lc  user_tasks.o [1]
juice_set_progress      0x08003775    0x48  Code  Lc  user_tasks.o [1]
juice_task              0x08002f79    0xb6  Code  Lc  user_tasks.o [1]
juice_task::msg         0x2000009c     0xc  Data  Lc  user_tasks.o [1]
juice_task::timeout     0x20000108     0x4  Data  Lc  user_tasks.o [1]
juice_task_hdl          0x20009798     0x4  Data  Gb  user_tasks.o [1]
juice_transaction_fault
                        0x080038e9    0x1c  Code  Lc  user_tasks.o [1]
juice_wait_signals      0x08003961    0x48  Code  Gb  user_tasks.o [1]
main                    0x08007b29    0x34  Code  Gb  main.o [1]
makeFreeRtosPriority    0x08005241     0xc  Code  Lc  cmsis_os.o [1]
manipulator_msg_queue_hdl
                        0x200000e8     0x4  Data  Gb  user_tasks.o [1]
manipulator_pwm_frequency::f
                        0x200000c2     0x2  Data  Lc  user_tasks.o [1]
manipulator_pwm_frequency::timeout
                        0x200000c0     0x2  Data  Lc  user_tasks.o [1]
manipulator_task        0x080016d5   0x51a  Code  Lc  user_tasks.o [1]
manipulator_task_hdl    0x2000978c     0x4  Data  Gb  user_tasks.o [1]
map                     0x080097b9    0x14  Code  Gb  drv8711.o [1]
mb_reg_init             0x080055cd    0x7a  Code  Gb  mb_reg.o [1]
modbus_task             0x080005d9    0x2c  Code  Lc  user_tasks.o [1]
modbus_task_hdl         0x200097a0     0x4  Data  Gb  user_tasks.o [1]
ntc_3950_get_t          0x0800a021    0x8e  Code  Gb  ntc_3950.o [1]
oh_door_msg_queue_hdl   0x200000e4     0x4  Data  Gb  user_tasks.o [1]
oh_door_task            0x08000bf1   0x286  Code  Lc  user_tasks.o [1]
oh_door_task_hdl        0x20009780     0x4  Data  Gb  user_tasks.o [1]
osDelay                 0x080052a9     0xe  Code  Gb  cmsis_os.o [1]
osKernelStart           0x08005259     0xa  Code  Gb  cmsis_os.o [1]
osKernelSysTick         0x08005263    0x18  Code  Gb  cmsis_os.o [1]
osMessageCreate         0x080054d9     0xa  Code  Gb  cmsis_os.o [1]
osMessageGet            0x08005525    0x6a  Code  Gb  cmsis_os.o [1]
osMessagePut            0x080054e3    0x42  Code  Gb  cmsis_os.o [1]
osMutexCreate           0x08005403     0x6  Code  Gb  cmsis_os.o [1]
osMutexRelease          0x08005445    0x30  Code  Gb  cmsis_os.o [1]
osMutexWait             0x08005409    0x3c  Code  Gb  cmsis_os.o [1]
osSignalSet             0x08005361    0x46  Code  Gb  cmsis_os.o [1]
osSignalWait            0x080053a7    0x50  Code  Gb  cmsis_os.o [1]
osSystickHandler        0x080055b3    0x14  Code  Gb  cmsis_os.o [1]
osThreadCreate          0x0800527b    0x2e  Code  Gb  cmsis_os.o [1]
osTimerCreate           0x080052b7    0x1a  Code  Gb  cmsis_os.o [1]
osTimerStart            0x080052d1    0x48  Code  Gb  cmsis_os.o [1]
osTimerStop             0x08005319    0x48  Code  Gb  cmsis_os.o [1]
overwrite_color         0x080073c9    0x12  Code  Gb  rgb_led.o [1]
peMBFrameReceiveCur     0x20000034     0x4  Data  Lc  mb.o [1]
peMBFrameSendCur        0x20000028     0x4  Data  Lc  mb.o [1]
presser_msg_queue_hdl   0x200000f4     0x4  Data  Gb  user_tasks.o [1]
presser_task            0x080027c9   0x1be  Code  Lc  user_tasks.o [1]
presser_task_hdl        0x20009790     0x4  Data  Gb  user_tasks.o [1]
prvAddCurrentTaskToDelayedList
                        0x08008967    0x64  Code  Lc  tasks.o [1]
prvAddNewTaskToReadyList
                        0x0800813d    0xa6  Code  Lc  tasks.o [1]
prvCheckForValidListAndQueue
                        0x08008cf9    0x46  Code  Lc  timers.o [1]
prvCopyDataFromQueue    0x080092fb    0x28  Code  Lc  queue.o [1]
prvCopyDataToQueue      0x08009293    0x68  Code  Lc  queue.o [1]
prvDeleteTCB            0x080085e7    0x14  Code  Lc  tasks.o [1]
prvIdleTask             0x0800858d    0x5a  Code  Lc  tasks.o [1]
prvInitialiseNewQueue   0x08008e05    0x16  Code  Lc  queue.o [1]
prvInitialiseNewTask    0x080080c5    0x78  Code  Lc  tasks.o [1]
prvInitialiseNewTimer   0x08008a43    0x3a  Code  Lc  timers.o [1]
prvInsertBlockIntoFreeList
                        0x0800c2e7    0x46  Code  Lc  heap_4.o [1]
prvInsertTimerInActiveList
                        0x08008bff    0x34  Code  Lc  timers.o [1]
prvIsQueueEmpty         0x08009385    0x16  Code  Lc  queue.o [1]
prvProcessReceivedCommands
                        0x08008c35    0xb4  Code  Lc  timers.o [1]
prvProcessTimerOrBlockTask
                        0x08008aeb    0x9a  Code  Lc  timers.o [1]
prvResetNextTaskUnblockTime
                        0x080085fb    0x1c  Code  Lc  tasks.o [1]
prvSampleTimeNow        0x08008b85    0x7a  Code  Lc  timers.o [1]
prvSampleTimeNow::xLastTime
                        0x20009748     0x4  Data  Lc  timers.o [1]
prvTaskExitError        0x0800944d    0x28  Code  Lc  port.o [1]
prvTimerTask            0x08008acd    0x1e  Code  Lc  timers.o [1]
prvUnlockQueue          0x08009323    0x62  Code  Lc  queue.o [1]
prveMBError2Exception   0x0800f53d    0x20  Code  Gb  mbutils.o [1]
ptr_slave_modbus_uart_handle
                        0x20000094     0x4  Data  Gb  portserial.o [1]
pucSndBufferCur         0x200097fc     0x4  Data  Lc  mbrtu.o [1]
pvMBFrameCloseCur       0x20000038     0x4  Data  Lc  mb.o [1]
pvMBFrameStartCur       0x2000002c     0x4  Data  Lc  mb.o [1]
pvMBFrameStopCur        0x20000030     0x4  Data  Lc  mb.o [1]
pvPortMalloc            0x0800c17d   0x108  Code  Gb  heap_4.o [1]
pvTaskIncrementMutexHeldCount
                        0x08008747    0x14  Code  Gb  tasks.o [1]
pxCurrentTCB            0x2000935c     0x4  Data  Gb  tasks.o [1]
pxCurrentTimerList      0x20009738     0x4  Data  Lc  timers.o [1]
pxDelayedTaskList       0x20009360     0x4  Data  Lc  tasks.o [1]
pxEnd                   0x2000012c     0x4  Data  Lc  heap_4.o [1]
pxMBFrameCBByteReceived
                        0x2000003c     0x4  Data  Gb  mb.o [1]
pxMBFrameCBTransmitterEmpty
                        0x20000040     0x4  Data  Gb  mb.o [1]
pxMBPortCBTimerExpired  0x20000044     0x4  Data  Gb  mb.o [1]
pxOverflowDelayedTaskList
                        0x20009364     0x4  Data  Lc  tasks.o [1]
pxOverflowTimerList     0x2000973c     0x4  Data  Lc  timers.o [1]
pxPortInitialiseStack   0x0800942d    0x20  Code  Gb  port.o [1]
pxReadyTasksLists       0x200093d4    0x8c  Data  Lc  tasks.o [1]
r_t_map                 0x0800a0f8   0x288  Data  Lc  ntc_3950.o [1]
rainbow                 0x08007331    0x7a  Code  Gb  rgb_led.o [1]
read_debug_cmd_handle   0x08005c93    0x62  Code  Lc  mb_reg.o [1]
read_fault_code_handle  0x080058e5    0x5c  Code  Lc  mb_reg.o [1]
read_sys_info_handle    0x08005d4f    0x70  Code  Lc  mb_reg.o [1]
read_t_setting_handle   0x08005a23    0x5a  Code  Lc  mb_reg.o [1]
reg_holding             0x2000004c    0x30  Data  Gb  mb_reg.o [1]
reg_input               0x2000007c     0xc  Data  Gb  mb_reg.o [1]
rgb_led_msg_queue_hdl   0x200000d8     0x4  Data  Gb  user_tasks.o [1]
rgb_led_task            0x08000649   0x1e6  Code  Lc  user_tasks.o [1]
rgb_led_task_hdl        0x20009778     0x4  Data  Gb  user_tasks.o [1]
running_led_msg_queue_hdl
                        0x200000dc     0x4  Data  Gb  user_tasks.o [1]
running_led_task        0x08000b71    0x2e  Code  Lc  user_tasks.o [1]
running_led_task_hdl    0x2000977c     0x4  Data  Gb  user_tasks.o [1]
servo1_msg_queue_hdl    0x200000ec     0x4  Data  Gb  user_tasks.o [1]
servo1_task             0x080013a9    0x90  Code  Lc  user_tasks.o [1]
servo1_task_hdl         0x20009784     0x4  Data  Gb  user_tasks.o [1]
servo2_msg_queue_hdl    0x200000f0     0x4  Data  Gb  user_tasks.o [1]
servo2_task             0x08001525    0x90  Code  Lc  user_tasks.o [1]
servo2_task_hdl         0x20009788     0x4  Data  Gb  user_tasks.o [1]
set_enable              0x080098d3     0x6  Code  Gb  drv8711.o [1]
set_reg_value           0x080056c9    0x58  Code  Gb  mb_reg.o [1]
single_color            0x080073ab    0x1e  Code  Gb  rgb_led.o [1]
strcmp                  0x0800e0ad          Code  Gb  strcmp.o [4]
strip_color             0x080072c9     0xc  Code  Lc  rgb_led.o [1]
strip_set_pixel_color   0x080072d5    0x46  Code  Lc  rgb_led.o [1]
strip_show              0x0800731b     0xc  Code  Lc  rgb_led.o [1]
sync_msg_queue_hdl      0x200000d4     0x4  Data  Gb  user_tasks.o [1]
sync_task               0x080039a9   0x80a  Code  Lc  user_tasks.o [1]
sync_task_hdl           0x200000d0     0x4  Data  Gb  user_tasks.o [1]
tasks_environment_init  0x08000449   0x12e  Code  Lc  user_tasks.o [1]
temperature_task        0x08003171    0xb8  Code  Lc  user_tasks.o [1]
temperature_task_hdl    0x2000979c     0x4  Data  Gb  user_tasks.o [1]
ucHeap                  0x2000013c  0x7800  Data  Lc  heap_4.o [1]
ucMBAddress             0x20000000     0x1  Data  Lc  mb.o [1]
ucMaxSysCallPriority    0x20000088     0x1  Data  Lc  port.o [1]
ucRTUBuf                0x20009234   0x100  Data  Gb  mbrtu.o [1]
ulMaxPRIGROUPValue      0x20000090     0x4  Data  Lc  port.o [1]
usMBCRC16               0x0800c8f1    0x2e  Code  Gb  mbcrc.o [1]
usRcvBufferPos          0x200097f8     0x2  Data  Lc  mbrtu.o [1]
usRegHoldingBuf         0x200097d8    0x10  Data  Lc  mb_reg.o [1]
usRegInputBuf           0x200097e8     0xc  Data  Lc  mb_reg.o [1]
usSndBufferCount        0x200097f6     0x2  Data  Lc  mbrtu.o [1]
uwTick                  0x2000980c     0x4  Data  Gb  stm32f1xx_hal.o [1]
uxCriticalNesting       0x2000008c     0x4  Data  Lc  port.o [1]
uxCurrentNumberOfTasks  0x20009380     0x4  Data  Lc  tasks.o [1]
uxDeletedTasksWaitingCleanUp
                        0x20009368     0x4  Data  Lc  tasks.o [1]
uxListRemove            0x0800c39f    0x24  Code  Gb  list.o [1]
uxPendedTicks           0x20009390     0x4  Data  Lc  tasks.o [1]
uxSchedulerSuspended    0x200093a4     0x4  Data  Lc  tasks.o [1]
uxTaskNumber            0x2000939c     0x4  Data  Lc  tasks.o [1]
uxTopReadyPriority      0x20009388     0x4  Data  Lc  tasks.o [1]
vApplicationMallocFailedHook
                        0x08000131     0xc  Code  Gb  user_tasks.o [1]
vListInitialise         0x0800c335    0x1a  Code  Gb  list.o [1]
vListInitialiseItem     0x0800c34f     0x6  Code  Gb  list.o [1]
vListInsert             0x0800c36d    0x32  Code  Gb  list.o [1]
vListInsertEnd          0x0800c355    0x18  Code  Gb  list.o [1]
vMBPPortEnterCritical   0x0800c459    0x12  Code  Gb  portother.o [1]
vMBPPortExitCritical    0x0800c46b    0x12  Code  Gb  portother.o [1]
vMBPortClose            0x0800c47d    0x12  Code  Gb  portother.o [1]
vMBPortEventClose       0x0800a679    0x32  Code  Gb  portevent.o [1]
vMBPortSerialClose      0x0800c4a9    0x14  Code  Gb  portserial.o [1]
vMBPortSerialEnable     0x0800c4bd    0x72  Code  Gb  portserial.o [1]
vMBPortTimerClose       0x0800c741    0x14  Code  Gb  porttimer.o [1]
vMBPortTimersDisable    0x0800c777    0x1c  Code  Gb  porttimer.o [1]
vMBPortTimersEnable     0x0800c755    0x1c  Code  Gb  porttimer.o [1]
vPortEnterCritical      0x080094d9    0x32  Code  Gb  port.o [1]
vPortExitCritical       0x0800950b    0x22  Code  Gb  port.o [1]
vPortFree               0x0800c293    0x46  Code  Gb  heap_4.o [1]
vPortStartFirstTask     0x0800c42b          Code  Gb  portasm.o [1]
vPortValidateInterruptPriority
                        0x08009555    0x42  Code  Gb  port.o [1]
vQueueAddToRegistry     0x0800939b    0x20  Code  Gb  queue.o [1]
vQueueDelete            0x08009279    0x1a  Code  Gb  queue.o [1]
vQueueUnregisterQueue   0x080093bb    0x22  Code  Gb  queue.o [1]
vQueueWaitForMessageRestricted
                        0x080093e5    0x48  Code  Gb  queue.o [1]
vTaskDelay              0x080081e3    0x2a  Code  Gb  tasks.o [1]
vTaskMissedYield        0x0800857f     0xa  Code  Gb  tasks.o [1]
vTaskPlaceOnEventList   0x08008459    0x14  Code  Gb  tasks.o [1]
vTaskPlaceOnEventListRestricted
                        0x08008471    0x1e  Code  Gb  tasks.o [1]
vTaskPriorityInherit    0x0800862f    0x76  Code  Gb  tasks.o [1]
vTaskSetTimeOutState    0x08008507    0x20  Code  Gb  tasks.o [1]
vTaskStartScheduler     0x0800821d    0x5e  Code  Gb  tasks.o [1]
vTaskSuspendAll         0x0800827b     0xc  Code  Gb  tasks.o [1]
vTaskSwitchContext      0x08008403    0x56  Code  Gb  tasks.o [1]
write_debug_cmd_handle  0x08005a95   0x1a0  Code  Lc  mb_reg.o [1]
write_fault_code_handle
                        0x0800581d    0xc2  Code  Lc  mb_reg.o [1]
write_opt_type_handle   0x08005733    0xd4  Code  Lc  mb_reg.o [1]
write_t_setting_handle  0x08005941    0xb2  Code  Lc  mb_reg.o [1]
xActiveTimerList1       0x2000974c    0x14  Data  Lc  timers.o [1]
xActiveTimerList2       0x20009760    0x14  Data  Lc  timers.o [1]
xBlockAllocatedBit      0x20000138     0x4  Data  Lc  heap_4.o [1]
xDelayedTaskList1       0x200093a8    0x14  Data  Lc  tasks.o [1]
xDelayedTaskList2       0x200093bc    0x14  Data  Lc  tasks.o [1]
xFreeBytesRemaining     0x20000130     0x4  Data  Lc  heap_4.o [1]
xFuncHandlers           0x20000004    0x20  Data  Lc  mb.o [1]
xIdleTaskHandle         0x200093d0     0x4  Data  Lc  tasks.o [1]
xMBPortEventGet         0x0800a6ff    0x3c  Code  Gb  portevent.o [1]
xMBPortEventInit        0x0800a641    0x38  Code  Gb  portevent.o [1]
xMBPortEventPost        0x0800a6ab    0x54  Code  Gb  portevent.o [1]
xMBPortSerialGetByte    0x0800c577     0xe  Code  Gb  portserial.o [1]
xMBPortSerialInit       0x0800c491    0x18  Code  Gb  portserial.o [1]
xMBPortSerialPutByte    0x0800c56b     0xc  Code  Gb  portserial.o [1]
xMBPortTimersInit       0x0800c729    0x18  Code  Gb  porttimer.o [1]
xMBRTUReceiveFSM        0x0800a4ad    0x50  Code  Gb  mbrtu.o [1]
xMBRTUTimerT35Expired   0x0800a573    0x46  Code  Gb  mbrtu.o [1]
xMBRTUTransmitFSM       0x0800a50b    0x52  Code  Gb  mbrtu.o [1]
xMinimumEverFreeBytesRemaining
                        0x20000134     0x4  Data  Lc  heap_4.o [1]
xNextTaskUnblockTime    0x200093a0     0x4  Data  Lc  tasks.o [1]
xNumOfOverflows         0x20009398     0x4  Data  Lc  tasks.o [1]
xPendingReadyList       0x20009334    0x14  Data  Lc  tasks.o [1]
xPortStartScheduler     0x08009475    0x64  Code  Gb  port.o [1]
xPortSysTickHandler     0x0800952d    0x26  Code  Gb  port.o [1]
xQueueCreateMutex       0x08008e1b    0x24  Code  Gb  queue.o [1]
xQueueGenericCreate     0x08008dcd    0x38  Code  Gb  queue.o [1]
xQueueGenericReceive    0x08009095   0x136  Code  Gb  queue.o [1]
xQueueGenericReset      0x08008d59    0x74  Code  Gb  queue.o [1]
xQueueGenericSend       0x08008e3f   0x122  Code  Gb  queue.o [1]
xQueueGenericSendFromISR
                        0x08008f61    0x92  Code  Gb  queue.o [1]
xQueueGiveFromISR       0x08008ff3    0x78  Code  Gb  queue.o [1]
xQueueReceiveFromISR    0x080091e3    0x7e  Code  Gb  queue.o [1]
xQueueRegistry          0x20009638    0x40  Data  Gb  queue.o [1]
xSchedulerRunning       0x2000938c     0x4  Data  Lc  tasks.o [1]
xStart                  0x20000124     0x8  Data  Lc  heap_4.o [1]
xSuspendedTaskList      0x2000936c    0x14  Data  Lc  tasks.o [1]
xTaskCheckForTimeOut    0x08008527    0x58  Code  Gb  tasks.o [1]
xTaskCreate             0x0800806d    0x58  Code  Gb  tasks.o [1]
xTaskGenericNotify      0x080087f9    0x84  Code  Gb  tasks.o [1]
xTaskGenericNotifyFromISR
                        0x08008899    0xa8  Code  Gb  tasks.o [1]
xTaskGetSchedulerState  0x08008617    0x18  Code  Gb  tasks.o [1]
xTaskGetTickCount       0x0800832b     0x8  Code  Gb  tasks.o [1]
xTaskGetTickCountFromISR
                        0x08008333     0xe  Code  Gb  tasks.o [1]
xTaskIncrementTick      0x08008341    0xc2  Code  Gb  tasks.o [1]
xTaskNotifyWait         0x08008781    0x72  Code  Gb  tasks.o [1]
xTaskPriorityDisinherit
                        0x080086a5    0x82  Code  Gb  tasks.o [1]
xTaskRemoveFromEventList
                        0x080084ad    0x4e  Code  Gb  tasks.o [1]
xTaskResumeAll          0x08008287    0x9c  Code  Gb  tasks.o [1]
xTasksWaitingTermination
                        0x20009348    0x14  Data  Lc  tasks.o [1]
xTickCount              0x20009384     0x4  Data  Lc  tasks.o [1]
xTimerCreate            0x08008a15    0x2e  Code  Gb  timers.o [1]
xTimerCreateTimerTask   0x080089e1    0x34  Code  Gb  timers.o [1]
xTimerGenericCommand    0x08008a7d    0x4e  Code  Gb  timers.o [1]
xTimerQueue             0x20009740     0x4  Data  Lc  timers.o [1]
xTimerTaskHandle        0x20009744     0x4  Data  Lc  timers.o [1]
xYieldPending           0x20009394     0x4  Data  Lc  tasks.o [1]


[1] = D:\development\st\stm32\src_code\cicilight_prj\cicilight_prj\EWARM\cicilight_prj\Obj
[2] = command line
[3] = dl7M_tlf.a
[4] = rt7M_tl.a
[5] = shb_l.a

  58 570 bytes of readonly  code memory
   5 187 bytes of readonly  data memory
  39 950 bytes of readwrite data memory

Errors: none
Warnings: none
