###############################################################################
#
# IAR ELF Linker V8.11.2.13589/W32 for ARM                26/Oct/2017  22:58:57
# Copyright 2007-2017 IAR Systems AB.
#
#    Output file  =  
#        D:\development\st\stm32\src_code\cicilight_prj\cicilight_prj\EWARM\cicilight_prj\Exe\cicilight_prj.out
#    Map file     =  
#        D:\development\st\stm32\src_code\cicilight_prj\cicilight_prj\EWARM\cicilight_prj\List\cicilight_prj.map
#    Command line =  
#        -f C:\Users\wkxbo\AppData\Local\Temp\EWECDF.tmp
#        (D:\development\st\stm32\src_code\cicilight_prj\cicilight_prj\EWARM\cicilight_prj\Obj\adc.o
#        D:\development\st\stm32\src_code\cicilight_prj\cicilight_prj\EWARM\cicilight_prj\Obj\app_error.o
#        D:\development\st\stm32\src_code\cicilight_prj\cicilight_prj\EWARM\cicilight_prj\Obj\app_log.o
#        D:\development\st\stm32\src_code\cicilight_prj\cicilight_prj\EWARM\cicilight_prj\Obj\app_log_port.o
#        D:\development\st\stm32\src_code\cicilight_prj\cicilight_prj\EWARM\cicilight_prj\Obj\cmsis_os.o
#        D:\development\st\stm32\src_code\cicilight_prj\cicilight_prj\EWARM\cicilight_prj\Obj\croutine.o
#        D:\development\st\stm32\src_code\cicilight_prj\cicilight_prj\EWARM\cicilight_prj\Obj\dma.o
#        D:\development\st\stm32\src_code\cicilight_prj\cicilight_prj\EWARM\cicilight_prj\Obj\drv8711.o
#        D:\development\st\stm32\src_code\cicilight_prj\cicilight_prj\EWARM\cicilight_prj\Obj\event_groups.o
#        D:\development\st\stm32\src_code\cicilight_prj\cicilight_prj\EWARM\cicilight_prj\Obj\freertos.o
#        D:\development\st\stm32\src_code\cicilight_prj\cicilight_prj\EWARM\cicilight_prj\Obj\gpio.o
#        D:\development\st\stm32\src_code\cicilight_prj\cicilight_prj\EWARM\cicilight_prj\Obj\heap_4.o
#        D:\development\st\stm32\src_code\cicilight_prj\cicilight_prj\EWARM\cicilight_prj\Obj\io_check_task.o
#        D:\development\st\stm32\src_code\cicilight_prj\cicilight_prj\EWARM\cicilight_prj\Obj\JJDK_ZK_GZ1.o
#        D:\development\st\stm32\src_code\cicilight_prj\cicilight_prj\EWARM\cicilight_prj\Obj\list.o
#        D:\development\st\stm32\src_code\cicilight_prj\cicilight_prj\EWARM\cicilight_prj\Obj\main.o
#        D:\development\st\stm32\src_code\cicilight_prj\cicilight_prj\EWARM\cicilight_prj\Obj\mb.o
#        D:\development\st\stm32\src_code\cicilight_prj\cicilight_prj\EWARM\cicilight_prj\Obj\mb_reg.o
#        D:\development\st\stm32\src_code\cicilight_prj\cicilight_prj\EWARM\cicilight_prj\Obj\mbcrc.o
#        D:\development\st\stm32\src_code\cicilight_prj\cicilight_prj\EWARM\cicilight_prj\Obj\mbfunccoils.o
#        D:\development\st\stm32\src_code\cicilight_prj\cicilight_prj\EWARM\cicilight_prj\Obj\mbfuncdiag.o
#        D:\development\st\stm32\src_code\cicilight_prj\cicilight_prj\EWARM\cicilight_prj\Obj\mbfuncdisc.o
#        D:\development\st\stm32\src_code\cicilight_prj\cicilight_prj\EWARM\cicilight_prj\Obj\mbfuncholding.o
#        D:\development\st\stm32\src_code\cicilight_prj\cicilight_prj\EWARM\cicilight_prj\Obj\mbfuncinput.o
#        D:\development\st\stm32\src_code\cicilight_prj\cicilight_prj\EWARM\cicilight_prj\Obj\mbfuncother.o
#        D:\development\st\stm32\src_code\cicilight_prj\cicilight_prj\EWARM\cicilight_prj\Obj\mbrtu.o
#        D:\development\st\stm32\src_code\cicilight_prj\cicilight_prj\EWARM\cicilight_prj\Obj\mbutils.o
#        D:\development\st\stm32\src_code\cicilight_prj\cicilight_prj\EWARM\cicilight_prj\Obj\ntc_3950.o
#        D:\development\st\stm32\src_code\cicilight_prj\cicilight_prj\EWARM\cicilight_prj\Obj\port.o
#        D:\development\st\stm32\src_code\cicilight_prj\cicilight_prj\EWARM\cicilight_prj\Obj\portasm.o
#        D:\development\st\stm32\src_code\cicilight_prj\cicilight_prj\EWARM\cicilight_prj\Obj\portevent.o
#        D:\development\st\stm32\src_code\cicilight_prj\cicilight_prj\EWARM\cicilight_prj\Obj\portother.o
#        D:\development\st\stm32\src_code\cicilight_prj\cicilight_prj\EWARM\cicilight_prj\Obj\portserial.o
#        D:\development\st\stm32\src_code\cicilight_prj\cicilight_prj\EWARM\cicilight_prj\Obj\porttimer.o
#        D:\development\st\stm32\src_code\cicilight_prj\cicilight_prj\EWARM\cicilight_prj\Obj\queue.o
#        D:\development\st\stm32\src_code\cicilight_prj\cicilight_prj\EWARM\cicilight_prj\Obj\rgb_led.o
#        D:\development\st\stm32\src_code\cicilight_prj\cicilight_prj\EWARM\cicilight_prj\Obj\SEGGER_RTT.o
#        D:\development\st\stm32\src_code\cicilight_prj\cicilight_prj\EWARM\cicilight_prj\Obj\SEGGER_RTT_printf.o
#        D:\development\st\stm32\src_code\cicilight_prj\cicilight_prj\EWARM\cicilight_prj\Obj\SEGGER_RTT_Syscalls_IAR.o
#        D:\development\st\stm32\src_code\cicilight_prj\cicilight_prj\EWARM\cicilight_prj\Obj\spi.o
#        D:\development\st\stm32\src_code\cicilight_prj\cicilight_prj\EWARM\cicilight_prj\Obj\startup_stm32f103xe.o
#        D:\development\st\stm32\src_code\cicilight_prj\cicilight_prj\EWARM\cicilight_prj\Obj\stm32f1xx_hal.o
#        D:\development\st\stm32\src_code\cicilight_prj\cicilight_prj\EWARM\cicilight_prj\Obj\stm32f1xx_hal_adc.o
#        D:\development\st\stm32\src_code\cicilight_prj\cicilight_prj\EWARM\cicilight_prj\Obj\stm32f1xx_hal_adc_ex.o
#        D:\development\st\stm32\src_code\cicilight_prj\cicilight_prj\EWARM\cicilight_prj\Obj\stm32f1xx_hal_cortex.o
#        D:\development\st\stm32\src_code\cicilight_prj\cicilight_prj\EWARM\cicilight_prj\Obj\stm32f1xx_hal_dma.o
#        D:\development\st\stm32\src_code\cicilight_prj\cicilight_prj\EWARM\cicilight_prj\Obj\stm32f1xx_hal_flash.o
#        D:\development\st\stm32\src_code\cicilight_prj\cicilight_prj\EWARM\cicilight_prj\Obj\stm32f1xx_hal_flash_ex.o
#        D:\development\st\stm32\src_code\cicilight_prj\cicilight_prj\EWARM\cicilight_prj\Obj\stm32f1xx_hal_gpio.o
#        D:\development\st\stm32\src_code\cicilight_prj\cicilight_prj\EWARM\cicilight_prj\Obj\stm32f1xx_hal_gpio_ex.o
#        D:\development\st\stm32\src_code\cicilight_prj\cicilight_prj\EWARM\cicilight_prj\Obj\stm32f1xx_hal_msp.o
#        D:\development\st\stm32\src_code\cicilight_prj\cicilight_prj\EWARM\cicilight_prj\Obj\stm32f1xx_hal_pwr.o
#        D:\development\st\stm32\src_code\cicilight_prj\cicilight_prj\EWARM\cicilight_prj\Obj\stm32f1xx_hal_rcc.o
#        D:\development\st\stm32\src_code\cicilight_prj\cicilight_prj\EWARM\cicilight_prj\Obj\stm32f1xx_hal_rcc_ex.o
#        D:\development\st\stm32\src_code\cicilight_prj\cicilight_prj\EWARM\cicilight_prj\Obj\stm32f1xx_hal_spi.o
#        D:\development\st\stm32\src_code\cicilight_prj\cicilight_prj\EWARM\cicilight_prj\Obj\stm32f1xx_hal_spi_ex.o
#        D:\development\st\stm32\src_code\cicilight_prj\cicilight_prj\EWARM\cicilight_prj\Obj\stm32f1xx_hal_tim.o
#        D:\development\st\stm32\src_code\cicilight_prj\cicilight_prj\EWARM\cicilight_prj\Obj\stm32f1xx_hal_tim_ex.o
#        D:\development\st\stm32\src_code\cicilight_prj\cicilight_prj\EWARM\cicilight_prj\Obj\stm32f1xx_hal_uart.o
#        D:\development\st\stm32\src_code\cicilight_prj\cicilight_prj\EWARM\cicilight_prj\Obj\stm32f1xx_it.o
#        D:\development\st\stm32\src_code\cicilight_prj\cicilight_prj\EWARM\cicilight_prj\Obj\system_stm32f1xx.o
#        D:\development\st\stm32\src_code\cicilight_prj\cicilight_prj\EWARM\cicilight_prj\Obj\tasks.o
#        D:\development\st\stm32\src_code\cicilight_prj\cicilight_prj\EWARM\cicilight_prj\Obj\tim.o
#        D:\development\st\stm32\src_code\cicilight_prj\cicilight_prj\EWARM\cicilight_prj\Obj\timers.o
#        D:\development\st\stm32\src_code\cicilight_prj\cicilight_prj\EWARM\cicilight_prj\Obj\usart.o
#        D:\development\st\stm32\src_code\cicilight_prj\cicilight_prj\EWARM\cicilight_prj\Obj\user_tasks.o
#        --redirect _Printf=_PrintfFull --redirect _Scanf=_ScanfFull -o
#        D:\development\st\stm32\src_code\cicilight_prj\cicilight_prj\EWARM\cicilight_prj\Exe\cicilight_prj.out
#        --map
#        D:\development\st\stm32\src_code\cicilight_prj\cicilight_prj\EWARM\cicilight_prj\List\cicilight_prj.map
#        --config
#        D:\development\st\stm32\src_code\cicilight_prj\cicilight_prj\EWARM/stm32f103xe_flash.icf
#        --semihosting --entry __iar_program_start --vfe --text_out locale)
#
###############################################################################

*******************************************************************************
*** RUNTIME MODEL ATTRIBUTES
***

CppFlavor       = *
__SystemLibrary = DLib
__dlib_version  = 6


*******************************************************************************
*** HEAP SELECTION
***

The basic heap was selected because no calls to memory allocation
functions were found in the application outside of system library
functions, and there are calls to deallocation functions in the
application.


*******************************************************************************
*** PLACEMENT SUMMARY
***

"A0":  place at 0x08000000 { ro section .intvec };
"P1":  place in [from 0x08000000 to 0x0807ffff] { ro };
define block CSTACK with size = 1K, alignment = 8 { };
define block HEAP with size = 0M, alignment = 8 { };
"P2":  place in [from 0x20000000 to 0x2000ffff] {
          rw, block CSTACK, block HEAP };
initialize by copy { rw };

  Section            Kind        Address    Size  Object
  -------            ----        -------    ----  ------
"A0":                                      0x130
  .intvec            ro code  0x08000000   0x130  startup_stm32f103xe.o [1]
                            - 0x08000130   0x130

"P1":                                     0xf2e9
  .text              ro code  0x08000130  0x4d56  user_tasks.o [1]
  .text              ro code  0x08004e88    0xa6  ABImemcpy.o [4]
  .text              ro code  0x08004f30   0x38c  cmsis_os.o [1]
  .text              ro code  0x080052bc  0x16ac  mb_reg.o [1]
  .text              ro code  0x08006968   0x480  JJDK_ZK_GZ1.o [1]
  .text              ro code  0x08006de8     0x4  app_log_port.o [1]
  .text              ro code  0x08006dec   0x134  mb.o [1]
  .text              ro code  0x08006f20    0x8c  rgb_led.o [1]
  .text              ro code  0x08006fac   0x374  SEGGER_RTT_printf.o [1]
  .text              ro code  0x08007320   0x3d8  stm32f1xx_hal_tim.o [1]
  .text              ro code  0x080076f8    0xbc  main.o [1]
  .text              ro code  0x080077b4     0x6  ABImemclr4.o [4]
  .text              ro code  0x080077bc   0x452  stm32f1xx_hal_adc.o [1]
  .text              ro code  0x08007c10    0xa4  stm32f1xx_hal_tim_ex.o [1]
  .text              ro code  0x08007cb4   0x974  tasks.o [1]
  .text              ro code  0x08008628   0x378  timers.o [1]
  .text              ro code  0x080089a0   0x6d4  queue.o [1]
  .text              ro code  0x08009074   0x1a4  port.o [1]
  .text              ro code  0x08009218   0x1e8  stm32f1xx_hal_gpio.o [1]
  .text              ro code  0x08009400   0x5c0  drv8711.o [1]
  .text              ro code  0x080099c0   0x360  ntc_3950.o [1]
  .text              ro code  0x08009d20   0x2c0  mbrtu.o [1]
  .text              ro code  0x08009fe0   0x1f0  portevent.o [1]
  .text              ro code  0x0800a1d0   0x3fc  stm32f1xx_hal_spi.o [1]
  .text              ro code  0x0800a5cc   0x244  SEGGER_RTT.o [1]
  .text              ro code  0x0800a810   0x200  tim.o [1]
  .text              ro code  0x0800aa10    0x24  stm32f1xx_hal.o [1]
  .text              ro code  0x0800aa34   0x198  gpio.o [1]
  .text              ro code  0x0800abcc    0x40  dma.o [1]
  .text              ro code  0x0800ac0c   0x19c  spi.o [1]
  .text              ro code  0x0800ada8   0x19c  adc.o [1]
  .text              ro code  0x0800af44    0xf4  usart.o [1]
  .text              ro code  0x0800b038    0x48  freertos.o [1]
  .text              ro code  0x0800b080   0x4de  stm32f1xx_hal_rcc.o [1]
  .text              ro code  0x0800b560    0xe8  stm32f1xx_hal_rcc_ex.o [1]
  .text              ro code  0x0800b648    0xe0  stm32f1xx_hal_cortex.o [1]
  .text              ro code  0x0800b728    0x32  ABImemset48.o [4]
  .text              ro code  0x0800b75c   0x33e  stm32f1xx_hal_dma.o [1]
  .text              ro code  0x0800ba9c     0xc  stm32f1xx_hal.o [1]
  .text              ro code  0x0800baa8     0x2  stm32f1xx_hal_adc.o [1]
  .text              ro code  0x0800baaa     0x2  stm32f1xx_hal_adc.o [1]
  .text              ro code  0x0800baac     0x2  stm32f1xx_hal_adc.o [1]
  .text              ro code  0x0800bab0   0x1b8  heap_4.o [1]
  .text              ro code  0x0800bc68    0x8e  list.o [1]
  CODE               ro code  0x0800bcf8    0x88  portasm.o [1]
  .text              ro code  0x0800bd80    0x42  portother.o [1]
  .text              ro code  0x0800bdc4   0x298  portserial.o [1]
  .text              ro code  0x0800c05c   0x1c8  porttimer.o [1]
  .text              ro code  0x0800c224   0x230  mbcrc.o [1]
  .text              ro code  0x0800c454    0x24  ABIassert.o [5]
  .text              ro code  0x0800c478     0x2  stm32f1xx_hal_spi.o [1]
  .text              ro code  0x0800c47a     0x2  stm32f1xx_hal_spi.o [1]
  .text              ro code  0x0800c47c     0x2  stm32f1xx_hal_spi.o [1]
  .text              ro code  0x0800c480    0x28  stm32f1xx_hal.o [1]
  .text              ro code  0x0800c4a8    0x8c  stm32f1xx_hal_msp.o [1]
  .text              ro code  0x0800c534    0x82  stm32f1xx_hal_spi_ex.o [1]
  .text              ro code  0x0800c5b8   0x160  stm32f1xx_hal_uart.o [1]
  .text              ro code  0x0800c718     0x2  freertos.o [1]
  .text              ro code  0x0800c71a     0x6  abort.o [3]
  .text              ro code  0x0800c720    0x14  exit.o [5]
  .text              ro code  0x0800c734   0xf3e  io_check_task.o [1]
  .text              ro code  0x0800d674    0x4a  strcmp.o [4]
  .rodata            const    0x0800d6c0   0xf14  user_tasks.o [1]
  .rodata            const    0x0800e5d4   0x9c4  io_check_task.o [1]
  .text              ro code  0x0800ef98    0xde  mbfuncholding.o [1]
  .text              ro code  0x0800f078    0x22  mbutils.o [1]
  .text              ro code  0x0800f09a    0x60  mbfuncinput.o [1]
  .text              ro code  0x0800f0fc    0x5c  system_stm32f1xx.o [1]
  .text              ro code  0x0800f158    0x40  zero_init3.o [4]
  .text              ro code  0x0800f198    0x38  packbits_init_single.o [4]
  .text              ro code  0x0800f1d0    0x34  stm32f1xx_it.o [1]
  .text              ro code  0x0800f204    0x10  stm32f1xx_hal.o [1]
  .text              ro code  0x0800f214    0x28  data_init.o [4]
  .iar.init_table    const    0x0800f23c    0x20  - Linker created -
  .text              ro code  0x0800f25c    0x1a  cmain.o [4]
  .text              ro code  0x0800f276     0x4  low_level_init.o [3]
  .text              ro code  0x0800f27a     0x4  exit.o [3]
  .text              ro code  0x0800f280     0xa  cexit.o [4]
  .text              ro code  0x0800f28c    0x10  startup_stm32f103xe.o [1]
  .rodata            const    0x0800f29c     0xc  freertos.o [1]
  .text              ro code  0x0800f2a8     0xc  cstartup_M.o [4]
  .rodata            const    0x0800f2b4     0x8  system_stm32f1xx.o [1]
  .text              ro code  0x0800f2bc     0x4  startup_stm32f103xe.o [1]
  .text              ro code  0x0800f2c0     0x4  startup_stm32f103xe.o [1]
  .text              ro code  0x0800f2c4     0x4  startup_stm32f103xe.o [1]
  .text              ro code  0x0800f2c8     0x4  startup_stm32f103xe.o [1]
  .text              ro code  0x0800f2cc     0x4  startup_stm32f103xe.o [1]
  .text              ro code  0x0800f2d0     0x4  startup_stm32f103xe.o [1]
  .text              ro code  0x0800f2d4     0x4  startup_stm32f103xe.o [1]
  .text              ro code  0x0800f2d8     0x4  startup_stm32f103xe.o [1]
  .text              ro code  0x0800f2dc     0x4  startup_stm32f103xe.o [1]
  .text              ro code  0x0800f2e0     0x4  startup_stm32f103xe.o [1]
  .text              ro code  0x0800f2e4     0x4  startup_stm32f103xe.o [1]
  .text              ro code  0x0800f2e8     0x4  startup_stm32f103xe.o [1]
  .text              ro code  0x0800f2ec     0x4  startup_stm32f103xe.o [1]
  .text              ro code  0x0800f2f0     0x4  startup_stm32f103xe.o [1]
  .text              ro code  0x0800f2f4     0x4  startup_stm32f103xe.o [1]
  .text              ro code  0x0800f2f8     0x4  startup_stm32f103xe.o [1]
  .text              ro code  0x0800f2fc     0x4  startup_stm32f103xe.o [1]
  .text              ro code  0x0800f300     0x4  startup_stm32f103xe.o [1]
  .text              ro code  0x0800f304     0x4  startup_stm32f103xe.o [1]
  .text              ro code  0x0800f308     0x4  startup_stm32f103xe.o [1]
  .text              ro code  0x0800f30c     0x4  startup_stm32f103xe.o [1]
  .text              ro code  0x0800f310     0x4  startup_stm32f103xe.o [1]
  .text              ro code  0x0800f314     0x4  startup_stm32f103xe.o [1]
  .text              ro code  0x0800f318     0x4  startup_stm32f103xe.o [1]
  .text              ro code  0x0800f31c     0x4  startup_stm32f103xe.o [1]
  .text              ro code  0x0800f320     0x4  startup_stm32f103xe.o [1]
  .text              ro code  0x0800f324     0x4  startup_stm32f103xe.o [1]
  .text              ro code  0x0800f328     0x4  startup_stm32f103xe.o [1]
  .text              ro code  0x0800f32c     0x4  startup_stm32f103xe.o [1]
  .text              ro code  0x0800f330     0x4  startup_stm32f103xe.o [1]
  .text              ro code  0x0800f334     0x4  startup_stm32f103xe.o [1]
  .text              ro code  0x0800f338     0x4  startup_stm32f103xe.o [1]
  .text              ro code  0x0800f33c     0x4  startup_stm32f103xe.o [1]
  .text              ro code  0x0800f340     0x4  startup_stm32f103xe.o [1]
  .text              ro code  0x0800f344     0x4  startup_stm32f103xe.o [1]
  .text              ro code  0x0800f348     0x4  startup_stm32f103xe.o [1]
  .text              ro code  0x0800f34c     0x4  startup_stm32f103xe.o [1]
  .text              ro code  0x0800f350     0x4  startup_stm32f103xe.o [1]
  .text              ro code  0x0800f354     0x4  startup_stm32f103xe.o [1]
  .text              ro code  0x0800f358     0x4  startup_stm32f103xe.o [1]
  .text              ro code  0x0800f35c     0x4  startup_stm32f103xe.o [1]
  .text              ro code  0x0800f360     0x4  startup_stm32f103xe.o [1]
  .text              ro code  0x0800f364     0x4  startup_stm32f103xe.o [1]
  .text              ro code  0x0800f368     0x4  startup_stm32f103xe.o [1]
  .text              ro code  0x0800f36c     0x4  startup_stm32f103xe.o [1]
  .text              ro code  0x0800f370     0x4  startup_stm32f103xe.o [1]
  .text              ro code  0x0800f374     0x4  startup_stm32f103xe.o [1]
  .text              ro code  0x0800f378     0x4  startup_stm32f103xe.o [1]
  .text              ro code  0x0800f37c     0x4  startup_stm32f103xe.o [1]
  .text              ro code  0x0800f380     0x4  startup_stm32f103xe.o [1]
  .text              ro code  0x0800f384     0x4  startup_stm32f103xe.o [1]
  .text              ro code  0x0800f388     0x4  startup_stm32f103xe.o [1]
  .text              ro code  0x0800f38c     0x4  startup_stm32f103xe.o [1]
  .text              ro code  0x0800f390     0x4  startup_stm32f103xe.o [1]
  .text              ro code  0x0800f394     0x4  startup_stm32f103xe.o [1]
  .text              ro code  0x0800f398     0x4  startup_stm32f103xe.o [1]
  .text              ro code  0x0800f39c     0x4  startup_stm32f103xe.o [1]
  .rodata            const    0x0800f3a0     0x0  zero_init3.o [4]
  .rodata            const    0x0800f3a0     0x0  packbits_init_single.o [4]
  Initializer bytes  const    0x0800f3a0    0x79  <for P2-1>
                            - 0x0800f419  0xf2e9

"P2", part 1 of 3:                         0x122
  P2-1                        0x20000000   0x122  <Init block>
    .data            inited   0x20000000    0x4c  mb.o [1]
    .data            inited   0x2000004c    0x30  mb_reg.o [1]
    .data            inited   0x2000007c     0xc  mb_reg.o [1]
    .data            inited   0x20000088     0xc  port.o [1]
    .data            inited   0x20000094     0x4  portserial.o [1]
    .data            inited   0x20000098     0x4  system_stm32f1xx.o [1]
    .data            inited   0x2000009c    0x70  user_tasks.o [1]
    .data            inited   0x2000010c    0x16  user_tasks.o [1]
                            - 0x20000122   0x122

"P2", part 2 of 3:                        0x8eec
  .bss               zero     0x20000124  0x7818  heap_4.o [1]
  .bss               zero     0x2000793c   0x8b8  SEGGER_RTT.o [1]
  .bss               zero     0x200081f4   0x840  rgb_led.o [1]
  .bss               zero     0x20008a34   0x100  mbrtu.o [1]
  .bss               zero     0x20008b34    0xa0  tasks.o [1]
  .bss               zero     0x20008bd4    0x8c  tasks.o [1]
  .bss               zero     0x20008c60    0x5c  drv8711.o [1]
  .bss               zero     0x20008cbc    0x58  spi.o [1]
  .bss               zero     0x20008d14    0x58  spi.o [1]
  .bss               zero     0x20008d6c    0x44  adc.o [1]
  .bss               zero     0x20008db0    0x44  drv8711.o [1]
  .bss               zero     0x20008df4    0x44  spi.o [1]
  .bss               zero     0x20008e38    0x40  queue.o [1]
  .bss               zero     0x20008e78    0x40  tim.o [1]
  .bss               zero     0x20008eb8    0x40  tim.o [1]
  .bss               zero     0x20008ef8    0x40  usart.o [1]
  .bss               zero     0x20008f38    0x3c  timers.o [1]
  .bss               zero     0x20008f74    0x34  user_tasks.o [1]
  .bss               zero     0x20008fa8    0x30  adc.o [1]
  .bss               zero     0x20008fd8    0x1c  mb_reg.o [1]
  .bss               zero     0x20008ff4     0xc  mbrtu.o [1]
  .bss               zero     0x20009000     0x8  portevent.o [1]
  .bss               zero     0x20009008     0x4  freertos.o [1]
  .bss               zero     0x2000900c     0x4  stm32f1xx_hal.o [1]
                            - 0x20009010  0x8eec

"P2", part 3 of 3:                         0x400
  CSTACK                      0x20009010   0x400  <Block>
    CSTACK           uninit   0x20009010   0x400  <Block tail>
                            - 0x20009410   0x400


*******************************************************************************
*** INIT TABLE
***

          Address     Size
          -------     ----
Zero (__iar_zero_init3)
    1 destination range, total size 0x8eec:
          0x20000124  0x8eec

Copy/packbits (__iar_packbits_init_single3)
    1 source range, total size 0x79 (41% of destination):
          0x0800f3a0    0x79
    1 destination range, total size 0x122:
          0x20000000   0x122



*******************************************************************************
*** MODULE SUMMARY
***

    Module                  ro code  ro data  rw data
    ------                  -------  -------  -------
D:\development\st\stm32\src_code\cicilight_prj\cicilight_prj\EWARM\cicilight_prj\Obj: [1]
    JJDK_ZK_GZ1.o             1 152
    SEGGER_RTT.o                580             2 232
    SEGGER_RTT_printf.o         884
    adc.o                       412               116
    app_log_port.o                4
    cmsis_os.o                  908
    dma.o                        64
    drv8711.o                 1 472               160
    freertos.o                   74       12        4
    gpio.o                      408
    heap_4.o                    440            30 744
    io_check_task.o           3 902    2 500
    list.o                      142
    main.o                      188
    mb.o                        308       31       76
    mb_reg.o                  5 804       25       88
    mbcrc.o                     560
    mbfuncholding.o             222
    mbfuncinput.o                96
    mbrtu.o                     704               268
    mbutils.o                    34
    ntc_3950.o                  864
    port.o                      420        5       12
    portasm.o                   136
    portevent.o                 496                 8
    portother.o                  66
    portserial.o                664        2        4
    porttimer.o                 456
    queue.o                   1 748                64
    rgb_led.o                   140             2 112
    spi.o                       412               244
    startup_stm32f103xe.o       548
    stm32f1xx_hal.o             104                 4
    stm32f1xx_hal_adc.o       1 112
    stm32f1xx_hal_cortex.o      224
    stm32f1xx_hal_dma.o         830
    stm32f1xx_hal_gpio.o        488
    stm32f1xx_hal_msp.o         140
    stm32f1xx_hal_rcc.o       1 246
    stm32f1xx_hal_rcc_ex.o      232
    stm32f1xx_hal_spi.o       1 026
    stm32f1xx_hal_spi_ex.o      130
    stm32f1xx_hal_tim.o         984
    stm32f1xx_hal_tim_ex.o      164
    stm32f1xx_hal_uart.o        352
    stm32f1xx_it.o               52
    system_stm32f1xx.o           92       10        4
    tasks.o                   2 420               300
    tim.o                       512               128
    timers.o                    888                60
    usart.o                     244                64
    user_tasks.o             19 798    3 916      186
    -------------------------------------------------
    Total:                   55 346    6 501   36 878

command line: [2]
    -------------------------------------------------
    Total:

dl7M_tlf.a: [3]
    abort.o                       6
    exit.o                        4
    low_level_init.o              4
    -------------------------------------------------
    Total:                       14

rt7M_tl.a: [4]
    ABImemclr4.o                  6
    ABImemcpy.o                 166
    ABImemset48.o                50
    cexit.o                      10
    cmain.o                      26
    cstartup_M.o                 12
    data_init.o                  40
    packbits_init_single.o       56
    strcmp.o                     74
    zero_init3.o                 64
    -------------------------------------------------
    Total:                      504

shb_l.a: [5]
    ABIassert.o                  36
    exit.o                       20
    -------------------------------------------------
    Total:                       56

    Gaps                         34        2
    Linker created                        32    1 024
-----------------------------------------------------
    Grand Total:             55 954    6 535   37 902


*******************************************************************************
*** ENTRY LIST
***

Entry                      Address    Size  Type      Object
-----                      -------    ----  ----      ------
.iar.init_table$$Base   0x0800f23c           --   Gb  - Linker created -
.iar.init_table$$Limit  0x0800f25c           --   Gb  - Linker created -
?main                   0x0800f25d          Code  Gb  cmain.o [4]
ADC_ConversionStop_Disable
                        0x08007b65    0x44  Code  Gb  stm32f1xx_hal_adc.o [1]
ADC_DMAConvCplt         0x08007ba9    0x48  Code  Gb  stm32f1xx_hal_adc.o [1]
ADC_DMAError            0x08007bf9    0x16  Code  Gb  stm32f1xx_hal_adc.o [1]
ADC_DMAHalfConvCplt     0x08007bf1     0x6  Code  Gb  stm32f1xx_hal_adc.o [1]
ADC_Enable              0x08007ad1    0x6a  Code  Gb  stm32f1xx_hal_adc.o [1]
AHBPrescTable           0x0800f148    0x10  Data  Gb  system_stm32f1xx.o [1]
APBPrescTable           0x0800f2b4     0x8  Data  Gb  system_stm32f1xx.o [1]
APP_TIMESTAMP           0x08006de9     0x4  Code  Gb  app_log_port.o [1]
BSP_column_step_motor_init
                        0x08006991    0x50  Code  Gb  JJDK_ZK_GZ1.o [1]
BSP_column_step_motor_pwr_dwn
                        0x08006c23    0x1a  Code  Gb  JJDK_ZK_GZ1.o [1]
BSP_column_step_motor_pwr_on_negative
                        0x08006c99    0x1e  Code  Gb  JJDK_ZK_GZ1.o [1]
BSP_column_step_motor_pwr_on_positive
                        0x08006c3d    0x1e  Code  Gb  JJDK_ZK_GZ1.o [1]
BSP_compressor_pwr_dwn  0x08006bb1     0x6  Code  Gb  JJDK_ZK_GZ1.o [1]
BSP_compressor_pwr_on   0x08006bab     0x6  Code  Gb  JJDK_ZK_GZ1.o [1]
BSP_environment_lamp_pwr_dwn
                        0x08006b9f     0x2  Code  Gb  JJDK_ZK_GZ1.o [1]
BSP_environment_lamp_pwr_on
                        0x08006b9b     0x4  Code  Gb  JJDK_ZK_GZ1.o [1]
BSP_get_column_pos_sensor_state
                        0x08006a95     0x2  Code  Gb  JJDK_ZK_GZ1.o [1]
BSP_get_row_pos_sensor_state
                        0x08006a91     0x4  Code  Gb  JJDK_ZK_GZ1.o [1]
BSP_get_temperature     0x08006bc3     0x4  Code  Gb  JJDK_ZK_GZ1.o [1]
BSP_is_column_step_motor_fault
                        0x08006a41    0x32  Code  Gb  JJDK_ZK_GZ1.o [1]
BSP_is_column_step_motor_in_rst_pos
                        0x080069ef     0x8  Code  Gb  JJDK_ZK_GZ1.o [1]
BSP_is_cup_in_slot_pos  0x08006a9d     0x8  Code  Gb  JJDK_ZK_GZ1.o [1]
BSP_is_cup_press_ok     0x080069f7     0x6  Code  Gb  JJDK_ZK_GZ1.o [1]
BSP_is_cup_presser_in_bot_pos
                        0x08006a09     0x8  Code  Gb  JJDK_ZK_GZ1.o [1]
BSP_is_cup_presser_in_top_pos
                        0x08006a11     0x8  Code  Gb  JJDK_ZK_GZ1.o [1]
BSP_is_ms_10_in_tar_pos
                        0x08006a39     0x8  Code  Gb  JJDK_ZK_GZ1.o [1]
BSP_is_ms_7_in_tar_pos  0x08006a21     0x8  Code  Gb  JJDK_ZK_GZ1.o [1]
BSP_is_ms_8_in_tar_pos  0x08006a29     0x8  Code  Gb  JJDK_ZK_GZ1.o [1]
BSP_is_ms_9_in_tar_pos  0x08006a31     0x8  Code  Gb  JJDK_ZK_GZ1.o [1]
BSP_is_oh_door_clamp_hand
                        0x08006a19     0x8  Code  Gb  JJDK_ZK_GZ1.o [1]
BSP_is_oh_door_hand_detected
                        0x08006a73     0xa  Code  Gb  JJDK_ZK_GZ1.o [1]
BSP_is_oh_door_in_bot_pos
                        0x08006a7d     0xa  Code  Gb  JJDK_ZK_GZ1.o [1]
BSP_is_oh_door_in_top_pos
                        0x08006a87     0xa  Code  Gb  JJDK_ZK_GZ1.o [1]
BSP_is_row_step_motor_in_rst_pos
                        0x080069e7     0x8  Code  Gb  JJDK_ZK_GZ1.o [1]
BSP_juicing_motor_pwr_dwn
                        0x08006bbd     0x6  Code  Gb  JJDK_ZK_GZ1.o [1]
BSP_juicing_motor_pwr_on
                        0x08006bb7     0x6  Code  Gb  JJDK_ZK_GZ1.o [1]
BSP_oh_door_motor_pwr_dwn
                        0x08006b69    0x20  Code  Gb  JJDK_ZK_GZ1.o [1]
BSP_oh_door_motor_pwr_on_negative
                        0x08006b43    0x26  Code  Gb  JJDK_ZK_GZ1.o [1]
BSP_oh_door_motor_pwr_on_positive
                        0x08006b05    0x30  Code  Gb  JJDK_ZK_GZ1.o [1]
BSP_press_motor_pwr_dwn
                        0x08006ae5     0xe  Code  Gb  JJDK_ZK_GZ1.o [1]
BSP_press_motor_pwr_on_negative
                        0x08006ad1    0x14  Code  Gb  JJDK_ZK_GZ1.o [1]
BSP_press_motor_pwr_on_positive
                        0x08006ab3    0x1e  Code  Gb  JJDK_ZK_GZ1.o [1]
BSP_row_step_motor_init
                        0x08006969    0x28  Code  Gb  JJDK_ZK_GZ1.o [1]
BSP_row_step_motor_pwr_dwn
                        0x08006bc7    0x1a  Code  Gb  JJDK_ZK_GZ1.o [1]
BSP_row_step_motor_pwr_on_negative
                        0x08006bfb     0xc  Code  Gb  JJDK_ZK_GZ1.o [1]
BSP_row_step_motor_pwr_on_positive
                        0x08006be1     0xe  Code  Gb  JJDK_ZK_GZ1.o [1]
BSP_running_led_turn_off
                        0x08006aa9     0x2  Code  Gb  JJDK_ZK_GZ1.o [1]
BSP_running_led_turn_on
                        0x08006aa5     0x4  Code  Gb  JJDK_ZK_GZ1.o [1]
BusFault_Handler        0x0800f1d7     0x2  Code  Gb  stm32f1xx_it.o [1]
CSTACK$$Base            0x20009010           --   Gb  - Linker created -
CSTACK$$Limit           0x20009410           --   Gb  - Linker created -
DMA1_Channel1_IRQHandler
                        0x0800f1eb     0x6  Code  Gb  stm32f1xx_it.o [1]
DMA1_Channel3_IRQHandler
                        0x0800f1f1     0x6  Code  Gb  stm32f1xx_it.o [1]
DMA_SetConfig           0x0800ba79    0x22  Code  Lc  stm32f1xx_hal_dma.o [1]
DebugMon_Handler        0x0800f1db     0x2  Code  Gb  stm32f1xx_it.o [1]
G_BLANK_REG             0x20008ca4     0xc  Data  Gb  drv8711.o [1]
G_CTRL_REG              0x20008dd4    0x20  Data  Gb  drv8711.o [1]
G_DECAY_REG             0x20008cb0     0xc  Data  Gb  drv8711.o [1]
G_DRIVE_REG             0x20008c60    0x1c  Data  Gb  drv8711.o [1]
G_OFF_REG               0x20008c98     0xc  Data  Gb  drv8711.o [1]
G_STALL_REG             0x20008c7c    0x10  Data  Gb  drv8711.o [1]
G_STATUS_REG            0x20008db0    0x24  Data  Gb  drv8711.o [1]
G_TORQUE_REG            0x20008c8c     0xc  Data  Gb  drv8711.o [1]
HAL_ADC_ConfigChannel   0x080079d5    0xe4  Code  Gb  stm32f1xx_hal_adc.o [1]
HAL_ADC_Init            0x080077bd   0x110  Code  Gb  stm32f1xx_hal_adc.o [1]
HAL_ADC_MspInit         0x0800ae4d    0x8e  Code  Gb  adc.o [1]
HAL_ADC_Start_DMA       0x080078d5   0x100  Code  Gb  stm32f1xx_hal_adc.o [1]
HAL_DMA_IRQHandler      0x0800b857   0x1dc  Code  Gb  stm32f1xx_hal_dma.o [1]
HAL_DMA_Init            0x0800b75d    0x78  Code  Gb  stm32f1xx_hal_dma.o [1]
HAL_DMA_Start_IT        0x0800b7e3    0x74  Code  Gb  stm32f1xx_hal_dma.o [1]
HAL_GPIO_Init           0x08009219   0x192  Code  Gb  stm32f1xx_hal_gpio.o [1]
HAL_GPIO_ReadPin        0x080093ab     0xc  Code  Gb  stm32f1xx_hal_gpio.o [1]
HAL_GPIO_WritePin       0x080093b7     0xc  Code  Gb  stm32f1xx_hal_gpio.o [1]
HAL_GetTick             0x0800ba9d     0xc  Code  Wk  stm32f1xx_hal.o [1]
HAL_IncTick             0x0800f205    0x10  Code  Wk  stm32f1xx_hal.o [1]
HAL_Init                0x0800aa11    0x20  Code  Gb  stm32f1xx_hal.o [1]
HAL_InitTick            0x0800c481    0x28  Code  Wk  stm32f1xx_hal.o [1]
HAL_MspInit             0x0800c4a9    0x8c  Code  Gb  stm32f1xx_hal_msp.o [1]
HAL_NVIC_EnableIRQ      0x0800b6bb     0xa  Code  Gb  stm32f1xx_hal_cortex.o [1]
HAL_NVIC_SetPriority    0x0800b681    0x3a  Code  Gb  stm32f1xx_hal_cortex.o [1]
HAL_NVIC_SetPriorityGrouping
                        0x0800b667    0x1a  Code  Gb  stm32f1xx_hal_cortex.o [1]
HAL_RCCEx_PeriphCLKConfig
                        0x0800b561    0xdc  Code  Gb  stm32f1xx_hal_rcc_ex.o [1]
HAL_RCC_ClockConfig     0x0800b395   0x108  Code  Gb  stm32f1xx_hal_rcc.o [1]
HAL_RCC_GetHCLKFreq     0x0800b4f5     0x6  Code  Gb  stm32f1xx_hal_rcc.o [1]
HAL_RCC_GetPCLK1Freq    0x0800b4fb    0x10  Code  Gb  stm32f1xx_hal_rcc.o [1]
HAL_RCC_GetPCLK2Freq    0x0800b50b     0xe  Code  Gb  stm32f1xx_hal_rcc.o [1]
HAL_RCC_GetSysClockFreq
                        0x0800b4bb    0x3a  Code  Gb  stm32f1xx_hal_rcc.o [1]
HAL_RCC_GetSysClockFreq::aPLLMULFactorTable
                        0x0800b54c    0x10  Data  Lc  stm32f1xx_hal_rcc.o [1]
HAL_RCC_GetSysClockFreq::aPredivFactorTable
                        0x0800b55c     0x2  Data  Lc  stm32f1xx_hal_rcc.o [1]
HAL_RCC_OscConfig       0x0800b081   0x30c  Code  Gb  stm32f1xx_hal_rcc.o [1]
HAL_SPI_Init            0x0800c535    0x82  Code  Gb  stm32f1xx_hal_spi_ex.o [1]
HAL_SPI_MspInit         0x0800ac89    0xa4  Code  Gb  spi.o [1]
HAL_SPI_TransmitReceive
                        0x0800a1d1   0x1aa  Code  Gb  stm32f1xx_hal_spi.o [1]
HAL_SPI_Transmit_DMA    0x0800a3ab    0x74  Code  Gb  stm32f1xx_hal_spi.o [1]
HAL_SYSTICK_CLKSourceConfig
                        0x0800b6f7    0x1a  Code  Gb  stm32f1xx_hal_cortex.o [1]
HAL_SYSTICK_Config      0x0800b6cf    0x28  Code  Gb  stm32f1xx_hal_cortex.o [1]
HAL_TIMEx_ConfigBreakDeadTime
                        0x08007c11    0x5a  Code  Gb  stm32f1xx_hal_tim_ex.o [1]
HAL_TIMEx_MasterConfigSynchronization
                        0x08007c6b    0x4a  Code  Gb  stm32f1xx_hal_tim_ex.o [1]
HAL_TIM_MspPostInit     0x0800a977    0x38  Code  Gb  tim.o [1]
HAL_TIM_PWM_ConfigChannel
                        0x08007415    0xc0  Code  Gb  stm32f1xx_hal_tim.o [1]
HAL_TIM_PWM_Init        0x0800734b    0x1a  Code  Gb  stm32f1xx_hal_tim.o [1]
HAL_TIM_PWM_MspInit     0x0800a93d    0x3a  Code  Gb  tim.o [1]
HAL_TIM_PWM_Start       0x08007365    0x18  Code  Gb  stm32f1xx_hal_tim.o [1]
HAL_TIM_PWM_Stop        0x08007385    0x38  Code  Gb  stm32f1xx_hal_tim.o [1]
HAL_UART_Init           0x0800c5b9    0x1e  Code  Gb  stm32f1xx_hal_uart.o [1]
HAL_UART_MspInit        0x0800af7b    0x62  Code  Gb  usart.o [1]
HardFault_Handler       0x0800f1d3     0x2  Code  Gb  stm32f1xx_it.o [1]
MX_ADC1_Init            0x0800ada9    0x92  Code  Gb  adc.o [1]
MX_DMA_Init             0x0800abcd    0x40  Code  Gb  dma.o [1]
MX_FREERTOS_Init        0x0800b039    0x20  Code  Gb  freertos.o [1]
MX_GPIO_Init            0x0800aa35   0x158  Code  Gb  gpio.o [1]
MX_SPI1_Init            0x0800ac0d    0x2c  Code  Gb  spi.o [1]
MX_SPI2_Init            0x0800ac39    0x28  Code  Gb  spi.o [1]
MX_TIM2_Init            0x0800a811    0x72  Code  Gb  tim.o [1]
MX_TIM8_Init            0x0800a88b    0x9e  Code  Gb  tim.o [1]
MX_TIM8_ReInit          0x08004d71    0x90  Code  Lc  user_tasks.o [1]
MX_USART3_UART_Init     0x0800af45    0x36  Code  Gb  usart.o [1]
MemManage_Handler       0x0800f1d5     0x2  Code  Gb  stm32f1xx_it.o [1]
NMI_Handler             0x0800f1d1     0x2  Code  Gb  stm32f1xx_it.o [1]
NVIC_SetPriority        0x0800b649    0x1e  Code  Lc  stm32f1xx_hal_cortex.o [1]
PendSV_Handler          0x0800bcf9          Code  Gb  portasm.o [1]
RGB_LED_BUFF            0x200081f4   0x840  Data  Lc  rgb_led.o [1]
ReadAllRegisters        0x08009523   0x1b2  Code  Gb  drv8711.o [1]
Region$$Table$$Base     0x0800f23c           --   Gb  - Linker created -
Region$$Table$$Limit    0x0800f25c           --   Gb  - Linker created -
SEGGER_RTT_HasData      0x0800a7d9    0x14  Code  Gb  SEGGER_RTT.o [1]
SEGGER_RTT_Read         0x0800a73b    0x16  Code  Gb  SEGGER_RTT.o [1]
SEGGER_RTT_ReadNoLock   0x0800a6c7    0x74  Code  Gb  SEGGER_RTT.o [1]
SEGGER_RTT_Write        0x0800a7a9    0x2c  Code  Gb  SEGGER_RTT.o [1]
SEGGER_RTT_WriteNoLock  0x0800a751    0x58  Code  Gb  SEGGER_RTT.o [1]
SEGGER_RTT_printf       0x080072fd    0x14  Code  Gb  SEGGER_RTT_printf.o [1]
SEGGER_RTT_vprintf      0x0800717d   0x16e  Code  Gb  SEGGER_RTT_printf.o [1]
SLAVE_MB_timer_expired_callback
                        0x0800c0c7    0x1e  Code  Gb  porttimer.o [1]
SLAVE_MB_timer_hdl      0x20000100     0x4  Data  Gb  user_tasks.o [1]
SLAVE_MODBUS_USARTIRQHandler
                        0x0800be69    0x36  Code  Gb  portserial.o [1]
SPI_CheckFlag_BSY       0x0800a585    0x1c  Code  Lc  stm32f1xx_hal_spi.o [1]
SPI_DMAError            0x0800a4d9    0x1e  Code  Lc  stm32f1xx_hal_spi.o [1]
SPI_DMAHalfTransmitCplt
                        0x0800a4d1     0x6  Code  Lc  stm32f1xx_hal_spi.o [1]
SPI_DMATransmitCplt     0x0800a471    0x3e  Code  Lc  stm32f1xx_hal_spi.o [1]
SPI_DRV8711_ReadWrite   0x080097b5    0x44  Code  Gb  drv8711.o [1]
SPI_WaitFlagStateUntilTimeout
                        0x0800a4f9    0x8c  Code  Lc  stm32f1xx_hal_spi.o [1]
SVC_Handler             0x0800bd3f          Code  Gb  portasm.o [1]
StartDefaultTask        0x0800b05d    0x10  Code  Gb  freertos.o [1]
SysTick_Handler         0x0800f1dd     0xe  Code  Gb  stm32f1xx_it.o [1]
SystemClock_Config      0x0800772d    0x86  Code  Gb  main.o [1]
SystemCoreClock         0x20000098     0x4  Data  Gb  system_stm32f1xx.o [1]
SystemInit              0x0800f0fd    0x3a  Code  Gb  system_stm32f1xx.o [1]
TIM_Base_SetConfig      0x080074fd    0x74  Code  Gb  stm32f1xx_hal_tim.o [1]
TIM_CCxChannelCmd       0x080076e1    0x12  Code  Gb  stm32f1xx_hal_tim.o [1]
TIM_OC1_SetConfig       0x08007571    0x52  Code  Lc  stm32f1xx_hal_tim.o [1]
TIM_OC2_SetConfig       0x080075c3    0x60  Code  Gb  stm32f1xx_hal_tim.o [1]
TIM_OC3_SetConfig       0x08007623    0x58  Code  Lc  stm32f1xx_hal_tim.o [1]
TIM_OC4_SetConfig       0x08007687    0x46  Code  Lc  stm32f1xx_hal_tim.o [1]
UART_SetConfig          0x0800c631    0xde  Code  Lc  stm32f1xx_hal_uart.o [1]
USART3_IRQHandler       0x0800f201     0x4  Code  Gb  stm32f1xx_it.o [1]
UsageFault_Handler      0x0800f1d9     0x2  Code  Gb  stm32f1xx_it.o [1]
WriteAllRegisters       0x080096e5    0xd0  Code  Gb  drv8711.o [1]
_DoInit                 0x0800a5cd    0x52  Code  Lc  SEGGER_RTT.o [1]
_Error_Handler          0x080077b3     0x2  Code  Gb  main.o [1]
_GetAvailWriteSpace     0x0800a6ad    0x1a  Code  Lc  SEGGER_RTT.o [1]
_PrintInt               0x080070b5    0xc8  Code  Lc  SEGGER_RTT_printf.o [1]
_PrintUnsigned          0x08006feb    0xca  Code  Lc  SEGGER_RTT_printf.o [1]
_PrintUnsigned::_aV2C   0x08007310    0x10  Data  Lc  SEGGER_RTT_printf.o [1]
_SEGGER_RTT             0x2000793c    0xa8  Data  Gb  SEGGER_RTT.o [1]
_StoreChar              0x08006fad    0x3e  Code  Lc  SEGGER_RTT_printf.o [1]
_WriteBlocking          0x0800a61f    0x54  Code  Lc  SEGGER_RTT.o [1]
_WriteNoCheck           0x0800a673    0x3a  Code  Lc  SEGGER_RTT.o [1]
__aeabi_assert          0x0800c455    0x24  Code  Gb  ABIassert.o [5]
__aeabi_memclr4         0x080077b5          Code  Gb  ABImemclr4.o [4]
__aeabi_memcpy          0x08004e89          Code  Gb  ABImemcpy.o [4]
__aeabi_memcpy4         0x08004ea9          Code  Gb  ABImemcpy.o [4]
__aeabi_memcpy8         0x08004ea9          Code  Gb  ABImemcpy.o [4]
__cmain                 0x0800f25d          Code  Gb  cmain.o [4]
__exit                  0x0800c721    0x14  Code  Gb  exit.o [5]
__iar_Memset4_word      0x0800b729          Code  Gb  ABImemset48.o [4]
__iar_Memset8_word      0x0800b729          Code  Gb  ABImemset48.o [4]
__iar_data_init3        0x0800f215    0x28  Code  Gb  data_init.o [4]
__iar_packbits_init_single3
                        0x0800f199    0x38  Code  Gb  packbits_init_single.o [4]
__iar_program_start     0x0800f2a9          Code  Gb  cstartup_M.o [4]
__iar_systems$$module {Abs}
                        0x00000001          Data  Gb  command line/config [2]
__iar_zero_init3        0x0800f159    0x40  Code  Gb  zero_init3.o [4]
__low_level_init        0x0800f277     0x4  Code  Gb  low_level_init.o [3]
__vector_table          0x08000000          Data  Gb  startup_stm32f103xe.o [1]
_acDownBuffer           0x200081e4    0x10  Data  Lc  SEGGER_RTT.o [1]
_acUpBuffer             0x200079e4   0x800  Data  Lc  SEGGER_RTT.o [1]
_call_main              0x0800f269          Code  Gb  cmain.o [4]
_exit                   0x0800f281          Code  Gb  cexit.o [4]
_main                   0x0800f273          Code  Gb  cmain.o [4]
abort                   0x0800c71b     0x6  Code  Gb  abort.o [3]
adc_average             0x200000a8     0xc  Data  Gb  user_tasks.o [1]
adc_msg_queue_hdl       0x200000e0     0x4  Data  Gb  user_tasks.o [1]
adc_process_sample_average
                        0x08002ef9    0xb8  Code  Lc  user_tasks.o [1]
adc_result              0x200000b4     0xc  Data  Gb  user_tasks.o [1]
adc_sample              0x200000c4     0xc  Data  Gb  user_tasks.o [1]
adc_task                0x08003161    0xa6  Code  Lc  user_tasks.o [1]
adc_task_hdl            0x20008f74     0x4  Data  Gb  user_tasks.o [1]
app_create_user_tasks   0x08000131   0x148  Code  Gb  user_tasks.o [1]
arxEventHdls            0x20009004     0x4  Data  Lc  portevent.o [1]
aucCRCHi                0x0800c254   0x100  Data  Lc  mbcrc.o [1]
aucCRCLo                0x0800c354   0x100  Data  Lc  mbcrc.o [1]
bIsInitialized          0x20009000     0x1  Data  Lc  portevent.o [1]
bMBPIsWithinException   0x0800bd81     0xc  Code  Gb  portother.o [1]
begin                   0x08009415   0x102  Code  Gb  drv8711.o [1]
compressor_msg_queue_hdl
                        0x200000f8     0x4  Data  Gb  user_tasks.o [1]
compressor_task         0x08002819   0x138  Code  Lc  user_tasks.o [1]
compressor_task::compressor_pwr_on
                        0x20000118     0x1  Data  Lc  user_tasks.o [1]
compressor_task::cur_t  0x2000011a     0x2  Data  Lc  user_tasks.o [1]
compressor_task::decrease
                        0x20000120     0x2  Data  Lc  user_tasks.o [1]
compressor_task::increase
                        0x2000011e     0x2  Data  Lc  user_tasks.o [1]
compressor_task::msg    0x2000010c     0xc  Data  Lc  user_tasks.o [1]
compressor_task::setting_t
                        0x2000011c     0x2  Data  Lc  user_tasks.o [1]
compressor_task_hdl     0x20008f94     0x4  Data  Gb  user_tasks.o [1]
defaultTaskHandle       0x20009008     0x4  Data  Gb  freertos.o [1]
eMBEnable               0x08006e45    0x1a  Code  Gb  mb.o [1]
eMBFuncReadHoldingRegister
                        0x0800f01b    0x5c  Code  Gb  mbfuncholding.o [1]
eMBFuncReadInputRegister
                        0x0800f09b    0x60  Code  Gb  mbfuncinput.o [1]
eMBFuncWriteHoldingRegister
                        0x0800ef99    0x32  Code  Gb  mbfuncholding.o [1]
eMBFuncWriteMultipleHoldingRegister
                        0x0800efcb    0x50  Code  Gb  mbfuncholding.o [1]
eMBInit                 0x08006ded    0x58  Code  Gb  mb.o [1]
eMBPoll                 0x08006e5f    0x9a  Code  Gb  mb.o [1]
eMBPoll::ucFunctionCode
                        0x20000003     0x1  Data  Lc  mb.o [1]
eMBPoll::ucMBFrame      0x20000048     0x4  Data  Lc  mb.o [1]
eMBPoll::ucRcvAddress   0x20000002     0x1  Data  Lc  mb.o [1]
eMBPoll::usLength       0x20000024     0x2  Data  Lc  mb.o [1]
eMBRTUInit              0x08009d21    0x44  Code  Gb  mbrtu.o [1]
eMBRTUReceive           0x08009d9d    0x56  Code  Gb  mbrtu.o [1]
eMBRTUSend              0x08009df3    0x5a  Code  Gb  mbrtu.o [1]
eMBRTUStart             0x08009d65    0x16  Code  Gb  mbrtu.o [1]
eMBRTUStop              0x08009d83    0x12  Code  Gb  mbrtu.o [1]
eMBRegHoldingCB         0x08005b33    0x84  Code  Gb  mb_reg.o [1]
eMBRegInputCB           0x08005af9    0x3a  Code  Gb  mb_reg.o [1]
eMBState                0x20000001     0x1  Data  Lc  mb.o [1]
eRcvState               0x20008ff5     0x1  Data  Lc  mbrtu.o [1]
eSndState               0x20008ff4     0x1  Data  Lc  mbrtu.o [1]
err_code_mutex_id       0x20000104     0x4  Data  Gb  user_tasks.o [1]
exit                    0x0800f27b     0x4  Code  Gb  exit.o [3]
get_reg_value           0x0800534d    0x58  Code  Gb  mb_reg.o [1]
get_status              0x08009521     0x2  Code  Gb  drv8711.o [1]
hadc1                   0x20008fa8    0x30  Data  Gb  adc.o [1]
hdma_adc1               0x20008d6c    0x44  Data  Gb  adc.o [1]
hdma_spi1_tx            0x20008df4    0x44  Data  Gb  spi.o [1]
hspi1                   0x20008cbc    0x58  Data  Gb  spi.o [1]
hspi2                   0x20008d14    0x58  Data  Gb  spi.o [1]
htim2                   0x20008e78    0x40  Data  Gb  tim.o [1]
htim8                   0x20008eb8    0x40  Data  Gb  tim.o [1]
huart3                  0x20008ef8    0x40  Data  Gb  usart.o [1]
inHandlerMode           0x08004f3d     0xc  Code  Lc  cmsis_os.o [1]
io_check_task           0x0800c735   0x6ca  Code  Gb  io_check_task.o [1]
io_check_task_hdl       0x20008fa4     0x4  Data  Gb  user_tasks.o [1]
juice_all_completed     0x08003539    0x1c  Code  Lc  user_tasks.o [1]
juice_get_fault_code    0x080033c5    0x18  Code  Lc  user_tasks.o [1]
juice_is_24v_oc         0x080030f5    0x2e  Code  Lc  user_tasks.o [1]
juice_msg_queue_hdl     0x200000fc     0x4  Data  Gb  user_tasks.o [1]
juice_set_fault_code    0x080032a9    0x48  Code  Lc  user_tasks.o [1]
juice_set_progress      0x080033dd    0x48  Code  Lc  user_tasks.o [1]
juice_task              0x08002b01    0xa4  Code  Lc  user_tasks.o [1]
juice_task::msg         0x2000009c     0xc  Data  Lc  user_tasks.o [1]
juice_task::timeout     0x20000108     0x4  Data  Lc  user_tasks.o [1]
juice_task_hdl          0x20008f98     0x4  Data  Gb  user_tasks.o [1]
juice_transaction_fault
                        0x080035b1    0x1c  Code  Lc  user_tasks.o [1]
juice_wait_signals      0x08003629    0x48  Code  Gb  user_tasks.o [1]
main                    0x080076f9    0x34  Code  Gb  main.o [1]
makeFreeRtosPriority    0x08004f31     0xc  Code  Lc  cmsis_os.o [1]
manipulator_msg_queue_hdl
                        0x200000e8     0x4  Data  Gb  user_tasks.o [1]
manipulator_pwm_frequency::f
                        0x200000c2     0x2  Data  Lc  user_tasks.o [1]
manipulator_pwm_frequency::timeout
                        0x200000c0     0x2  Data  Lc  user_tasks.o [1]
manipulator_task        0x080014d5   0x450  Code  Lc  user_tasks.o [1]
manipulator_task_hdl    0x20008f8c     0x4  Data  Gb  user_tasks.o [1]
map                     0x08009401    0x14  Code  Gb  drv8711.o [1]
mb_reg_init             0x080052bd    0x78  Code  Gb  mb_reg.o [1]
modbus_task             0x08000521    0x2c  Code  Lc  user_tasks.o [1]
modbus_task_hdl         0x20008fa0     0x4  Data  Gb  user_tasks.o [1]
ntc_3950_get_t          0x080099c1    0x8e  Code  Gb  ntc_3950.o [1]
oh_door_msg_queue_hdl   0x200000e4     0x4  Data  Gb  user_tasks.o [1]
oh_door_task            0x080009f5   0x286  Code  Lc  user_tasks.o [1]
oh_door_task_hdl        0x20008f80     0x4  Data  Gb  user_tasks.o [1]
osDelay                 0x08004f99     0xe  Code  Gb  cmsis_os.o [1]
osKernelStart           0x08004f49     0xa  Code  Gb  cmsis_os.o [1]
osKernelSysTick         0x08004f53    0x18  Code  Gb  cmsis_os.o [1]
osMessageCreate         0x080051c9     0xa  Code  Gb  cmsis_os.o [1]
osMessageGet            0x08005215    0x6a  Code  Gb  cmsis_os.o [1]
osMessagePut            0x080051d3    0x42  Code  Gb  cmsis_os.o [1]
osMutexCreate           0x080050f3     0x6  Code  Gb  cmsis_os.o [1]
osMutexRelease          0x08005135    0x30  Code  Gb  cmsis_os.o [1]
osMutexWait             0x080050f9    0x3c  Code  Gb  cmsis_os.o [1]
osSignalSet             0x08005051    0x46  Code  Gb  cmsis_os.o [1]
osSignalWait            0x08005097    0x50  Code  Gb  cmsis_os.o [1]
osSystickHandler        0x080052a3    0x14  Code  Gb  cmsis_os.o [1]
osThreadCreate          0x08004f6b    0x2e  Code  Gb  cmsis_os.o [1]
osTimerCreate           0x08004fa7    0x1a  Code  Gb  cmsis_os.o [1]
osTimerStart            0x08004fc1    0x48  Code  Gb  cmsis_os.o [1]
osTimerStop             0x08005009    0x48  Code  Gb  cmsis_os.o [1]
overwrite_color         0x08006f9b    0x12  Code  Gb  rgb_led.o [1]
peMBFrameReceiveCur     0x20000034     0x4  Data  Lc  mb.o [1]
peMBFrameSendCur        0x20000028     0x4  Data  Lc  mb.o [1]
presser_msg_queue_hdl   0x200000f4     0x4  Data  Gb  user_tasks.o [1]
presser_task            0x08002351   0x1be  Code  Lc  user_tasks.o [1]
presser_task_hdl        0x20008f90     0x4  Data  Gb  user_tasks.o [1]
prvAddCurrentTaskToDelayedList
                        0x080085af    0x64  Code  Lc  tasks.o [1]
prvAddNewTaskToReadyList
                        0x08007d85    0xa6  Code  Lc  tasks.o [1]
prvCheckForValidListAndQueue
                        0x08008941    0x46  Code  Lc  timers.o [1]
prvCopyDataFromQueue    0x08008f43    0x28  Code  Lc  queue.o [1]
prvCopyDataToQueue      0x08008edb    0x68  Code  Lc  queue.o [1]
prvDeleteTCB            0x0800822f    0x14  Code  Lc  tasks.o [1]
prvIdleTask             0x080081d5    0x5a  Code  Lc  tasks.o [1]
prvInitialiseNewQueue   0x08008a4d    0x16  Code  Lc  queue.o [1]
prvInitialiseNewTask    0x08007d0d    0x78  Code  Lc  tasks.o [1]
prvInitialiseNewTimer   0x0800868b    0x3a  Code  Lc  timers.o [1]
prvInsertBlockIntoFreeList
                        0x0800bc1b    0x46  Code  Lc  heap_4.o [1]
prvInsertTimerInActiveList
                        0x08008847    0x34  Code  Lc  timers.o [1]
prvIsQueueEmpty         0x08008fcd    0x16  Code  Lc  queue.o [1]
prvProcessReceivedCommands
                        0x0800887d    0xb4  Code  Lc  timers.o [1]
prvProcessTimerOrBlockTask
                        0x08008733    0x9a  Code  Lc  timers.o [1]
prvResetNextTaskUnblockTime
                        0x08008243    0x1c  Code  Lc  tasks.o [1]
prvSampleTimeNow        0x080087cd    0x7a  Code  Lc  timers.o [1]
prvSampleTimeNow::xLastTime
                        0x20008f48     0x4  Data  Lc  timers.o [1]
prvTaskExitError        0x08009095    0x28  Code  Lc  port.o [1]
prvTimerTask            0x08008715    0x1e  Code  Lc  timers.o [1]
prvUnlockQueue          0x08008f6b    0x62  Code  Lc  queue.o [1]
prveMBError2Exception   0x0800f079    0x20  Code  Gb  mbutils.o [1]
ptr_slave_modbus_uart_handle
                        0x20000094     0x4  Data  Gb  portserial.o [1]
pucSndBufferCur         0x20008ffc     0x4  Data  Lc  mbrtu.o [1]
pvMBFrameCloseCur       0x20000038     0x4  Data  Lc  mb.o [1]
pvMBFrameStartCur       0x2000002c     0x4  Data  Lc  mb.o [1]
pvMBFrameStopCur        0x20000030     0x4  Data  Lc  mb.o [1]
pvPortMalloc            0x0800bab1   0x108  Code  Gb  heap_4.o [1]
pvTaskIncrementMutexHeldCount
                        0x0800838f    0x14  Code  Gb  tasks.o [1]
pxCurrentTCB            0x20008b5c     0x4  Data  Gb  tasks.o [1]
pxCurrentTimerList      0x20008f38     0x4  Data  Lc  timers.o [1]
pxDelayedTaskList       0x20008b60     0x4  Data  Lc  tasks.o [1]
pxEnd                   0x2000012c     0x4  Data  Lc  heap_4.o [1]
pxMBFrameCBByteReceived
                        0x2000003c     0x4  Data  Gb  mb.o [1]
pxMBFrameCBTransmitterEmpty
                        0x20000040     0x4  Data  Gb  mb.o [1]
pxMBPortCBTimerExpired  0x20000044     0x4  Data  Gb  mb.o [1]
pxOverflowDelayedTaskList
                        0x20008b64     0x4  Data  Lc  tasks.o [1]
pxOverflowTimerList     0x20008f3c     0x4  Data  Lc  timers.o [1]
pxPortInitialiseStack   0x08009075    0x20  Code  Gb  port.o [1]
pxReadyTasksLists       0x20008bd4    0x8c  Data  Lc  tasks.o [1]
r_t_map                 0x08009a98   0x288  Data  Lc  ntc_3950.o [1]
read_debug_cmd_handle   0x08005983    0x62  Code  Lc  mb_reg.o [1]
read_fault_code_handle  0x080055d3    0x5c  Code  Lc  mb_reg.o [1]
read_sys_info_handle    0x08005a3f    0x70  Code  Lc  mb_reg.o [1]
read_t_setting_handle   0x08005711    0x5a  Code  Lc  mb_reg.o [1]
reg_holding             0x2000004c    0x30  Data  Gb  mb_reg.o [1]
reg_input               0x2000007c     0xc  Data  Gb  mb_reg.o [1]
rgb_led_msg_queue_hdl   0x200000d8     0x4  Data  Gb  user_tasks.o [1]
rgb_led_task            0x08000591   0x18c  Code  Lc  user_tasks.o [1]
rgb_led_task_hdl        0x20008f78     0x4  Data  Gb  user_tasks.o [1]
running_led_msg_queue_hdl
                        0x200000dc     0x4  Data  Gb  user_tasks.o [1]
running_led_task        0x08000975    0x2e  Code  Lc  user_tasks.o [1]
running_led_task_hdl    0x20008f7c     0x4  Data  Gb  user_tasks.o [1]
servo1_msg_queue_hdl    0x200000ec     0x4  Data  Gb  user_tasks.o [1]
servo1_task             0x080011a9    0x90  Code  Lc  user_tasks.o [1]
servo1_task_hdl         0x20008f84     0x4  Data  Gb  user_tasks.o [1]
servo2_msg_queue_hdl    0x200000f0     0x4  Data  Gb  user_tasks.o [1]
servo2_task             0x08001321    0x90  Code  Lc  user_tasks.o [1]
servo2_task_hdl         0x20008f88     0x4  Data  Gb  user_tasks.o [1]
set_enable              0x08009517     0x6  Code  Gb  drv8711.o [1]
set_reg_value           0x080053b7    0x58  Code  Gb  mb_reg.o [1]
single_color            0x08006f7d    0x1e  Code  Gb  rgb_led.o [1]
strcmp                  0x0800d675          Code  Gb  strcmp.o [4]
strip_set_pixel_color   0x08006f21    0x46  Code  Lc  rgb_led.o [1]
strip_show              0x08006f67     0xc  Code  Lc  rgb_led.o [1]
sync_msg_queue_hdl      0x200000d4     0x4  Data  Gb  user_tasks.o [1]
sync_task               0x08003671   0x9c0  Code  Lc  user_tasks.o [1]
sync_task_hdl           0x200000d0     0x4  Data  Gb  user_tasks.o [1]
tasks_environment_init  0x08000391   0x12e  Code  Lc  user_tasks.o [1]
temperature_task        0x08002ce5    0xb8  Code  Lc  user_tasks.o [1]
temperature_task_hdl    0x20008f9c     0x4  Data  Gb  user_tasks.o [1]
ucHeap                  0x2000013c  0x7800  Data  Lc  heap_4.o [1]
ucMBAddress             0x20000000     0x1  Data  Lc  mb.o [1]
ucMaxSysCallPriority    0x20000088     0x1  Data  Lc  port.o [1]
ucRTUBuf                0x20008a34   0x100  Data  Gb  mbrtu.o [1]
ulMaxPRIGROUPValue      0x20000090     0x4  Data  Lc  port.o [1]
usMBCRC16               0x0800c225    0x2e  Code  Gb  mbcrc.o [1]
usRcvBufferPos          0x20008ff8     0x2  Data  Lc  mbrtu.o [1]
usRegHoldingBuf         0x20008fd8    0x10  Data  Lc  mb_reg.o [1]
usRegInputBuf           0x20008fe8     0xc  Data  Lc  mb_reg.o [1]
usSndBufferCount        0x20008ff6     0x2  Data  Lc  mbrtu.o [1]
uwTick                  0x2000900c     0x4  Data  Gb  stm32f1xx_hal.o [1]
uxCriticalNesting       0x2000008c     0x4  Data  Lc  port.o [1]
uxCurrentNumberOfTasks  0x20008b80     0x4  Data  Lc  tasks.o [1]
uxDeletedTasksWaitingCleanUp
                        0x20008b68     0x4  Data  Lc  tasks.o [1]
uxListRemove            0x0800bcd3    0x24  Code  Gb  list.o [1]
uxPendedTicks           0x20008b90     0x4  Data  Lc  tasks.o [1]
uxSchedulerSuspended    0x20008ba4     0x4  Data  Lc  tasks.o [1]
uxTaskNumber            0x20008b9c     0x4  Data  Lc  tasks.o [1]
uxTopReadyPriority      0x20008b88     0x4  Data  Lc  tasks.o [1]
vApplicationMallocFailedHook
                        0x0800c719     0x2  Code  Wk  freertos.o [1]
vListInitialise         0x0800bc69    0x1a  Code  Gb  list.o [1]
vListInitialiseItem     0x0800bc83     0x6  Code  Gb  list.o [1]
vListInsert             0x0800bca1    0x32  Code  Gb  list.o [1]
vListInsertEnd          0x0800bc89    0x18  Code  Gb  list.o [1]
vMBPPortEnterCritical   0x0800bd8d    0x12  Code  Gb  portother.o [1]
vMBPPortExitCritical    0x0800bd9f    0x12  Code  Gb  portother.o [1]
vMBPortClose            0x0800bdb1    0x12  Code  Gb  portother.o [1]
vMBPortEventClose       0x0800a019    0x32  Code  Gb  portevent.o [1]
vMBPortSerialClose      0x0800bddd    0x14  Code  Gb  portserial.o [1]
vMBPortSerialEnable     0x0800bdf1    0x72  Code  Gb  portserial.o [1]
vMBPortTimerClose       0x0800c075    0x14  Code  Gb  porttimer.o [1]
vMBPortTimersDisable    0x0800c0ab    0x1c  Code  Gb  porttimer.o [1]
vMBPortTimersEnable     0x0800c089    0x1c  Code  Gb  porttimer.o [1]
vPortEnterCritical      0x08009121    0x32  Code  Gb  port.o [1]
vPortExitCritical       0x08009153    0x22  Code  Gb  port.o [1]
vPortFree               0x0800bbc7    0x46  Code  Gb  heap_4.o [1]
vPortStartFirstTask     0x0800bd5f          Code  Gb  portasm.o [1]
vPortValidateInterruptPriority
                        0x0800919d    0x42  Code  Gb  port.o [1]
vQueueAddToRegistry     0x08008fe3    0x20  Code  Gb  queue.o [1]
vQueueDelete            0x08008ec1    0x1a  Code  Gb  queue.o [1]
vQueueUnregisterQueue   0x08009003    0x22  Code  Gb  queue.o [1]
vQueueWaitForMessageRestricted
                        0x0800902d    0x48  Code  Gb  queue.o [1]
vTaskDelay              0x08007e2b    0x2a  Code  Gb  tasks.o [1]
vTaskMissedYield        0x080081c7     0xa  Code  Gb  tasks.o [1]
vTaskPlaceOnEventList   0x080080a1    0x14  Code  Gb  tasks.o [1]
vTaskPlaceOnEventListRestricted
                        0x080080b9    0x1e  Code  Gb  tasks.o [1]
vTaskPriorityInherit    0x08008277    0x76  Code  Gb  tasks.o [1]
vTaskSetTimeOutState    0x0800814f    0x20  Code  Gb  tasks.o [1]
vTaskStartScheduler     0x08007e65    0x5e  Code  Gb  tasks.o [1]
vTaskSuspendAll         0x08007ec3     0xc  Code  Gb  tasks.o [1]
vTaskSwitchContext      0x0800804b    0x56  Code  Gb  tasks.o [1]
write_debug_cmd_handle  0x08005783   0x1a0  Code  Lc  mb_reg.o [1]
write_fault_code_handle
                        0x0800550b    0xc2  Code  Lc  mb_reg.o [1]
write_opt_type_handle   0x08005421    0xd4  Code  Lc  mb_reg.o [1]
write_t_setting_handle  0x0800562f    0xb2  Code  Lc  mb_reg.o [1]
xActiveTimerList1       0x20008f4c    0x14  Data  Lc  timers.o [1]
xActiveTimerList2       0x20008f60    0x14  Data  Lc  timers.o [1]
xBlockAllocatedBit      0x20000138     0x4  Data  Lc  heap_4.o [1]
xDelayedTaskList1       0x20008ba8    0x14  Data  Lc  tasks.o [1]
xDelayedTaskList2       0x20008bbc    0x14  Data  Lc  tasks.o [1]
xFreeBytesRemaining     0x20000130     0x4  Data  Lc  heap_4.o [1]
xFuncHandlers           0x20000004    0x20  Data  Lc  mb.o [1]
xIdleTaskHandle         0x20008bd0     0x4  Data  Lc  tasks.o [1]
xMBPortEventGet         0x0800a09f    0x3c  Code  Gb  portevent.o [1]
xMBPortEventInit        0x08009fe1    0x38  Code  Gb  portevent.o [1]
xMBPortEventPost        0x0800a04b    0x54  Code  Gb  portevent.o [1]
xMBPortSerialGetByte    0x0800beab     0xe  Code  Gb  portserial.o [1]
xMBPortSerialInit       0x0800bdc5    0x18  Code  Gb  portserial.o [1]
xMBPortSerialPutByte    0x0800be9f     0xc  Code  Gb  portserial.o [1]
xMBPortTimersInit       0x0800c05d    0x18  Code  Gb  porttimer.o [1]
xMBRTUReceiveFSM        0x08009e4d    0x50  Code  Gb  mbrtu.o [1]
xMBRTUTimerT35Expired   0x08009f13    0x46  Code  Gb  mbrtu.o [1]
xMBRTUTransmitFSM       0x08009eab    0x52  Code  Gb  mbrtu.o [1]
xMinimumEverFreeBytesRemaining
                        0x20000134     0x4  Data  Lc  heap_4.o [1]
xNextTaskUnblockTime    0x20008ba0     0x4  Data  Lc  tasks.o [1]
xNumOfOverflows         0x20008b98     0x4  Data  Lc  tasks.o [1]
xPendingReadyList       0x20008b34    0x14  Data  Lc  tasks.o [1]
xPortStartScheduler     0x080090bd    0x64  Code  Gb  port.o [1]
xPortSysTickHandler     0x08009175    0x26  Code  Gb  port.o [1]
xQueueCreateMutex       0x08008a63    0x24  Code  Gb  queue.o [1]
xQueueGenericCreate     0x08008a15    0x38  Code  Gb  queue.o [1]
xQueueGenericReceive    0x08008cdd   0x136  Code  Gb  queue.o [1]
xQueueGenericReset      0x080089a1    0x74  Code  Gb  queue.o [1]
xQueueGenericSend       0x08008a87   0x122  Code  Gb  queue.o [1]
xQueueGenericSendFromISR
                        0x08008ba9    0x92  Code  Gb  queue.o [1]
xQueueGiveFromISR       0x08008c3b    0x78  Code  Gb  queue.o [1]
xQueueReceiveFromISR    0x08008e2b    0x7e  Code  Gb  queue.o [1]
xQueueRegistry          0x20008e38    0x40  Data  Gb  queue.o [1]
xSchedulerRunning       0x20008b8c     0x4  Data  Lc  tasks.o [1]
xStart                  0x20000124     0x8  Data  Lc  heap_4.o [1]
xSuspendedTaskList      0x20008b6c    0x14  Data  Lc  tasks.o [1]
xTaskCheckForTimeOut    0x0800816f    0x58  Code  Gb  tasks.o [1]
xTaskCreate             0x08007cb5    0x58  Code  Gb  tasks.o [1]
xTaskGenericNotify      0x08008441    0x84  Code  Gb  tasks.o [1]
xTaskGenericNotifyFromISR
                        0x080084e1    0xa8  Code  Gb  tasks.o [1]
xTaskGetSchedulerState  0x0800825f    0x18  Code  Gb  tasks.o [1]
xTaskGetTickCount       0x08007f73     0x8  Code  Gb  tasks.o [1]
xTaskGetTickCountFromISR
                        0x08007f7b     0xe  Code  Gb  tasks.o [1]
xTaskIncrementTick      0x08007f89    0xc2  Code  Gb  tasks.o [1]
xTaskNotifyWait         0x080083c9    0x72  Code  Gb  tasks.o [1]
xTaskPriorityDisinherit
                        0x080082ed    0x82  Code  Gb  tasks.o [1]
xTaskRemoveFromEventList
                        0x080080f5    0x4e  Code  Gb  tasks.o [1]
xTaskResumeAll          0x08007ecf    0x9c  Code  Gb  tasks.o [1]
xTasksWaitingTermination
                        0x20008b48    0x14  Data  Lc  tasks.o [1]
xTickCount              0x20008b84     0x4  Data  Lc  tasks.o [1]
xTimerCreate            0x0800865d    0x2e  Code  Gb  timers.o [1]
xTimerCreateTimerTask   0x08008629    0x34  Code  Gb  timers.o [1]
xTimerGenericCommand    0x080086c5    0x4e  Code  Gb  timers.o [1]
xTimerQueue             0x20008f40     0x4  Data  Lc  timers.o [1]
xTimerTaskHandle        0x20008f44     0x4  Data  Lc  timers.o [1]
xYieldPending           0x20008b94     0x4  Data  Lc  tasks.o [1]


[1] = D:\development\st\stm32\src_code\cicilight_prj\cicilight_prj\EWARM\cicilight_prj\Obj
[2] = command line
[3] = dl7M_tlf.a
[4] = rt7M_tl.a
[5] = shb_l.a

  55 954 bytes of readonly  code memory
   6 535 bytes of readonly  data memory
  37 902 bytes of readwrite data memory

Errors: none
Warnings: none
