Component: ARM Compiler 5.06 update 5 (build 528) Tool: armlink [4d35e2]

==============================================================================

Section Cross References

    adc.o(i.HAL_ADC_MspDeInit) refers to stm32f1xx_hal_gpio.o(i.HAL_GPIO_DeInit) for HAL_GPIO_DeInit
    adc.o(i.HAL_ADC_MspDeInit) refers to stm32f1xx_hal_dma.o(i.HAL_DMA_DeInit) for HAL_DMA_DeInit
    adc.o(i.HAL_ADC_MspInit) refers to stm32f1xx_hal_gpio.o(i.HAL_GPIO_Init) for HAL_GPIO_Init
    adc.o(i.HAL_ADC_MspInit) refers to stm32f1xx_hal_dma.o(i.HAL_DMA_Init) for HAL_DMA_Init
    adc.o(i.HAL_ADC_MspInit) refers to main.o(i._Error_Handler) for _Error_Handler
    adc.o(i.HAL_ADC_MspInit) refers to adc.o(.bss) for .bss
    adc.o(i.MX_ADC1_Init) refers to stm32f1xx_hal_adc.o(i.HAL_ADC_Init) for HAL_ADC_Init
    adc.o(i.MX_ADC1_Init) refers to main.o(i._Error_Handler) for _Error_Handler
    adc.o(i.MX_ADC1_Init) refers to stm32f1xx_hal_adc.o(i.HAL_ADC_ConfigChannel) for HAL_ADC_ConfigChannel
    adc.o(i.MX_ADC1_Init) refers to adc.o(.bss) for .bss
    spi.o(i.HAL_SPI_MspDeInit) refers to stm32f1xx_hal_gpio.o(i.HAL_GPIO_DeInit) for HAL_GPIO_DeInit
    spi.o(i.HAL_SPI_MspDeInit) refers to stm32f1xx_hal_dma.o(i.HAL_DMA_DeInit) for HAL_DMA_DeInit
    spi.o(i.HAL_SPI_MspInit) refers to stm32f1xx_hal_gpio.o(i.HAL_GPIO_Init) for HAL_GPIO_Init
    spi.o(i.HAL_SPI_MspInit) refers to stm32f1xx_hal_dma.o(i.HAL_DMA_Init) for HAL_DMA_Init
    spi.o(i.HAL_SPI_MspInit) refers to main.o(i._Error_Handler) for _Error_Handler
    spi.o(i.HAL_SPI_MspInit) refers to spi.o(.bss) for .bss
    spi.o(i.MX_SPI1_Init) refers to stm32f1xx_hal_spi_ex.o(i.HAL_SPI_Init) for HAL_SPI_Init
    spi.o(i.MX_SPI1_Init) refers to main.o(i._Error_Handler) for _Error_Handler
    spi.o(i.MX_SPI1_Init) refers to spi.o(.bss) for .bss
    spi.o(i.MX_SPI2_Init) refers to stm32f1xx_hal_spi_ex.o(i.HAL_SPI_Init) for HAL_SPI_Init
    spi.o(i.MX_SPI2_Init) refers to main.o(i._Error_Handler) for _Error_Handler
    spi.o(i.MX_SPI2_Init) refers to spi.o(.bss) for .bss
    stm32f1xx_hal_msp.o(i.HAL_MspInit) refers to stm32f1xx_hal_cortex.o(i.HAL_NVIC_SetPriorityGrouping) for HAL_NVIC_SetPriorityGrouping
    stm32f1xx_hal_msp.o(i.HAL_MspInit) refers to stm32f1xx_hal_cortex.o(i.HAL_NVIC_SetPriority) for HAL_NVIC_SetPriority
    freertos.o(i.MX_FREERTOS_Init) refers to memcpya.o(.text) for __aeabi_memcpy4
    freertos.o(i.MX_FREERTOS_Init) refers to cmsis_os.o(i.osThreadCreate) for osThreadCreate
    freertos.o(i.MX_FREERTOS_Init) refers to freertos.o(.constdata) for .constdata
    freertos.o(i.MX_FREERTOS_Init) refers to freertos.o(.data) for .data
    freertos.o(i.StartDefaultTask) refers to app_log_port.o(i.APP_TIMESTAMP) for APP_TIMESTAMP
    freertos.o(i.StartDefaultTask) refers to segger_rtt_printf.o(i.SEGGER_RTT_printf) for SEGGER_RTT_printf
    freertos.o(i.StartDefaultTask) refers to cmsis_os.o(i.osDelay) for osDelay
    freertos.o(i.StartDefaultTask) refers to user_tasks.o(i.app_create_user_tasks) for app_create_user_tasks
    freertos.o(i.StartDefaultTask) refers to freertos.o(.conststring) for .conststring
    freertos.o(.constdata) refers to freertos.o(.conststring) for .conststring
    freertos.o(.constdata) refers to freertos.o(i.StartDefaultTask) for StartDefaultTask
    dma.o(i.MX_DMA_Init) refers to stm32f1xx_hal_cortex.o(i.HAL_NVIC_SetPriority) for HAL_NVIC_SetPriority
    dma.o(i.MX_DMA_Init) refers to stm32f1xx_hal_cortex.o(i.HAL_NVIC_EnableIRQ) for HAL_NVIC_EnableIRQ
    stm32f1xx_it.o(i.DMA1_Channel1_IRQHandler) refers to stm32f1xx_hal_dma.o(i.HAL_DMA_IRQHandler) for HAL_DMA_IRQHandler
    stm32f1xx_it.o(i.DMA1_Channel1_IRQHandler) refers to adc.o(.bss) for hdma_adc1
    stm32f1xx_it.o(i.DMA1_Channel3_IRQHandler) refers to stm32f1xx_hal_dma.o(i.HAL_DMA_IRQHandler) for HAL_DMA_IRQHandler
    stm32f1xx_it.o(i.DMA1_Channel3_IRQHandler) refers to spi.o(.bss) for hdma_spi1_tx
    stm32f1xx_it.o(i.SysTick_Handler) refers to stm32f1xx_hal.o(i.HAL_IncTick) for HAL_IncTick
    stm32f1xx_it.o(i.SysTick_Handler) refers to cmsis_os.o(i.osSystickHandler) for osSystickHandler
    stm32f1xx_it.o(i.USART3_IRQHandler) refers to portserial.o(i.SLAVE_MODBUS_USARTIRQHandler) for SLAVE_MODBUS_USARTIRQHandler
    gpio.o(i.MX_GPIO_Init) refers to stm32f1xx_hal_gpio.o(i.HAL_GPIO_WritePin) for HAL_GPIO_WritePin
    gpio.o(i.MX_GPIO_Init) refers to stm32f1xx_hal_gpio.o(i.HAL_GPIO_Init) for HAL_GPIO_Init
    main.o(i.SystemClock_Config) refers to stm32f1xx_hal_rcc.o(i.HAL_RCC_OscConfig) for HAL_RCC_OscConfig
    main.o(i.SystemClock_Config) refers to stm32f1xx_hal_rcc.o(i.HAL_RCC_ClockConfig) for HAL_RCC_ClockConfig
    main.o(i.SystemClock_Config) refers to stm32f1xx_hal_rcc_ex.o(i.HAL_RCCEx_PeriphCLKConfig) for HAL_RCCEx_PeriphCLKConfig
    main.o(i.SystemClock_Config) refers to stm32f1xx_hal_rcc.o(i.HAL_RCC_GetHCLKFreq) for HAL_RCC_GetHCLKFreq
    main.o(i.SystemClock_Config) refers to stm32f1xx_hal_cortex.o(i.HAL_SYSTICK_Config) for HAL_SYSTICK_Config
[...]
    uxPendedTicks                            0x20000104   Data           4  tasks.o(.data)
    xYieldPending                            0x20000108   Data           4  tasks.o(.data)
    xNumOfOverflows                          0x2000010c   Data           4  tasks.o(.data)
    uxTaskNumber                             0x20000110   Data           4  tasks.o(.data)
    xNextTaskUnblockTime                     0x20000114   Data           4  tasks.o(.data)
    xIdleTaskHandle                          0x20000118   Data           4  tasks.o(.data)
    uxSchedulerSuspended                     0x2000011c   Data           4  tasks.o(.data)
    pxDelayedTaskList                        0x20000120   Data           4  tasks.o(.data)
    pxOverflowDelayedTaskList                0x20000124   Data           4  tasks.o(.data)
    .data                                    0x20000128   Section       20  timers.o(.data)
    xTimerQueue                              0x20000128   Data           4  timers.o(.data)
    xTimerTaskHandle                         0x2000012c   Data           4  timers.o(.data)
    xLastTime                                0x20000130   Data           4  timers.o(.data)
    pxCurrentTimerList                       0x20000134   Data           4  timers.o(.data)
    pxOverflowTimerList                      0x20000138   Data           4  timers.o(.data)
    .data                                    0x2000013c   Section       76  mb.o(.data)
    eMBState                                 0x2000013c   Data           1  mb.o(.data)
    ucRcvAddress                             0x2000013d   Data           1  mb.o(.data)
    ucFunctionCode                           0x2000013e   Data           1  mb.o(.data)
    eException                               0x2000013f   Data           1  mb.o(.data)
    ucMBAddress                              0x20000140   Data           1  mb.o(.data)
    eMBCurrentMode                           0x20000141   Data           1  mb.o(.data)
    usLength                                 0x20000142   Data           2  mb.o(.data)
    ucMBFrame                                0x20000144   Data           4  mb.o(.data)
    peMBFrameSendCur                         0x20000148   Data           4  mb.o(.data)
    pvMBFrameStartCur                        0x2000014c   Data           4  mb.o(.data)
    pvMBFrameStopCur                         0x20000150   Data           4  mb.o(.data)
    peMBFrameReceiveCur                      0x20000154   Data           4  mb.o(.data)
    pvMBFrameCloseCur                        0x20000158   Data           4  mb.o(.data)
    xFuncHandlers                            0x20000168   Data          32  mb.o(.data)
    .data                                    0x20000188   Section       12  mbrtu.o(.data)
    eSndState                                0x20000188   Data           1  mbrtu.o(.data)
    eRcvState                                0x20000189   Data           1  mbrtu.o(.data)
    usSndBufferCount                         0x2000018a   Data           2  mbrtu.o(.data)
    usRcvBufferPos                           0x2000018c   Data           2  mbrtu.o(.data)
    pucSndBufferCur                          0x20000190   Data           4  mbrtu.o(.data)
    .data                                    0x20000194   Section        8  portevent.o(.data)
    bIsInitialized                           0x20000194   Data           1  portevent.o(.data)
    arxEventHdls                             0x20000198   Data           4  portevent.o(.data)
    .data                                    0x2000019c   Section        4  portserial.o(.data)
    .bss                                     0x200001a0   Section      116  adc.o(.bss)
    .bss                                     0x20000214   Section      244  spi.o(.bss)
    .bss                                     0x20000308   Section       64  usart.o(.bss)
    .bss                                     0x20000348   Section      128  tim.o(.bss)
    .bss                                     0x200003c8   Section       38  mb_reg.o(.bss)
    usRegHoldingBuf                          0x200003c8   Data          28  mb_reg.o(.bss)
    usRegInputBuf                            0x200003e4   Data          10  mb_reg.o(.bss)
    .bss                                     0x200003f0   Section       54  user_tasks.o(.bss)
    msg                                      0x200003f0   Data          12  user_tasks.o(.bss)
    msg                                      0x200003fc   Data          12  user_tasks.o(.bss)
    .bss                                     0x20000428   Section      160  drv8711.o(.bss)
    .bss                                     0x200004c8   Section     2112  rgb_led.o(.bss)
    RGB_LED_BUFF                             0x200004c8   Data        2112  rgb_led.o(.bss)
    .bss                                     0x20000d08   Section     4280  segger_rtt.o(.bss)
    _acUpBuffer                              0x20000db0   Data        4096  segger_rtt.o(.bss)
    _acDownBuffer                            0x20001db0   Data          16  segger_rtt.o(.bss)
    .bss                                     0x20001dc0   Section    30720  heap_4.o(.bss)
    ucHeap                                   0x20001dc0   Data       30720  heap_4.o(.bss)
    .bss                                     0x200095c0   Section      240  tasks.o(.bss)
    pxReadyTasksLists                        0x200095c0   Data         140  tasks.o(.bss)
    xDelayedTaskList1                        0x2000964c   Data          20  tasks.o(.bss)
    xDelayedTaskList2                        0x20009660   Data          20  tasks.o(.bss)
    xPendingReadyList                        0x20009674   Data          20  tasks.o(.bss)
    xTasksWaitingTermination                 0x20009688   Data          20  tasks.o(.bss)
    xSuspendedTaskList                       0x2000969c   Data          20  tasks.o(.bss)
    .bss                                     0x200096b0   Section       64  queue.o(.bss)
    .bss                                     0x200096f0   Section       40  timers.o(.bss)
    xActiveTimerList1                        0x200096f0   Data          20  timers.o(.bss)
    xActiveTimerList2                        0x20009704   Data          20  timers.o(.bss)
    .bss                                     0x20009718   Section      256  mbrtu.o(.bss)
    STACK                                    0x20009818   Section     1024  startup_stm32f103xe.o(STACK)

    Global Symbols

    Symbol Name                              Value     Ov Type        Size  Object(Section)

    BuildAttributes$$THM_ISAv4$P$D$K$B$S$PE$A:L22UL41UL21$X:L11$S22US41US21$IEEE1$IW$USESV6$~STKCKD$USESV7$~SHL$OSPACE$EBA8$MICROLIB$REQ8$PRES8$EABIv2 0x00000000   Number         0  anon$$obj.o ABSOLUTE
    __ARM_use_no_argv                        0x00000000   Number         0  main.o ABSOLUTE
    __use_no_errno                           0x00000000   Number         0  useno.o ABSOLUTE
    __use_no_exception_handling              0x00000000   Number         0  useno.o ABSOLUTE
    __use_no_fp                              0x00000000   Number         0  useno.o ABSOLUTE
    __use_no_heap                            0x00000000   Number         0  useno.o ABSOLUTE
    __use_no_heap_region                     0x00000000   Number         0  useno.o ABSOLUTE
    __use_no_semihosting                     0x00000000   Number         0  useno.o ABSOLUTE
    __use_no_semihosting_swi                 0x00000000   Number         0  useno.o ABSOLUTE
    __use_no_signal_handling                 0x00000000   Number         0  useno.o ABSOLUTE
    __cpp_initialize__aeabi_                  - Undefined Weak Reference
    __cxa_finalize                            - Undefined Weak Reference
    _clock_init                               - Undefined Weak Reference
    _microlib_exit                            - Undefined Weak Reference
    __Vectors_Size                           0x00000130   Number         0  startup_stm32f103xe.o ABSOLUTE
    __Vectors                                0x08000000   Data           4  startup_stm32f103xe.o(RESET)
    __Vectors_End                            0x08000130   Data           0  startup_stm32f103xe.o(RESET)
    __main                                   0x08000131   Thumb Code     0  entry.o(.ARM.Collect$$$$00000000)
    _main_stk                                0x08000131   Thumb Code     0  entry2.o(.ARM.Collect$$$$00000001)
    _main_scatterload                        0x08000135   Thumb Code     0  entry5.o(.ARM.Collect$$$$00000004)
    __main_after_scatterload                 0x08000139   Thumb Code     0  entry5.o(.ARM.Collect$$$$00000004)
    _main_clock                              0x08000139   Thumb Code     0  entry7b.o(.ARM.Collect$$$$00000008)
    _main_cpp_init                           0x08000139   Thumb Code     0  entry8b.o(.ARM.Collect$$$$0000000A)
    _main_init                               0x08000139   Thumb Code     0  entry9a.o(.ARM.Collect$$$$0000000B)
    __rt_final_cpp                           0x08000141   Thumb Code     0  entry10a.o(.ARM.Collect$$$$0000000D)
    __rt_final_exit                          0x08000141   Thumb Code     0  entry11a.o(.ARM.Collect$$$$0000000F)
    SVC_Handler                              0x08000145   Thumb Code    32  port.o(.emb_text)
    __asm___6_port_c_39a90d8d__prvStartFirstTask 0x08000169   Thumb Code    28  port.o(.emb_text)
    PendSV_Handler                           0x08000189   Thumb Code    72  port.o(.emb_text)
    vPortGetIPSR                             0x080001d5   Thumb Code     6  port.o(.emb_text)
    Reset_Handler                            0x080001dd   Thumb Code     8  startup_stm32f103xe.o(.text)
    ADC1_2_IRQHandler                        0x080001f7   Thumb Code     0  startup_stm32f103xe.o(.text)
    ADC3_IRQHandler                          0x080001f7   Thumb Code     0  startup_stm32f103xe.o(.text)
    CAN1_RX1_IRQHandler                      0x080001f7   Thumb Code     0  startup_stm32f103xe.o(.text)
    CAN1_SCE_IRQHandler                      0x080001f7   Thumb Code     0  startup_stm32f103xe.o(.text)
    DMA1_Channel2_IRQHandler                 0x080001f7   Thumb Code     0  startup_stm32f103xe.o(.text)
    DMA1_Channel4_IRQHandler                 0x080001f7   Thumb Code     0  startup_stm32f103xe.o(.text)
    DMA1_Channel5_IRQHandler                 0x080001f7   Thumb Code     0  startup_stm32f103xe.o(.text)
    DMA1_Channel6_IRQHandler                 0x080001f7   Thumb Code     0  startup_stm32f103xe.o(.text)
    DMA1_Channel7_IRQHandler                 0x080001f7   Thumb Code     0  startup_stm32f103xe.o(.text)
    DMA2_Channel1_IRQHandler                 0x080001f7   Thumb Code     0  startup_stm32f103xe.o(.text)
    DMA2_Channel2_IRQHandler                 0x080001f7   Thumb Code     0  startup_stm32f103xe.o(.text)
    DMA2_Channel3_IRQHandler                 0x080001f7   Thumb Code     0  startup_stm32f103xe.o(.text)
    DMA2_Channel4_5_IRQHandler               0x080001f7   Thumb Code     0  startup_stm32f103xe.o(.text)
    EXTI0_IRQHandler                         0x080001f7   Thumb Code     0  startup_stm32f103xe.o(.text)
    EXTI15_10_IRQHandler                     0x080001f7   Thumb Code     0  startup_stm32f103xe.o(.text)
    EXTI1_IRQHandler                         0x080001f7   Thumb Code     0  startup_stm32f103xe.o(.text)
    EXTI2_IRQHandler                         0x080001f7   Thumb Code     0  startup_stm32f103xe.o(.text)
    EXTI3_IRQHandler                         0x080001f7   Thumb Code     0  startup_stm32f103xe.o(.text)
    EXTI4_IRQHandler                         0x080001f7   Thumb Code     0  startup_stm32f103xe.o(.text)
    EXTI9_5_IRQHandler                       0x080001f7   Thumb Code     0  startup_stm32f103xe.o(.text)
    FLASH_IRQHandler                         0x080001f7   Thumb Code     0  startup_stm32f103xe.o(.text)
    FSMC_IRQHandler                          0x080001f7   Thumb Code     0  startup_stm32f103xe.o(.text)
    I2C1_ER_IRQHandler                       0x080001f7   Thumb Code     0  startup_stm32f103xe.o(.text)
    I2C1_EV_IRQHandler                       0x080001f7   Thumb Code     0  startup_stm32f103xe.o(.text)
    I2C2_ER_IRQHandler                       0x080001f7   Thumb Code     0  startup_stm32f103xe.o(.text)
    I2C2_EV_IRQHandler                       0x080001f7   Thumb Code     0  startup_stm32f103xe.o(.text)
    PVD_IRQHandler                           0x080001f7   Thumb Code     0  startup_stm32f103xe.o(.text)
    RCC_IRQHandler                           0x080001f7   Thumb Code     0  startup_stm32f103xe.o(.text)
    RTC_Alarm_IRQHandler                     0x080001f7   Thumb Code     0  startup_stm32f103xe.o(.text)
    RTC_IRQHandler                           0x080001f7   Thumb Code     0  startup_stm32f103xe.o(.text)
    SDIO_IRQHandler                          0x080001f7   Thumb Code     0  startup_stm32f103xe.o(.text)
    SPI1_IRQHandler                          0x080001f7   Thumb Code     0  startup_stm32f103xe.o(.text)
    SPI2_IRQHandler                          0x080001f7   Thumb Code     0  startup_stm32f103xe.o(.text)
    SPI3_IRQHandler                          0x080001f7   Thumb Code     0  startup_stm32f103xe.o(.text)
    TAMPER_IRQHandler                        0x080001f7   Thumb Code     0  startup_stm32f103xe.o(.text)
    TIM1_BRK_IRQHandler                      0x080001f7   Thumb Code     0  startup_stm32f103xe.o(.text)
    TIM1_CC_IRQHandler                       0x080001f7   Thumb Code     0  startup_stm32f103xe.o(.text)
    TIM1_TRG_COM_IRQHandler                  0x080001f7   Thumb Code     0  startup_stm32f103xe.o(.text)
    TIM1_UP_IRQHandler                       0x080001f7   Thumb Code     0  startup_stm32f103xe.o(.text)
    TIM2_IRQHandler                          0x080001f7   Thumb Code     0  startup_stm32f103xe.o(.text)
    TIM3_IRQHandler                          0x080001f7   Thumb Code     0  startup_stm32f103xe.o(.text)
    TIM4_IRQHandler                          0x080001f7   Thumb Code     0  startup_stm32f103xe.o(.text)
    TIM5_IRQHandler                          0x080001f7   Thumb Code     0  startup_stm32f103xe.o(.text)
    TIM6_IRQHandler                          0x080001f7   Thumb Code     0  startup_stm32f103xe.o(.text)
    TIM7_IRQHandler                          0x080001f7   Thumb Code     0  startup_stm32f103xe.o(.text)
    TIM8_BRK_IRQHandler                      0x080001f7   Thumb Code     0  startup_stm32f103xe.o(.text)
    TIM8_CC_IRQHandler                       0x080001f7   Thumb Code     0  startup_stm32f103xe.o(.text)
    TIM8_TRG_COM_IRQHandler                  0x080001f7   Thumb Code     0  startup_stm32f103xe.o(.text)
    TIM8_UP_IRQHandler                       0x080001f7   Thumb Code     0  startup_stm32f103xe.o(.text)
    UART4_IRQHandler                         0x080001f7   Thumb Code     0  startup_stm32f103xe.o(.text)
    UART5_IRQHandler                         0x080001f7   Thumb Code     0  startup_stm32f103xe.o(.text)
    USART1_IRQHandler                        0x080001f7   Thumb Code     0  startup_stm32f103xe.o(.text)
    USART2_IRQHandler                        0x080001f7   Thumb Code     0  startup_stm32f103xe.o(.text)
    USBWakeUp_IRQHandler                     0x080001f7   Thumb Code     0  startup_stm32f103xe.o(.text)
    USB_HP_CAN1_TX_IRQHandler                0x080001f7   Thumb Code     0  startup_stm32f103xe.o(.text)
    USB_LP_CAN1_RX0_IRQHandler               0x080001f7   Thumb Code     0  startup_stm32f103xe.o(.text)
    WWDG_IRQHandler                          0x080001f7   Thumb Code     0  startup_stm32f103xe.o(.text)
    __aeabi_memcpy                           0x08000201   Thumb Code    36  memcpya.o(.text)
    __aeabi_memcpy4                          0x08000201   Thumb Code     0  memcpya.o(.text)
    __aeabi_memcpy8                          0x08000201   Thumb Code     0  memcpya.o(.text)
    __aeabi_memset                           0x08000225   Thumb Code    14  memseta.o(.text)
    __aeabi_memset4                          0x08000225   Thumb Code     0  memseta.o(.text)
    __aeabi_memset8                          0x08000225   Thumb Code     0  memseta.o(.text)
    __aeabi_memclr                           0x08000233   Thumb Code     4  memseta.o(.text)
    __aeabi_memclr4                          0x08000233   Thumb Code     0  memseta.o(.text)
    __aeabi_memclr8                          0x08000233   Thumb Code     0  memseta.o(.text)
    _memset$wrapper                          0x08000237   Thumb Code    18  memseta.o(.text)
    strcpy                                   0x08000249   Thumb Code    18  strcpy.o(.text)
    __scatterload                            0x0800025d   Thumb Code    28  init.o(.text)
    __scatterload_rt2                        0x0800025d   Thumb Code     0  init.o(.text)
    __decompress                             0x08000281   Thumb Code     0  __dczerorl2.o(.text)
    __decompress1                            0x08000281   Thumb Code    86  __dczerorl2.o(.text)
    ADC_ConversionStop_Disable               0x080002d9   Thumb Code    76  stm32f1xx_hal_adc.o(i.ADC_ConversionStop_Disable)
    ADC_DMAConvCplt                          0x08000325   Thumb Code    78  stm32f1xx_hal_adc.o(i.ADC_DMAConvCplt)
    ADC_DMAError                             0x08000373   Thumb Code    26  stm32f1xx_hal_adc.o(i.ADC_DMAError)
    ADC_DMAHalfConvCplt                      0x0800038d   Thumb Code    10  stm32f1xx_hal_adc.o(i.ADC_DMAHalfConvCplt)
    ADC_Enable                               0x08000399   Thumb Code   104  stm32f1xx_hal_adc.o(i.ADC_Enable)
    APP_TIMESTAMP                            0x08000409   Thumb Code     4  app_log_port.o(i.APP_TIMESTAMP)
    BSP_column_step_motor_init               0x0800040d   Thumb Code   110  jjdk_zk_gz1.o(i.BSP_column_step_motor_init)
    BSP_column_step_motor_pwr_dwn            0x08000485   Thumb Code    26  jjdk_zk_gz1.o(i.BSP_column_step_motor_pwr_dwn)
    BSP_column_step_motor_pwr_on_negative    0x080004a9   Thumb Code    42  jjdk_zk_gz1.o(i.BSP_column_step_motor_pwr_on_negative)
    BSP_column_step_motor_pwr_on_positive    0x080004dd   Thumb Code    42  jjdk_zk_gz1.o(i.BSP_column_step_motor_pwr_on_positive)
    BSP_compressor_pwr_dwn                   0x08000511   Thumb Code    10  jjdk_zk_gz1.o(i.BSP_compressor_pwr_dwn)
    BSP_compressor_pwr_on                    0x08000521   Thumb Code    10  jjdk_zk_gz1.o(i.BSP_compressor_pwr_on)
    BSP_get_column_pos_sensor_state          0x08000531   Thumb Code     8  jjdk_zk_gz1.o(i.BSP_get_column_pos_sensor_state)
    BSP_get_row_pos_sensor_state             0x0800053d   Thumb Code     8  jjdk_zk_gz1.o(i.BSP_get_row_pos_sensor_state)
    BSP_get_temperature                      0x08000549   Thumb Code     4  jjdk_zk_gz1.o(i.BSP_get_temperature)
    BSP_is_column_step_motor_fault           0x0800054d   Thumb Code    76  jjdk_zk_gz1.o(i.BSP_is_column_step_motor_fault)
    BSP_is_column_step_motor_in_rst_pos      0x08000615   Thumb Code    18  jjdk_zk_gz1.o(i.BSP_is_column_step_motor_in_rst_pos)
    BSP_is_cup_presser_in_bot_pos            0x0800062d   Thumb Code    20  jjdk_zk_gz1.o(i.BSP_is_cup_presser_in_bot_pos)
    BSP_is_cup_presser_in_top_pos            0x08000645   Thumb Code    18  jjdk_zk_gz1.o(i.BSP_is_cup_presser_in_top_pos)
    BSP_is_oh_door_clamp_hand                0x0800065d   Thumb Code    18  jjdk_zk_gz1.o(i.BSP_is_oh_door_clamp_hand)
    BSP_is_oh_door_hand_detected             0x08000675   Thumb Code    20  jjdk_zk_gz1.o(i.BSP_is_oh_door_hand_detected)
    BSP_is_oh_door_in_bot_pos                0x0800068d   Thumb Code    20  jjdk_zk_gz1.o(i.BSP_is_oh_door_in_bot_pos)
    BSP_is_oh_door_in_top_pos                0x080006a5   Thumb Code    20  jjdk_zk_gz1.o(i.BSP_is_oh_door_in_top_pos)
    BSP_is_row_step_motor_in_rst_pos         0x080006bd   Thumb Code    20  jjdk_zk_gz1.o(i.BSP_is_row_step_motor_in_rst_pos)
    BSP_juicing_motor_pwr_dwn                0x080006d5   Thumb Code    10  jjdk_zk_gz1.o(i.BSP_juicing_motor_pwr_dwn)
    BSP_juicing_motor_pwr_on                 0x080006e5   Thumb Code    10  jjdk_zk_gz1.o(i.BSP_juicing_motor_pwr_on)
    BSP_oh_door_motor_pwr_dwn                0x080006f5   Thumb Code    46  jjdk_zk_gz1.o(i.BSP_oh_door_motor_pwr_dwn)
    BSP_oh_door_motor_pwr_on_negative        0x08000761   Thumb Code    52  jjdk_zk_gz1.o(i.BSP_oh_door_motor_pwr_on_negative)
    BSP_oh_door_motor_pwr_on_positive        0x080007d1   Thumb Code    54  jjdk_zk_gz1.o(i.BSP_oh_door_motor_pwr_on_positive)
    BSP_press_motor_pwr_dwn                  0x08000845   Thumb Code    28  jjdk_zk_gz1.o(i.BSP_press_motor_pwr_dwn)
    BSP_press_motor_pwr_on_negative          0x08000865   Thumb Code    34  jjdk_zk_gz1.o(i.BSP_press_motor_pwr_on_negative)
    BSP_press_motor_pwr_on_positive          0x0800088d   Thumb Code    34  jjdk_zk_gz1.o(i.BSP_press_motor_pwr_on_positive)
    BSP_row_step_motor_init                  0x080008b5   Thumb Code    44  jjdk_zk_gz1.o(i.BSP_row_step_motor_init)
    BSP_row_step_motor_pwr_dwn               0x080008ed   Thumb Code    26  jjdk_zk_gz1.o(i.BSP_row_step_motor_pwr_dwn)
    BSP_row_step_motor_pwr_on_negative       0x08000911   Thumb Code    46  jjdk_zk_gz1.o(i.BSP_row_step_motor_pwr_on_negative)
    BSP_row_step_motor_pwr_on_positive       0x0800094d   Thumb Code    46  jjdk_zk_gz1.o(i.BSP_row_step_motor_pwr_on_positive)
    BSP_running_led_turn_off                 0x08000989   Thumb Code    10  jjdk_zk_gz1.o(i.BSP_running_led_turn_off)
    BSP_running_led_turn_on                  0x08000999   Thumb Code    10  jjdk_zk_gz1.o(i.BSP_running_led_turn_on)
    BusFault_Handler                         0x080009a9   Thumb Code     2  stm32f1xx_it.o(i.BusFault_Handler)
    DMA1_Channel1_IRQHandler                 0x080009ad   Thumb Code     6  stm32f1xx_it.o(i.DMA1_Channel1_IRQHandler)
    DMA1_Channel3_IRQHandler                 0x080009b9   Thumb Code     6  stm32f1xx_it.o(i.DMA1_Channel3_IRQHandler)
    DebugMon_Handler                         0x080009ef   Thumb Code     2  stm32f1xx_it.o(i.DebugMon_Handler)
    HAL_ADC_ConfigChannel                    0x080009f1   Thumb Code   240  stm32f1xx_hal_adc.o(i.HAL_ADC_ConfigChannel)
    HAL_ADC_ConvCpltCallback                 0x08000aed   Thumb Code     2  stm32f1xx_hal_adc.o(i.HAL_ADC_ConvCpltCallback)
    HAL_ADC_ConvHalfCpltCallback             0x08000aef   Thumb Code     2  stm32f1xx_hal_adc.o(i.HAL_ADC_ConvHalfCpltCallback)
    HAL_ADC_ErrorCallback                    0x08000af1   Thumb Code     2  stm32f1xx_hal_adc.o(i.HAL_ADC_ErrorCallback)
    HAL_ADC_Init                             0x08000af5   Thumb Code   272  stm32f1xx_hal_adc.o(i.HAL_ADC_Init)
    HAL_ADC_MspInit                          0x08000c15   Thumb Code   128  adc.o(i.HAL_ADC_MspInit)
    HAL_ADC_Start_DMA                        0x08000cc1   Thumb Code   246  stm32f1xx_hal_adc.o(i.HAL_ADC_Start_DMA)
    HAL_DMA_IRQHandler                       0x08000dcd   Thumb Code   552  stm32f1xx_hal_dma.o(i.HAL_DMA_IRQHandler)
    HAL_DMA_Init                             0x08001015   Thumb Code   120  stm32f1xx_hal_dma.o(i.HAL_DMA_Init)
    HAL_DMA_Start_IT                         0x08001099   Thumb Code   112  stm32f1xx_hal_dma.o(i.HAL_DMA_Start_IT)
    HAL_GPIO_Init                            0x08001109   Thumb Code   446  stm32f1xx_hal_gpio.o(i.HAL_GPIO_Init)
    HAL_GPIO_ReadPin                         0x080012f1   Thumb Code    10  stm32f1xx_hal_gpio.o(i.HAL_GPIO_ReadPin)
    HAL_GPIO_WritePin                        0x080012fb   Thumb Code    10  stm32f1xx_hal_gpio.o(i.HAL_GPIO_WritePin)
    HAL_GetTick                              0x08001305   Thumb Code     6  stm32f1xx_hal.o(i.HAL_GetTick)
    HAL_IncTick                              0x08001311   Thumb Code    10  stm32f1xx_hal.o(i.HAL_IncTick)
    HAL_Init                                 0x08001321   Thumb Code    32  stm32f1xx_hal.o(i.HAL_Init)
    HAL_InitTick                             0x08001345   Thumb Code    34  stm32f1xx_hal.o(i.HAL_InitTick)
    HAL_MspInit                              0x0800136d   Thumb Code   122  stm32f1xx_hal_msp.o(i.HAL_MspInit)
    HAL_NVIC_EnableIRQ                       0x080013f1   Thumb Code    22  stm32f1xx_hal_cortex.o(i.HAL_NVIC_EnableIRQ)
    HAL_NVIC_SetPriority                     0x08001409   Thumb Code    60  stm32f1xx_hal_cortex.o(i.HAL_NVIC_SetPriority)
    HAL_NVIC_SetPriorityGrouping             0x08001449   Thumb Code    26  stm32f1xx_hal_cortex.o(i.HAL_NVIC_SetPriorityGrouping)
    HAL_RCCEx_PeriphCLKConfig                0x0800146d   Thumb Code   224  stm32f1xx_hal_rcc_ex.o(i.HAL_RCCEx_PeriphCLKConfig)
    HAL_RCC_ClockConfig                      0x08001559   Thumb Code   322  stm32f1xx_hal_rcc.o(i.HAL_RCC_ClockConfig)
    HAL_RCC_GetHCLKFreq                      0x080016ad   Thumb Code     6  stm32f1xx_hal_rcc.o(i.HAL_RCC_GetHCLKFreq)
    HAL_RCC_GetPCLK1Freq                     0x080016b9   Thumb Code    20  stm32f1xx_hal_rcc.o(i.HAL_RCC_GetPCLK1Freq)
    HAL_RCC_GetPCLK2Freq                     0x080016d9   Thumb Code    20  stm32f1xx_hal_rcc.o(i.HAL_RCC_GetPCLK2Freq)
    HAL_RCC_GetSysClockFreq                  0x080016f9   Thumb Code    74  stm32f1xx_hal_rcc.o(i.HAL_RCC_GetSysClockFreq)
    HAL_RCC_OscConfig                        0x08001765   Thumb Code   750  stm32f1xx_hal_rcc.o(i.HAL_RCC_OscConfig)
    HAL_SPI_ErrorCallback                    0x08001a69   Thumb Code     2  stm32f1xx_hal_spi.o(i.HAL_SPI_ErrorCallback)
    HAL_SPI_Init                             0x08001a6b   Thumb Code   130  stm32f1xx_hal_spi_ex.o(i.HAL_SPI_Init)
    HAL_SPI_MspInit                          0x08001aed   Thumb Code   166  spi.o(i.HAL_SPI_MspInit)
    HAL_SPI_TransmitReceive                  0x08001bc1   Thumb Code   472  stm32f1xx_hal_spi.o(i.HAL_SPI_TransmitReceive)
    HAL_SPI_Transmit_DMA                     0x08001d99   Thumb Code   170  stm32f1xx_hal_spi.o(i.HAL_SPI_Transmit_DMA)
    HAL_SPI_TxCpltCallback                   0x08001e51   Thumb Code     2  stm32f1xx_hal_spi.o(i.HAL_SPI_TxCpltCallback)
    HAL_SPI_TxHalfCpltCallback               0x08001e53   Thumb Code     2  stm32f1xx_hal_spi.o(i.HAL_SPI_TxHalfCpltCallback)
    HAL_SYSTICK_CLKSourceConfig              0x08001e55   Thumb Code    24  stm32f1xx_hal_cortex.o(i.HAL_SYSTICK_CLKSourceConfig)
    HAL_SYSTICK_Config                       0x08001e6d   Thumb Code    40  stm32f1xx_hal_cortex.o(i.HAL_SYSTICK_Config)
    HAL_TIMEx_ConfigBreakDeadTime            0x08001e95   Thumb Code    90  stm32f1xx_hal_tim_ex.o(i.HAL_TIMEx_ConfigBreakDeadTime)
    HAL_TIMEx_MasterConfigSynchronization    0x08001eef   Thumb Code    80  stm32f1xx_hal_tim_ex.o(i.HAL_TIMEx_MasterConfigSynchronization)
    HAL_TIM_MspPostInit                      0x08001f41   Thumb Code    52  tim.o(i.HAL_TIM_MspPostInit)
    HAL_TIM_PWM_ConfigChannel                0x08001f81   Thumb Code   208  stm32f1xx_hal_tim.o(i.HAL_TIM_PWM_ConfigChannel)
    HAL_TIM_PWM_Init                         0x08002051   Thumb Code    54  stm32f1xx_hal_tim.o(i.HAL_TIM_PWM_Init)
    HAL_TIM_PWM_MspInit                      0x08002089   Thumb Code    52  tim.o(i.HAL_TIM_PWM_MspInit)
    HAL_TIM_PWM_Start                        0x080020c5   Thumb Code    48  stm32f1xx_hal_tim.o(i.HAL_TIM_PWM_Start)
    HAL_TIM_PWM_Stop                         0x080020fd   Thumb Code    84  stm32f1xx_hal_tim.o(i.HAL_TIM_PWM_Stop)
    HAL_UART_Init                            0x08002159   Thumb Code    98  stm32f1xx_hal_uart.o(i.HAL_UART_Init)
    HAL_UART_MspInit                         0x080021bd   Thumb Code    92  usart.o(i.HAL_UART_MspInit)
    HardFault_Handler                        0x08002225   Thumb Code     2  stm32f1xx_it.o(i.HardFault_Handler)
    MX_ADC1_Init                             0x08002229   Thumb Code   178  adc.o(i.MX_ADC1_Init)
    MX_DMA_Init                              0x080022f5   Thumb Code    56  dma.o(i.MX_DMA_Init)
    MX_FREERTOS_Init                         0x08002331   Thumb Code    30  freertos.o(i.MX_FREERTOS_Init)
    MX_GPIO_Init                             0x08002359   Thumb Code   358  gpio.o(i.MX_GPIO_Init)
    MX_SPI1_Init                             0x080024e1   Thumb Code    70  spi.o(i.MX_SPI1_Init)
    MX_SPI2_Init                             0x08002541   Thumb Code    66  spi.o(i.MX_SPI2_Init)
    MX_TIM2_Init                             0x0800259d   Thumb Code   128  tim.o(i.MX_TIM2_Init)
    MX_TIM8_Init                             0x08002631   Thumb Code   170  tim.o(i.MX_TIM8_Init)
    MX_USART3_UART_Init                      0x08002755   Thumb Code    52  usart.o(i.MX_USART3_UART_Init)
    MemManage_Handler                        0x080027a1   Thumb Code     2  stm32f1xx_it.o(i.MemManage_Handler)
    NMI_Handler                              0x080027a3   Thumb Code     2  stm32f1xx_it.o(i.NMI_Handler)
    ReadAllRegisters                         0x080027c5   Thumb Code   666  drv8711.o(i.ReadAllRegisters)
    SEGGER_RTT_Write                         0x08002de9   Thumb Code    50  segger_rtt.o(i.SEGGER_RTT_Write)
    SEGGER_RTT_WriteNoLock                   0x08002e21   Thumb Code    86  segger_rtt.o(i.SEGGER_RTT_WriteNoLock)
    SEGGER_RTT_printf                        0x08002e7d   Thumb Code    22  segger_rtt_printf.o(i.SEGGER_RTT_printf)
    SEGGER_RTT_vprintf                       0x08002e93   Thumb Code   406  segger_rtt_printf.o(i.SEGGER_RTT_vprintf)
    SLAVE_MB_timer_expired_callback          0x08003029   Thumb Code    28  porttimer.o(i.SLAVE_MB_timer_expired_callback)
    SLAVE_MODBUS_USARTIRQHandler             0x08003089   Thumb Code    66  portserial.o(i.SLAVE_MODBUS_USARTIRQHandler)
    SPI_DRV8711_ReadWrite                    0x08003181   Thumb Code    68  drv8711.o(i.SPI_DRV8711_ReadWrite)
    StartDefaultTask                         0x08003265   Thumb Code    40  freertos.o(i.StartDefaultTask)
    SysTick_Handler                          0x08003291   Thumb Code    14  stm32f1xx_it.o(i.SysTick_Handler)
    SystemClock_Config                       0x0800329f   Thumb Code   122  main.o(i.SystemClock_Config)
    SystemInit                               0x08003319   Thumb Code    56  system_stm32f1xx.o(i.SystemInit)
    TIM_Base_SetConfig                       0x08003361   Thumb Code   120  stm32f1xx_hal_tim.o(i.TIM_Base_SetConfig)
    TIM_CCxChannelCmd                        0x080033ed   Thumb Code    22  stm32f1xx_hal_tim.o(i.TIM_CCxChannelCmd)
    TIM_OC2_SetConfig                        0x08003465   Thumb Code    98  stm32f1xx_hal_tim.o(i.TIM_OC2_SetConfig)
    USART3_IRQHandler                        0x080036f9   Thumb Code     4  stm32f1xx_it.o(i.USART3_IRQHandler)
    UsageFault_Handler                       0x080036fd   Thumb Code     2  stm32f1xx_it.o(i.UsageFault_Handler)
    WriteAllRegisters                        0x08003701   Thumb Code   270  drv8711.o(i.WriteAllRegisters)
    _Error_Handler                           0x08003881   Thumb Code     2  main.o(i._Error_Handler)
    __scatterload_copy                       0x08003b0f   Thumb Code    14  handlers.o(i.__scatterload_copy)
    __scatterload_null                       0x08003b1d   Thumb Code     2  handlers.o(i.__scatterload_null)
    __scatterload_zeroinit                   0x08003b1f   Thumb Code    14  handlers.o(i.__scatterload_zeroinit)
    app_create_user_tasks                    0x08003d95   Thumb Code   330  user_tasks.o(i.app_create_user_tasks)
    app_error_fault_handler                  0x08003f29   Thumb Code    38  app_error.o(i.app_error_fault_handler)
    app_error_handler                        0x08003f81   Thumb Code    24  app_error.o(i.app_error_handler)
    bMBPIsWithinException                    0x08004139   Thumb Code    12  portother.o(i.bMBPIsWithinException)
    begin                                    0x08004145   Thumb Code   280  drv8711.o(i.begin)
    eMBEnable                                0x08004435   Thumb Code    28  mb.o(i.eMBEnable)
    eMBFuncReadHoldingRegister               0x08004455   Thumb Code    94  mbfuncholding.o(i.eMBFuncReadHoldingRegister)
    eMBFuncReadInputRegister                 0x080044b3   Thumb Code    98  mbfuncinput.o(i.eMBFuncReadInputRegister)
    eMBFuncWriteHoldingRegister              0x08004515   Thumb Code    50  mbfuncholding.o(i.eMBFuncWriteHoldingRegister)
    eMBFuncWriteMultipleHoldingRegister      0x08004547   Thumb Code    78  mbfuncholding.o(i.eMBFuncWriteMultipleHoldingRegister)
    eMBInit                                  0x08004595   Thumb Code    96  mb.o(i.eMBInit)
    eMBPoll                                  0x08004619   Thumb Code   176  mb.o(i.eMBPoll)
    eMBRTUInit                               0x080046cd   Thumb Code    72  mbrtu.o(i.eMBRTUInit)
    eMBRTUReceive                            0x08004719   Thumb Code    80  mbrtu.o(i.eMBRTUReceive)
    eMBRTUSend                               0x08004771   Thumb Code    98  mbrtu.o(i.eMBRTUSend)
    eMBRTUStart                              0x080047dd   Thumb Code    32  mbrtu.o(i.eMBRTUStart)
    eMBRTUStop                               0x08004801   Thumb Code    26  mbrtu.o(i.eMBRTUStop)
    eMBRegHoldingCB                          0x0800481d   Thumb Code   146  mb_reg.o(i.eMBRegHoldingCB)
    eMBRegInputCB                            0x080048b5   Thumb Code    94  mb_reg.o(i.eMBRegInputCB)
    get_reg_value                            0x08004919   Thumb Code   120  mb_reg.o(i.get_reg_value)
    get_status                               0x08004995   Thumb Code     4  drv8711.o(i.get_status)
    juice_wait_signals                       0x08004c91   Thumb Code    76  user_tasks.o(i.juice_wait_signals)
    main                                     0x08004cdd   Thumb Code    50  main.o(i.main)
    manipulator_get_sensor_column_pos        0x08004d1b   Thumb Code    10  user_tasks.o(i.manipulator_get_sensor_column_pos)
    manipulator_get_sensor_row_pos           0x08004d25   Thumb Code    10  user_tasks.o(i.manipulator_get_sensor_row_pos)
    map                                      0x080055d1   Thumb Code    20  drv8711.o(i.map)
    mb_reg_init                              0x080055e5   Thumb Code   146  mb_reg.o(i.mb_reg_init)
    ntc_3950_get_t                           0x080056bd   Thumb Code    50  ntc_3950.o(i.ntc_3950_get_t)
    osDelay                                  0x08005b0d   Thumb Code    14  cmsis_os.o(i.osDelay)
    osKernelStart                            0x08005b1b   Thumb Code    10  cmsis_os.o(i.osKernelStart)
    osKernelSysTick                          0x08005b25   Thumb Code    24  cmsis_os.o(i.osKernelSysTick)
    osMessageCreate                          0x08005b3d   Thumb Code     8  cmsis_os.o(i.osMessageCreate)
    osMessageGet                             0x08005b45   Thumb Code   146  cmsis_os.o(i.osMessageGet)
    osMessagePut                             0x08005bdd   Thumb Code    86  cmsis_os.o(i.osMessagePut)
    osMutexCreate                            0x08005c39   Thumb Code     6  cmsis_os.o(i.osMutexCreate)
    osMutexRelease                           0x08005c41   Thumb Code    74  cmsis_os.o(i.osMutexRelease)
    osMutexWait                              0x08005c91   Thumb Code   100  cmsis_os.o(i.osMutexWait)
    osSignalSet                              0x08005cf9   Thumb Code    86  cmsis_os.o(i.osSignalSet)
    osSignalWait                             0x08005d55   Thumb Code    86  cmsis_os.o(i.osSignalWait)
    osSystickHandler                         0x08005dab   Thumb Code    20  cmsis_os.o(i.osSystickHandler)
    osThreadCreate                           0x08005dbf   Thumb Code    46  cmsis_os.o(i.osThreadCreate)
    osTimerCreate                            0x08005ded   Thumb Code    30  cmsis_os.o(i.osTimerCreate)
    osTimerStart                             0x08005e11   Thumb Code    88  cmsis_os.o(i.osTimerStart)
    osTimerStop                              0x08005e6d   Thumb Code    82  cmsis_os.o(i.osTimerStop)
    overwrite_color                          0x08005ec5   Thumb Code    20  rgb_led.o(i.overwrite_color)
    prveMBError2Exception                    0x08006883   Thumb Code    32  mbutils.o(i.prveMBError2Exception)
    pvPortMalloc                             0x080068a5   Thumb Code   220  heap_4.o(i.pvPortMalloc)
    pvTaskIncrementMutexHeldCount            0x08006985   Thumb Code    18  tasks.o(i.pvTaskIncrementMutexHeldCount)
    pxPortInitialiseStack                    0x0800699d   Thumb Code    32  port.o(i.pxPortInitialiseStack)
    rainbow                                  0x080069c1   Thumb Code   126  rgb_led.o(i.rainbow)
    set_enable                               0x08007159   Thumb Code    10  drv8711.o(i.set_enable)
    set_reg_value                            0x08007169   Thumb Code   122  mb_reg.o(i.set_reg_value)
    single_color                             0x080071e9   Thumb Code    34  rgb_led.o(i.single_color)
    usMBCRC16                                0x08007f89   Thumb Code    40  mbcrc.o(i.usMBCRC16)
    uxListRemove                             0x08007fb5   Thumb Code    36  list.o(i.uxListRemove)
    vApplicationMallocFailedHook             0x08007fd9   Thumb Code    10  user_tasks.o(i.vApplicationMallocFailedHook)
    vListInitialise                          0x08008005   Thumb Code    22  list.o(i.vListInitialise)
    vListInitialiseItem                      0x0800801b   Thumb Code     6  list.o(i.vListInitialiseItem)
    vListInsert                              0x08008021   Thumb Code    48  list.o(i.vListInsert)
    vListInsertEnd                           0x08008051   Thumb Code    24  list.o(i.vListInsertEnd)
    vMBPPortEnterCritical                    0x08008069   Thumb Code    20  portother.o(i.vMBPPortEnterCritical)
    vMBPPortExitCritical                     0x0800807d   Thumb Code    20  portother.o(i.vMBPPortExitCritical)
    vMBPortClose                             0x08008091   Thumb Code    18  portother.o(i.vMBPortClose)
    vMBPortEventClose                        0x080080a5   Thumb Code    52  portevent.o(i.vMBPortEventClose)
    vMBPortSerialClose                       0x08008119   Thumb Code    22  portserial.o(i.vMBPortSerialClose)
    vMBPortSerialEnable                      0x08008135   Thumb Code   108  portserial.o(i.vMBPortSerialEnable)
    vMBPortTimerClose                        0x080081b5   Thumb Code    22  porttimer.o(i.vMBPortTimerClose)
    vMBPortTimersDisable                     0x08008209   Thumb Code    30  porttimer.o(i.vMBPortTimersDisable)
    vMBPortTimersEnable                      0x08008269   Thumb Code    32  porttimer.o(i.vMBPortTimersEnable)
    vPortEnterCritical                       0x080082c9   Thumb Code    54  port.o(i.vPortEnterCritical)
    vPortExitCritical                        0x08008309   Thumb Code    34  port.o(i.vPortExitCritical)
    vPortFree                                0x08008331   Thumb Code    88  heap_4.o(i.vPortFree)
    vPortSetupTimerInterrupt                 0x0800838d   Thumb Code    26  port.o(i.vPortSetupTimerInterrupt)
    vPortValidateInterruptPriority           0x080083ad   Thumb Code    74  port.o(i.vPortValidateInterruptPriority)
    vQueueAddToRegistry                      0x08008401   Thumb Code    34  queue.o(i.vQueueAddToRegistry)
    vQueueDelete                             0x08008429   Thumb Code    36  queue.o(i.vQueueDelete)
    vQueueUnregisterQueue                    0x0800844d   Thumb Code    36  queue.o(i.vQueueUnregisterQueue)
    vQueueWaitForMessageRestricted           0x08008475   Thumb Code    68  queue.o(i.vQueueWaitForMessageRestricted)
    vTaskDelay                               0x080084b9   Thumb Code    66  tasks.o(i.vTaskDelay)
    vTaskMissedYield                         0x08008505   Thumb Code     8  tasks.o(i.vTaskMissedYield)
    vTaskPlaceOnEventList                    0x08008511   Thumb Code    44  tasks.o(i.vTaskPlaceOnEventList)
    vTaskPlaceOnEventListRestricted          0x08008541   Thumb Code    52  tasks.o(i.vTaskPlaceOnEventListRestricted)
    vTaskPriorityInherit                     0x08008579   Thumb Code   124  tasks.o(i.vTaskPriorityInherit)
    vTaskSetTimeOutState                     0x080085fd   Thumb Code    30  tasks.o(i.vTaskSetTimeOutState)
    vTaskStartScheduler                      0x08008621   Thumb Code    94  tasks.o(i.vTaskStartScheduler)
    vTaskSuspendAll                          0x08008691   Thumb Code    10  tasks.o(i.vTaskSuspendAll)
    vTaskSwitchContext                       0x080086a1   Thumb Code    82  tasks.o(i.vTaskSwitchContext)
    xMBPortEventGet                          0x080091ed   Thumb Code    58  portevent.o(i.xMBPortEventGet)
    xMBPortEventInit                         0x08009269   Thumb Code    56  portevent.o(i.xMBPortEventInit)
    xMBPortEventPost                         0x080092e1   Thumb Code    86  portevent.o(i.xMBPortEventPost)
    xMBPortSerialGetByte                     0x08009379   Thumb Code    38  portserial.o(i.xMBPortSerialGetByte)
    xMBPortSerialInit                        0x080093d5   Thumb Code    24  portserial.o(i.xMBPortSerialInit)
    xMBPortSerialPutByte                     0x080093f1   Thumb Code    12  portserial.o(i.xMBPortSerialPutByte)
    xMBPortTimersInit                        0x08009401   Thumb Code    22  porttimer.o(i.xMBPortTimersInit)
    xMBRTUReceiveFSM                         0x0800941d   Thumb Code    96  mbrtu.o(i.xMBRTUReceiveFSM)
    xMBRTUTimerT35Expired                    0x08009485   Thumb Code    58  mbrtu.o(i.xMBRTUTimerT35Expired)
    xMBRTUTransmitFSM                        0x080094c5   Thumb Code    86  mbrtu.o(i.xMBRTUTransmitFSM)
    xPortStartScheduler                      0x08009521   Thumb Code   102  port.o(i.xPortStartScheduler)
    xPortSysTickHandler                      0x08009595   Thumb Code    38  port.o(i.xPortSysTickHandler)
    xQueueCreateMutex                        0x080095c1   Thumb Code    36  queue.o(i.xQueueCreateMutex)
    xQueueGenericCreate                      0x080095e5   Thumb Code    72  queue.o(i.xQueueGenericCreate)
    xQueueGenericReceive                     0x0800962d   Thumb Code   360  queue.o(i.xQueueGenericReceive)
    xQueueGenericReset                       0x08009799   Thumb Code   132  queue.o(i.xQueueGenericReset)
    xQueueGenericSend                        0x08009821   Thumb Code   346  queue.o(i.xQueueGenericSend)
    xQueueGenericSendFromISR                 0x08009981   Thumb Code   188  queue.o(i.xQueueGenericSendFromISR)
    xQueueGiveFromISR                        0x08009a3d   Thumb Code   156  queue.o(i.xQueueGiveFromISR)
    xQueueReceiveFromISR                     0x08009ad9   Thumb Code   154  queue.o(i.xQueueReceiveFromISR)
    xTaskCheckForTimeOut                     0x08009b75   Thumb Code   102  tasks.o(i.xTaskCheckForTimeOut)
    xTaskCreate                              0x08009be1   Thumb Code    86  tasks.o(i.xTaskCreate)
    xTaskGenericNotify                       0x08009c39   Thumb Code   190  tasks.o(i.xTaskGenericNotify)
    xTaskGenericNotifyFromISR                0x08009d05   Thumb Code   232  tasks.o(i.xTaskGenericNotifyFromISR)
    xTaskGetSchedulerState                   0x08009df5   Thumb Code    22  tasks.o(i.xTaskGetSchedulerState)
    xTaskGetTickCount                        0x08009e11   Thumb Code     6  tasks.o(i.xTaskGetTickCount)
    xTaskGetTickCountFromISR                 0x08009e1d   Thumb Code    12  tasks.o(i.xTaskGetTickCountFromISR)
    xTaskIncrementTick                       0x08009e2d   Thumb Code   192  tasks.o(i.xTaskIncrementTick)
    xTaskNotifyWait                          0x08009ef5   Thumb Code   130  tasks.o(i.xTaskNotifyWait)
    xTaskPriorityDisinherit                  0x08009f81   Thumb Code   144  tasks.o(i.xTaskPriorityDisinherit)
    xTaskRemoveFromEventList                 0x0800a019   Thumb Code   108  tasks.o(i.xTaskRemoveFromEventList)
    xTaskResumeAll                           0x0800a08d   Thumb Code   182  tasks.o(i.xTaskResumeAll)
    xTimerCreate                             0x0800a151   Thumb Code    78  timers.o(i.xTimerCreate)
    xTimerCreateTimerTask                    0x0800a1a1   Thumb Code    56  timers.o(i.xTimerCreateTimerTask)
    xTimerGenericCommand                     0x0800a1e9   Thumb Code    98  timers.o(i.xTimerGenericCommand)
    AHBPrescTable                            0x0800a3dc   Data          16  system_stm32f1xx.o(.constdata)
    APBPrescTable                            0x0800a3ec   Data           8  system_stm32f1xx.o(.constdata)
    Region$$Table$$Base                      0x0801043c   Number         0  anon$$obj.o(Region$$Table)
    Region$$Table$$Limit                     0x0801045c   Number         0  anon$$obj.o(Region$$Table)
    defaultTaskHandle                        0x20000000   Data           4  freertos.o(.data)
    reg_holding                              0x20000004   Data          48  mb_reg.o(.data)
    reg_input                                0x20000034   Data          12  mb_reg.o(.data)
    sync_task_hdl                            0x20000054   Data           4  user_tasks.o(.data)
    adc_task_hdl                             0x20000058   Data           4  user_tasks.o(.data)
    rgb_led_task_hdl                         0x2000005c   Data           4  user_tasks.o(.data)
    running_led_task_hdl                     0x20000060   Data           4  user_tasks.o(.data)
    oh_door_task_hdl                         0x20000064   Data           4  user_tasks.o(.data)
    servo1_task_hdl                          0x20000068   Data           4  user_tasks.o(.data)
    servo2_task_hdl                          0x2000006c   Data           4  user_tasks.o(.data)
    manipulator_task_hdl                     0x20000070   Data           4  user_tasks.o(.data)
    presser_task_hdl                         0x20000074   Data           4  user_tasks.o(.data)
    compressor_task_hdl                      0x20000078   Data           4  user_tasks.o(.data)
    juice_task_hdl                           0x2000007c   Data           4  user_tasks.o(.data)
    temperature_task_hdl                     0x20000080   Data           4  user_tasks.o(.data)
    modbus_task_hdl                          0x20000084   Data           4  user_tasks.o(.data)
    sync_msg_queue_hdl                       0x20000088   Data           4  user_tasks.o(.data)
    rgb_led_msg_queue_hdl                    0x2000008c   Data           4  user_tasks.o(.data)
    running_led_msg_queue_hdl                0x20000090   Data           4  user_tasks.o(.data)
    adc_msg_queue_hdl                        0x20000094   Data           4  user_tasks.o(.data)
    oh_door_msg_queue_hdl                    0x20000098   Data           4  user_tasks.o(.data)
    manipulator_msg_queue_hdl                0x2000009c   Data           4  user_tasks.o(.data)
    servo1_msg_queue_hdl                     0x200000a0   Data           4  user_tasks.o(.data)
    servo2_msg_queue_hdl                     0x200000a4   Data           4  user_tasks.o(.data)
    presser_msg_queue_hdl                    0x200000a8   Data           4  user_tasks.o(.data)
    compressor_msg_queue_hdl                 0x200000ac   Data           4  user_tasks.o(.data)
    juice_msg_queue_hdl                      0x200000b0   Data           4  user_tasks.o(.data)
    SLAVE_MB_timer_hdl                       0x200000b4   Data           4  user_tasks.o(.data)
    err_code_mutex_id                        0x200000b8   Data           4  user_tasks.o(.data)
    uwTick                                   0x200000bc   Data           4  stm32f1xx_hal.o(.data)
    SystemCoreClock                          0x200000c0   Data           4  system_stm32f1xx.o(.data)
    pxCurrentTCB                             0x200000ec   Data           4  tasks.o(.data)
    pxMBFrameCBByteReceived                  0x2000015c   Data           4  mb.o(.data)
    pxMBFrameCBTransmitterEmpty              0x20000160   Data           4  mb.o(.data)
    pxMBPortCBTimerExpired                   0x20000164   Data           4  mb.o(.data)
    ptr_slave_modbus_uart_handle             0x2000019c   Data           4  portserial.o(.data)
    hadc1                                    0x200001a0   Data          48  adc.o(.bss)
    hdma_adc1                                0x200001d0   Data          68  adc.o(.bss)
    hspi1                                    0x20000214   Data          88  spi.o(.bss)
    hspi2                                    0x2000026c   Data          88  spi.o(.bss)
    hdma_spi1_tx                             0x200002c4   Data          68  spi.o(.bss)
    huart3                                   0x20000308   Data          64  usart.o(.bss)
    htim2                                    0x20000348   Data          64  tim.o(.bss)
    htim8                                    0x20000388   Data          64  tim.o(.bss)
    adc_sample                               0x20000408   Data          10  user_tasks.o(.bss)
    adc_average                              0x20000412   Data          10  user_tasks.o(.bss)
    adc_result                               0x2000041c   Data          10  user_tasks.o(.bss)
    G_CTRL_REG                               0x20000428   Data          32  drv8711.o(.bss)
    G_TORQUE_REG                             0x20000448   Data          12  drv8711.o(.bss)
    G_OFF_REG                                0x20000454   Data          12  drv8711.o(.bss)
    G_BLANK_REG                              0x20000460   Data          12  drv8711.o(.bss)
    G_DECAY_REG                              0x2000046c   Data          12  drv8711.o(.bss)
    G_STALL_REG                              0x20000478   Data          16  drv8711.o(.bss)
    G_DRIVE_REG                              0x20000488   Data          28  drv8711.o(.bss)
    G_STATUS_REG                             0x200004a4   Data          36  drv8711.o(.bss)
    _SEGGER_RTT                              0x20000d08   Data         168  segger_rtt.o(.bss)
    xQueueRegistry                           0x200096b0   Data          64  queue.o(.bss)
    ucRTUBuf                                 0x20009718   Data         256  mbrtu.o(.bss)
    __initial_sp                             0x20009c18   Data           0  startup_stm32f103xe.o(STACK)



==============================================================================

Memory Map of the image

  Image Entry point : 0x08000131

  Load Region LR_IROM1 (Base: 0x08000000, Size: 0x000105fc, Max: 0x00080000, ABSOLUTE, COMPRESSED[0x000104c4])

    Execution Region ER_IROM1 (Base: 0x08000000, Size: 0x0001045c, Max: 0x00080000, ABSOLUTE)

    Base Addr    Size         Type   Attr      Idx    E Section Name        Object

    0x08000000   0x00000130   Data   RO          617    RESET               startup_stm32f103xe.o
    0x08000130   0x00000000   Code   RO         6256  * .ARM.Collect$$$$00000000  mc_w.l(entry.o)
    0x08000130   0x00000004   Code   RO         6280    .ARM.Collect$$$$00000001  mc_w.l(entry2.o)
    0x08000134   0x00000004   Code   RO         6283    .ARM.Collect$$$$00000004  mc_w.l(entry5.o)
    0x08000138   0x00000000   Code   RO         6285    .ARM.Collect$$$$00000008  mc_w.l(entry7b.o)
    0x08000138   0x00000000   Code   RO         6287    .ARM.Collect$$$$0000000A  mc_w.l(entry8b.o)
    0x08000138   0x00000008   Code   RO         6288    .ARM.Collect$$$$0000000B  mc_w.l(entry9a.o)
    0x08000140   0x00000000   Code   RO         6290    .ARM.Collect$$$$0000000D  mc_w.l(entry10a.o)
    0x08000140   0x00000000   Code   RO         6292    .ARM.Collect$$$$0000000F  mc_w.l(entry11a.o)
    0x08000140   0x00000004   Code   RO         6281    .ARM.Collect$$$$00002712  mc_w.l(entry2.o)
    0x08000144   0x00000096   Code   RO         4680    .emb_text           port.o
    0x080001da   0x00000002   PAD
    0x080001dc   0x00000024   Code   RO          618    .text               startup_stm32f103xe.o
    0x08000200   0x00000024   Code   RO         6268    .text               mc_w.l(memcpya.o)
    0x08000224   0x00000024   Code   RO         6270    .text               mc_w.l(memseta.o)
    0x08000248   0x00000012   Code   RO         6276    .text               mc_w.l(strcpy.o)
    0x0800025a   0x00000002   PAD
    0x0800025c   0x00000024   Code   RO         6296    .text               mc_w.l(init.o)
    0x08000280   0x00000056   Code   RO         6306    .text               mc_w.l(__dczerorl2.o)
    0x080002d6   0x00000002   PAD
    0x080002d8   0x0000004c   Code   RO         3402    i.ADC_ConversionStop_Disable  stm32f1xx_hal_adc.o
    0x08000324   0x0000004e   Code   RO         3403    i.ADC_DMAConvCplt   stm32f1xx_hal_adc.o
    0x08000372   0x0000001a   Code   RO         3404    i.ADC_DMAError      stm32f1xx_hal_adc.o
    0x0800038c   0x0000000a   Code   RO         3405    i.ADC_DMAHalfConvCplt  stm32f1xx_hal_adc.o
    0x08000396   0x00000002   PAD
    0x08000398   0x00000070   Code   RO         3406    i.ADC_Enable        stm32f1xx_hal_adc.o
    0x08000408   0x00000004   Code   RO         4207    i.APP_TIMESTAMP     app_log_port.o
    0x0800040c   0x00000078   Code   RO         3722    i.BSP_column_step_motor_init  jjdk_zk_gz1.o
    0x08000484   0x00000024   Code   RO         3723    i.BSP_column_step_motor_pwr_dwn  jjdk_zk_gz1.o
    0x080004a8   0x00000034   Code   RO         3724    i.BSP_column_step_motor_pwr_on_negative  jjdk_zk_gz1.o
    0x080004dc   0x00000034   Code   RO         3725    i.BSP_column_step_motor_pwr_on_positive  jjdk_zk_gz1.o
    0x08000510   0x00000010   Code   RO         3726    i.BSP_compressor_pwr_dwn  jjdk_zk_gz1.o
    0x08000520   0x00000010   Code   RO         3727    i.BSP_compressor_pwr_on  jjdk_zk_gz1.o
    0x08000530   0x0000000c   Code   RO         3730    i.BSP_get_column_pos_sensor_state  jjdk_zk_gz1.o
    0x0800053c   0x0000000c   Code   RO         3731    i.BSP_get_row_pos_sensor_state  jjdk_zk_gz1.o
    0x08000548   0x00000004   Code   RO         3732    i.BSP_get_temperature  jjdk_zk_gz1.o
    0x0800054c   0x000000c8   Code   RO         3733    i.BSP_is_column_step_motor_fault  jjdk_zk_gz1.o
    0x08000614   0x00000018   Code   RO         3734    i.BSP_is_column_step_motor_in_rst_pos  jjdk_zk_gz1.o
    0x0800062c   0x00000018   Code   RO         3738    i.BSP_is_cup_presser_in_bot_pos  jjdk_zk_gz1.o
    0x08000644   0x00000018   Code   RO         3739    i.BSP_is_cup_presser_in_top_pos  jjdk_zk_gz1.o
    0x0800065c   0x00000018   Code   RO         3744    i.BSP_is_oh_door_clamp_hand  jjdk_zk_gz1.o
    0x08000674   0x00000018   Code   RO         3745    i.BSP_is_oh_door_hand_detected  jjdk_zk_gz1.o
    0x0800068c   0x00000018   Code   RO         3746    i.BSP_is_oh_door_in_bot_pos  jjdk_zk_gz1.o
    0x080006a4   0x00000018   Code   RO         3747    i.BSP_is_oh_door_in_top_pos  jjdk_zk_gz1.o
    0x080006bc   0x00000018   Code   RO         3748    i.BSP_is_row_step_motor_in_rst_pos  jjdk_zk_gz1.o
    0x080006d4   0x00000010   Code   RO         3749    i.BSP_juicing_motor_pwr_dwn  jjdk_zk_gz1.o
    0x080006e4   0x00000010   Code   RO         3750    i.BSP_juicing_motor_pwr_on  jjdk_zk_gz1.o
    0x080006f4   0x0000006c   Code   RO         3751    i.BSP_oh_door_motor_pwr_dwn  jjdk_zk_gz1.o
    0x08000760   0x00000070   Code   RO         3752    i.BSP_oh_door_motor_pwr_on_negative  jjdk_zk_gz1.o
    0x080007d0   0x00000074   Code   RO         3753    i.BSP_oh_door_motor_pwr_on_positive  jjdk_zk_gz1.o
    0x08000844   0x00000020   Code   RO         3754    i.BSP_press_motor_pwr_dwn  jjdk_zk_gz1.o
    0x08000864   0x00000028   Code   RO         3755    i.BSP_press_motor_pwr_on_negative  jjdk_zk_gz1.o
    0x0800088c   0x00000028   Code   RO         3756    i.BSP_press_motor_pwr_on_positive  jjdk_zk_gz1.o
    0x080008b4   0x00000038   Code   RO         3757    i.BSP_row_step_motor_init  jjdk_zk_gz1.o
    0x080008ec   0x00000024   Code   RO         3758    i.BSP_row_step_motor_pwr_dwn  jjdk_zk_gz1.o
    0x08000910   0x0000003c   Code   RO         3759    i.BSP_row_step_motor_pwr_on_negative  jjdk_zk_gz1.o
    0x0800094c   0x0000003c   Code   RO         3760    i.BSP_row_step_motor_pwr_on_positive  jjdk_zk_gz1.o
    0x08000988   0x00000010   Code   RO         3761    i.BSP_running_led_turn_off  jjdk_zk_gz1.o
    0x08000998   0x00000010   Code   RO         3762    i.BSP_running_led_turn_on  jjdk_zk_gz1.o
    0x080009a8   0x00000002   Code   RO          359    i.BusFault_Handler  stm32f1xx_it.o
    0x080009aa   0x00000002   PAD
    0x080009ac   0x0000000c   Code   RO          360    i.DMA1_Channel1_IRQHandler  stm32f1xx_it.o
    0x080009b8   0x0000000c   Code   RO          361    i.DMA1_Channel3_IRQHandler  stm32f1xx_it.o
    0x080009c4   0x0000002a   Code   RO          965    i.DMA_SetConfig     stm32f1xx_hal_dma.o
    0x080009ee   0x00000002   Code   RO          362    i.DebugMon_Handler  stm32f1xx_it.o
    0x080009f0   0x000000fc   Code   RO         3408    i.HAL_ADC_ConfigChannel  stm32f1xx_hal_adc.o
    0x08000aec   0x00000002   Code   RO         3409    i.HAL_ADC_ConvCpltCallback  stm32f1xx_hal_adc.o
    0x08000aee   0x00000002   Code   RO         3410    i.HAL_ADC_ConvHalfCpltCallback  stm32f1xx_hal_adc.o
    0x08000af0   0x00000002   Code   RO         3412    i.HAL_ADC_ErrorCallback  stm32f1xx_hal_adc.o
    0x08000af2   0x00000002   PAD
    0x08000af4   0x00000120   Code   RO         3417    i.HAL_ADC_Init      stm32f1xx_hal_adc.o
    0x08000c14   0x000000ac   Code   RO            5    i.HAL_ADC_MspInit   adc.o
    0x08000cc0   0x0000010c   Code   RO         3424    i.HAL_ADC_Start_DMA  stm32f1xx_hal_adc.o
    0x08000dcc   0x00000248   Code   RO          971    i.HAL_DMA_IRQHandler  stm32f1xx_hal_dma.o
    0x08001014   0x00000084   Code   RO          972    i.HAL_DMA_Init      stm32f1xx_hal_dma.o
    0x08001098   0x00000070   Code   RO          976    i.HAL_DMA_Start_IT  stm32f1xx_hal_dma.o
    0x08001108   0x000001e8   Code   RO         3585    i.HAL_GPIO_Init     stm32f1xx_hal_gpio.o
    0x080012f0   0x0000000a   Code   RO         3587    i.HAL_GPIO_ReadPin  stm32f1xx_hal_gpio.o
    0x080012fa   0x0000000a   Code   RO         3589    i.HAL_GPIO_WritePin  stm32f1xx_hal_gpio.o
    0x08001304   0x0000000c   Code   RO         2613    i.HAL_GetTick       stm32f1xx_hal.o
    0x08001310   0x00000010   Code   RO         2615    i.HAL_IncTick       stm32f1xx_hal.o
    0x08001320   0x00000024   Code   RO         2616    i.HAL_Init          stm32f1xx_hal.o
    0x08001344   0x00000028   Code   RO         2617    i.HAL_InitTick      stm32f1xx_hal.o
    0x0800136c   0x00000084   Code   RO          193    i.HAL_MspInit       stm32f1xx_hal_msp.o
    0x080013f0   0x00000016   Code   RO         1533    i.HAL_NVIC_EnableIRQ  stm32f1xx_hal_cortex.o
    0x08001406   0x00000002   PAD
    0x08001408   0x00000040   Code   RO         1539    i.HAL_NVIC_SetPriority  stm32f1xx_hal_cortex.o
    0x08001448   0x00000024   Code   RO         1540    i.HAL_NVIC_SetPriorityGrouping  stm32f1xx_hal_cortex.o
    0x0800146c   0x000000ec   Code   RO         1062    i.HAL_RCCEx_PeriphCLKConfig  stm32f1xx_hal_rcc_ex.o
    0x08001558   0x00000154   Code   RO         3176    i.HAL_RCC_ClockConfig  stm32f1xx_hal_rcc.o
    0x080016ac   0x0000000c   Code   RO         3181    i.HAL_RCC_GetHCLKFreq  stm32f1xx_hal_rcc.o
    0x080016b8   0x00000020   Code   RO         3183    i.HAL_RCC_GetPCLK1Freq  stm32f1xx_hal_rcc.o
    0x080016d8   0x00000020   Code   RO         3184    i.HAL_RCC_GetPCLK2Freq  stm32f1xx_hal_rcc.o
    0x080016f8   0x0000006c   Code   RO         3185    i.HAL_RCC_GetSysClockFreq  stm32f1xx_hal_rcc.o
    0x08001764   0x00000304   Code   RO         3188    i.HAL_RCC_OscConfig  stm32f1xx_hal_rcc.o
    0x08001a68   0x00000002   Code   RO         2286    i.HAL_SPI_ErrorCallback  stm32f1xx_hal_spi.o
    0x08001a6a   0x00000082   Code   RO         1181    i.HAL_SPI_Init      stm32f1xx_hal_spi_ex.o
    0x08001aec   0x000000d4   Code   RO          146    i.HAL_SPI_MspInit   spi.o
    0x08001bc0   0x000001d8   Code   RO         2299    i.HAL_SPI_TransmitReceive  stm32f1xx_hal_spi.o
    0x08001d98   0x000000b8   Code   RO         2302    i.HAL_SPI_Transmit_DMA  stm32f1xx_hal_spi.o
    0x08001e50   0x00000002   Code   RO         2304    i.HAL_SPI_TxCpltCallback  stm32f1xx_hal_spi.o
    0x08001e52   0x00000002   Code   RO         2305    i.HAL_SPI_TxHalfCpltCallback  stm32f1xx_hal_spi.o
    0x08001e54   0x00000018   Code   RO         1542    i.HAL_SYSTICK_CLKSourceConfig  stm32f1xx_hal_cortex.o
    0x08001e6c   0x00000028   Code   RO         1544    i.HAL_SYSTICK_Config  stm32f1xx_hal_cortex.o
    0x08001e94   0x0000005a   Code   RO         2841    i.HAL_TIMEx_ConfigBreakDeadTime  stm32f1xx_hal_tim_ex.o
    0x08001eee   0x00000050   Code   RO         2856    i.HAL_TIMEx_MasterConfigSynchronization  stm32f1xx_hal_tim_ex.o
    0x08001f3e   0x00000002   PAD
    0x08001f40   0x00000040   Code   RO          564    i.HAL_TIM_MspPostInit  tim.o
    0x08001f80   0x000000d0   Code   RO         1716    i.HAL_TIM_PWM_ConfigChannel  stm32f1xx_hal_tim.o
    0x08002050   0x00000036   Code   RO         1719    i.HAL_TIM_PWM_Init  stm32f1xx_hal_tim.o
    0x08002086   0x00000002   PAD
    0x08002088   0x0000003c   Code   RO          566    i.HAL_TIM_PWM_MspInit  tim.o
    0x080020c4   0x00000038   Code   RO         1723    i.HAL_TIM_PWM_Start  stm32f1xx_hal_tim.o
    0x080020fc   0x0000005c   Code   RO         1726    i.HAL_TIM_PWM_Stop  stm32f1xx_hal_tim.o
    0x08002158   0x00000062   Code   RO         1230    i.HAL_UART_Init     stm32f1xx_hal_uart.o
    0x080021ba   0x00000002   PAD
    0x080021bc   0x00000068   Code   RO          523    i.HAL_UART_MspInit  usart.o
    0x08002224   0x00000002   Code   RO          363    i.HardFault_Handler  stm32f1xx_it.o
    0x08002226   0x00000002   PAD
    0x08002228   0x000000cc   Code   RO            6    i.MX_ADC1_Init      adc.o
    0x080022f4   0x0000003c   Code   RO          335    i.MX_DMA_Init       dma.o
    0x08002330   0x00000028   Code   RO          217    i.MX_FREERTOS_Init  freertos.o
    0x08002358   0x00000188   Code   RO          450    i.MX_GPIO_Init      gpio.o
    0x080024e0   0x00000060   Code   RO          147    i.MX_SPI1_Init      spi.o
    0x08002540   0x0000005c   Code   RO          148    i.MX_SPI2_Init      spi.o
    0x0800259c   0x00000094   Code   RO          567    i.MX_TIM2_Init      tim.o
    0x08002630   0x000000c4   Code   RO          568    i.MX_TIM8_Init      tim.o
    0x080026f4   0x00000060   Code   RO          791    i.MX_TIM8_ReInit    user_tasks.o
    0x08002754   0x0000004c   Code   RO          524    i.MX_USART3_UART_Init  usart.o
    0x080027a0   0x00000002   Code   RO          364    i.MemManage_Handler  stm32f1xx_it.o
    0x080027a2   0x00000002   Code   RO          365    i.NMI_Handler       stm32f1xx_it.o
    0x080027a4   0x00000020   Code   RO         1546    i.NVIC_SetPriority  stm32f1xx_hal_cortex.o
    0x080027c4   0x00000624   Code   RO         4002    i.ReadAllRegisters  drv8711.o
    0x08002de8   0x00000038   Code   RO         4263    i.SEGGER_RTT_Write  segger_rtt.o
    0x08002e20   0x0000005c   Code   RO         4264    i.SEGGER_RTT_WriteNoLock  segger_rtt.o
    0x08002e7c   0x00000016   Code   RO         4421    i.SEGGER_RTT_printf  segger_rtt_printf.o
    0x08002e92   0x00000196   Code   RO         4422    i.SEGGER_RTT_vprintf  segger_rtt_printf.o
    0x08003028   0x00000060   Code   RO         6202    i.SLAVE_MB_timer_expired_callback  porttimer.o
    0x08003088   0x00000050   Code   RO         6140    i.SLAVE_MODBUS_USARTIRQHandler  portserial.o
    0x080030d8   0x00000020   Code   RO         2314    i.SPI_CheckFlag_BSY  stm32f1xx_hal_spi.o
    0x080030f8   0x00000022   Code   RO         2319    i.SPI_DMAError      stm32f1xx_hal_spi.o
    0x0800311a   0x0000000a   Code   RO         2321    i.SPI_DMAHalfTransmitCplt  stm32f1xx_hal_spi.o
    0x08003124   0x0000005a   Code   RO         2325    i.SPI_DMATransmitCplt  stm32f1xx_hal_spi.o
    0x0800317e   0x00000002   PAD
    0x08003180   0x0000004c   Code   RO         4003    i.SPI_DRV8711_ReadWrite  drv8711.o
    0x080031cc   0x00000096   Code   RO         2333    i.SPI_WaitFlagStateUntilTimeout  stm32f1xx_hal_spi.o
    0x08003262   0x00000002   PAD
    0x08003264   0x0000002c   Code   RO          218    i.StartDefaultTask  freertos.o
    0x08003290   0x0000000e   Code   RO          366    i.SysTick_Handler   stm32f1xx_it.o
    0x0800329e   0x0000007a   Code   RO          474    i.SystemClock_Config  main.o
    0x08003318   0x00000048   Code   RO         3685    i.SystemInit        system_stm32f1xx.o
    0x08003360   0x0000008c   Code   RO         1734    i.TIM_Base_SetConfig  stm32f1xx_hal_tim.o
    0x080033ec   0x00000016   Code   RO         1735    i.TIM_CCxChannelCmd  stm32f1xx_hal_tim.o
    0x08003402   0x00000002   PAD
    0x08003404   0x00000060   Code   RO         1743    i.TIM_OC1_SetConfig  stm32f1xx_hal_tim.o
    0x08003464   0x0000006c   Code   RO         1744    i.TIM_OC2_SetConfig  stm32f1xx_hal_tim.o
    0x080034d0   0x00000068   Code   RO         1745    i.TIM_OC3_SetConfig  stm32f1xx_hal_tim.o
    0x08003538   0x00000050   Code   RO         1746    i.TIM_OC4_SetConfig  stm32f1xx_hal_tim.o
    0x08003588   0x00000170   Code   RO         1256    i.UART_SetConfig    stm32f1xx_hal_uart.o
    0x080036f8   0x00000004   Code   RO          367    i.USART3_IRQHandler  stm32f1xx_it.o
    0x080036fc   0x00000002   Code   RO          368    i.UsageFault_Handler  stm32f1xx_it.o
    0x080036fe   0x00000002   PAD
    0x08003700   0x00000114   Code   RO         4004    i.WriteAllRegisters  drv8711.o
    0x08003814   0x0000006c   Code   RO         4268    i._DoInit           segger_rtt.o
    0x08003880   0x00000002   Code   RO          475    i._Error_Handler    main.o
    0x08003882   0x00000016   Code   RO         4269    i._GetAvailWriteSpace  segger_rtt.o
    0x08003898   0x000000c6   Code   RO         4423    i._PrintInt         segger_rtt_printf.o
    0x0800395e   0x00000002   PAD
    0x08003960   0x000000d4   Code   RO         4424    i._PrintUnsigned    segger_rtt_printf.o
    0x08003a34   0x0000003e   Code   RO         4425    i._StoreChar        segger_rtt_printf.o
    0x08003a72   0x0000005a   Code   RO         4271    i._WriteBlocking    segger_rtt.o
    0x08003acc   0x00000042   Code   RO         4272    i._WriteNoCheck     segger_rtt.o
    0x08003b0e   0x0000000e   Code   RO         6300    i.__scatterload_copy  mc_w.l(handlers.o)
    0x08003b1c   0x00000002   Code   RO         6301    i.__scatterload_null  mc_w.l(handlers.o)
    0x08003b1e   0x0000000e   Code   RO         6302    i.__scatterload_zeroinit  mc_w.l(handlers.o)
    0x08003b2c   0x000001b4   Code   RO          792    i.adc_process_sample_average  user_tasks.o
    0x08003ce0   0x000000b4   Code   RO          793    i.adc_task          user_tasks.o
    0x08003d94   0x00000194   Code   RO          794    i.app_create_user_tasks  user_tasks.o
    0x08003f28   0x00000058   Code   RO         4566    i.app_error_fault_handler  app_error.o
    0x08003f80   0x00000018   Code   RO         4567    i.app_error_handler  app_error.o
    0x08003f98   0x000001a0   Code   RO         4568    i.app_error_log     app_error.o
    0x08004138   0x0000000c   Code   RO         6085    i.bMBPIsWithinException  portother.o
    0x08004144   0x0000011c   Code   RO         4005    i.begin             drv8711.o
    0x08004260   0x000001d4   Code   RO          795    i.compressor_task   user_tasks.o
    0x08004434   0x00000020   Code   RO         5877    i.eMBEnable         mb.o
    0x08004454   0x0000005e   Code   RO         5833    i.eMBFuncReadHoldingRegister  mbfuncholding.o
    0x080044b2   0x00000062   Code   RO         5863    i.eMBFuncReadInputRegister  mbfuncinput.o
    0x08004514   0x00000032   Code   RO         5834    i.eMBFuncWriteHoldingRegister  mbfuncholding.o
    0x08004546   0x0000004e   Code   RO         5835    i.eMBFuncWriteMultipleHoldingRegister  mbfuncholding.o
    0x08004594   0x00000084   Code   RO         5878    i.eMBInit           mb.o
    0x08004618   0x000000b4   Code   RO         5879    i.eMBPoll           mb.o
    0x080046cc   0x0000004c   Code   RO         5945    i.eMBRTUInit        mbrtu.o
    0x08004718   0x00000058   Code   RO         5946    i.eMBRTUReceive     mbrtu.o
    0x08004770   0x0000006c   Code   RO         5947    i.eMBRTUSend        mbrtu.o
    0x080047dc   0x00000024   Code   RO         5948    i.eMBRTUStart       mbrtu.o
    0x08004800   0x0000001a   Code   RO         5949    i.eMBRTUStop        mbrtu.o
    0x0800481a   0x00000002   PAD
    0x0800481c   0x00000098   Code   RO          668    i.eMBRegHoldingCB   mb_reg.o
    0x080048b4   0x00000064   Code   RO          669    i.eMBRegInputCB     mb_reg.o
    0x08004918   0x0000007c   Code   RO          670    i.get_reg_value     mb_reg.o
    0x08004994   0x00000004   Code   RO         4009    i.get_status        drv8711.o
    0x08004998   0x0000000c   Code   RO         4759    i.inHandlerMode     cmsis_os.o
    0x080049a4   0x00000024   Code   RO          796    i.juice_all_completed  user_tasks.o
    0x080049c8   0x00000018   Code   RO          797    i.juice_get_fault_code  user_tasks.o
    0x080049e0   0x00000098   Code   RO          798    i.juice_get_operation_param  user_tasks.o
    0x08004a78   0x00000074   Code   RO          799    i.juice_set_fault_code  user_tasks.o
    0x08004aec   0x00000074   Code   RO          800    i.juice_set_progress  user_tasks.o
    0x08004b60   0x0000010c   Code   RO          801    i.juice_task        user_tasks.o
    0x08004c6c   0x00000024   Code   RO          802    i.juice_transaction_fault  user_tasks.o
    0x08004c90   0x0000004c   Code   RO          803    i.juice_wait_signals  user_tasks.o
    0x08004cdc   0x00000032   Code   RO          476    i.main              main.o
    0x08004d0e   0x0000000c   Code   RO         4761    i.makeFreeRtosPriority  cmsis_os.o
    0x08004d1a   0x0000000a   Code   RO          804    i.manipulator_get_sensor_column_pos  user_tasks.o
    0x08004d24   0x0000000a   Code   RO          805    i.manipulator_get_sensor_row_pos  user_tasks.o
    0x08004d2e   0x00000002   PAD
    0x08004d30   0x00000090   Code   RO          806    i.manipulator_pwm_frequency  user_tasks.o
    0x08004dc0   0x00000810   Code   RO          807    i.manipulator_task  user_tasks.o
    0x080055d0   0x00000014   Code   RO         4010    i.map               drv8711.o
    0x080055e4   0x000000a4   Code   RO          671    i.mb_reg_init       mb_reg.o
    0x08005688   0x00000034   Code   RO          808    i.modbus_task       user_tasks.o
    0x080056bc   0x00000038   Code   RO         4142    i.ntc_3950_get_t    ntc_3950.o
    0x080056f4   0x00000078   Code   RO         4143    i.ntc_3950_seek_idex  ntc_3950.o
    0x0800576c   0x000003a0   Code   RO          809    i.oh_door_task      user_tasks.o
    0x08005b0c   0x0000000e   Code   RO         4763    i.osDelay           cmsis_os.o
    0x08005b1a   0x0000000a   Code   RO         4766    i.osKernelStart     cmsis_os.o
    0x08005b24   0x00000018   Code   RO         4767    i.osKernelSysTick   cmsis_os.o
    0x08005b3c   0x00000008   Code   RO         4775    i.osMessageCreate   cmsis_os.o
    0x08005b44   0x00000098   Code   RO         4777    i.osMessageGet      cmsis_os.o
    0x08005bdc   0x0000005c   Code   RO         4779    i.osMessagePut      cmsis_os.o
    0x08005c38   0x00000006   Code   RO         4781    i.osMutexCreate     cmsis_os.o
    0x08005c3e   0x00000002   PAD
    0x08005c40   0x00000050   Code   RO         4783    i.osMutexRelease    cmsis_os.o
    0x08005c90   0x00000068   Code   RO         4784    i.osMutexWait       cmsis_os.o
    0x08005cf8   0x0000005c   Code   RO         4797    i.osSignalSet       cmsis_os.o
    0x08005d54   0x00000056   Code   RO         4798    i.osSignalWait      cmsis_os.o
    0x08005daa   0x00000014   Code   RO         4799    i.osSystickHandler  cmsis_os.o
    0x08005dbe   0x0000002e   Code   RO         4800    i.osThreadCreate    cmsis_os.o
    0x08005dec   0x00000024   Code   RO         4813    i.osTimerCreate     cmsis_os.o
    0x08005e10   0x0000005c   Code   RO         4815    i.osTimerStart      cmsis_os.o
    0x08005e6c   0x00000058   Code   RO         4816    i.osTimerStop       cmsis_os.o
    0x08005ec4   0x00000014   Code   RO         4089    i.overwrite_color   rgb_led.o
    0x08005ed8   0x00000298   Code   RO          810    i.presser_task      user_tasks.o
    0x08006170   0x00000070   Code   RO         5181    i.prvAddCurrentTaskToDelayedList  tasks.o
    0x080061e0   0x000000d0   Code   RO         5182    i.prvAddNewTaskToReadyList  tasks.o
    0x080062b0   0x00000050   Code   RO         5718    i.prvCheckForValidListAndQueue  timers.o
    0x08006300   0x00000050   Code   RO         5183    i.prvCheckTasksWaitingTermination  tasks.o
    0x08006350   0x00000026   Code   RO         5575    i.prvCopyDataFromQueue  queue.o
    0x08006376   0x0000006c   Code   RO         5576    i.prvCopyDataToQueue  queue.o
    0x080063e2   0x00000014   Code   RO         5184    i.prvDeleteTCB      tasks.o
    0x080063f6   0x00000002   PAD
    0x080063f8   0x0000004c   Code   RO         4613    i.prvHeapInit       heap_4.o
    0x08006444   0x00000028   Code   RO         5185    i.prvIdleTask       tasks.o
    0x0800646c   0x0000008e   Code   RO         5186    i.prvInitialiseNewTask  tasks.o
    0x080064fa   0x00000002   PAD
    0x080064fc   0x0000004c   Code   RO         4614    i.prvInsertBlockIntoFreeList  heap_4.o
    0x08006548   0x00000038   Code   RO         5719    i.prvInsertTimerInActiveList  timers.o
    0x08006580   0x0000001c   Code   RO         5577    i.prvIsQueueEmpty   queue.o
    0x0800659c   0x000000c8   Code   RO         5720    i.prvProcessReceivedCommands  timers.o
    0x08006664   0x000000b4   Code   RO         5721    i.prvProcessTimerOrBlockTask  timers.o
    0x08006718   0x00000020   Code   RO         5187    i.prvResetNextTaskUnblockTime  tasks.o
    0x08006738   0x00000028   Code   RO         5722    i.prvSampleTimeNow  timers.o
    0x08006760   0x0000006c   Code   RO         5723    i.prvSwitchTimerLists  timers.o
    0x080067cc   0x00000028   Code   RO         4681    i.prvTaskExitError  port.o
    0x080067f4   0x00000024   Code   RO         5724    i.prvTimerTask      timers.o
    0x08006818   0x0000006a   Code   RO         5578    i.prvUnlockQueue    queue.o
    0x08006882   0x00000020   Code   RO         6009    i.prveMBError2Exception  mbutils.o
    0x080068a2   0x00000002   PAD
    0x080068a4   0x000000e0   Code   RO         4615    i.pvPortMalloc      heap_4.o
    0x08006984   0x00000018   Code   RO         5190    i.pvTaskIncrementMutexHeldCount  tasks.o
    0x0800699c   0x00000024   Code   RO         4682    i.pxPortInitialiseStack  port.o
    0x080069c0   0x0000007e   Code   RO         4090    i.rainbow           rgb_led.o
    0x08006a3e   0x00000002   PAD
    0x08006a40   0x00000098   Code   RO          672    i.read_debug_cmd_handle  mb_reg.o
    0x08006ad8   0x00000080   Code   RO          673    i.read_fault_code_handle  mb_reg.o
    0x08006b58   0x00000098   Code   RO          674    i.read_sys_info_handle  mb_reg.o
    0x08006bf0   0x00000098   Code   RO          675    i.read_t_setting_handle  mb_reg.o
    0x08006c88   0x000002e8   Code   RO          811    i.rgb_led_task      user_tasks.o
    0x08006f70   0x00000034   Code   RO          812    i.running_led_task  user_tasks.o
    0x08006fa4   0x000000e8   Code   RO          813    i.servo1_task       user_tasks.o
    0x0800708c   0x000000cc   Code   RO          814    i.servo2_task       user_tasks.o
    0x08007158   0x00000010   Code   RO         4011    i.set_enable        drv8711.o
    0x08007168   0x00000080   Code   RO          676    i.set_reg_value     mb_reg.o
    0x080071e8   0x00000022   Code   RO         4091    i.single_color      rgb_led.o
    0x0800720a   0x00000002   PAD
    0x0800720c   0x00000058   Code   RO         4092    i.strip_set_pixel_color  rgb_led.o
    0x08007264   0x00000014   Code   RO         4093    i.strip_show        rgb_led.o
    0x08007278   0x00000b44   Code   RO          815    i.sync_task         user_tasks.o
    0x08007dbc   0x00000104   Code   RO          816    i.tasks_environment_init  user_tasks.o
    0x08007ec0   0x000000c8   Code   RO          817    i.temperature_task  user_tasks.o
    0x08007f88   0x0000002c   Code   RO         5931    i.usMBCRC16         mbcrc.o
    0x08007fb4   0x00000024   Code   RO         5143    i.uxListRemove      list.o
    0x08007fd8   0x0000002c   Code   RO          818    i.vApplicationMallocFailedHook  user_tasks.o
    0x08008004   0x00000016   Code   RO         5144    i.vListInitialise   list.o
    0x0800801a   0x00000006   Code   RO         5145    i.vListInitialiseItem  list.o
    0x08008020   0x00000030   Code   RO         5146    i.vListInsert       list.o
    0x08008050   0x00000018   Code   RO         5147    i.vListInsertEnd    list.o
    0x08008068   0x00000014   Code   RO         6087    i.vMBPPortEnterCritical  portother.o
    0x0800807c   0x00000014   Code   RO         6088    i.vMBPPortExitCritical  portother.o
    0x08008090   0x00000012   Code   RO         6089    i.vMBPortClose      portother.o
    0x080080a2   0x00000002   PAD
    0x080080a4   0x00000074   Code   RO         6036    i.vMBPortEventClose  portevent.o
    0x08008118   0x0000001c   Code   RO         6141    i.vMBPortSerialClose  portserial.o
    0x08008134   0x00000080   Code   RO         6142    i.vMBPortSerialEnable  portserial.o
    0x080081b4   0x00000054   Code   RO         6203    i.vMBPortTimerClose  porttimer.o
    0x08008208   0x00000060   Code   RO         6204    i.vMBPortTimersDisable  porttimer.o
    0x08008268   0x00000060   Code   RO         6205    i.vMBPortTimersEnable  porttimer.o
    0x080082c8   0x00000040   Code   RO         4684    i.vPortEnterCritical  port.o
    0x08008308   0x00000028   Code   RO         4685    i.vPortExitCritical  port.o
    0x08008330   0x0000005c   Code   RO         4616    i.vPortFree         heap_4.o
    0x0800838c   0x00000020   Code   RO         4686    i.vPortSetupTimerInterrupt  port.o
    0x080083ac   0x00000054   Code   RO         4687    i.vPortValidateInterruptPriority  port.o
    0x08008400   0x00000028   Code   RO         5582    i.vQueueAddToRegistry  queue.o
    0x08008428   0x00000024   Code   RO         5583    i.vQueueDelete      queue.o
    0x0800844c   0x00000028   Code   RO         5584    i.vQueueUnregisterQueue  queue.o
    0x08008474   0x00000044   Code   RO         5585    i.vQueueWaitForMessageRestricted  queue.o
    0x080084b8   0x0000004c   Code   RO         5196    i.vTaskDelay        tasks.o
    0x08008504   0x0000000c   Code   RO         5199    i.vTaskMissedYield  tasks.o
    0x08008510   0x00000030   Code   RO         5201    i.vTaskPlaceOnEventList  tasks.o
    0x08008540   0x00000038   Code   RO         5202    i.vTaskPlaceOnEventListRestricted  tasks.o
    0x08008578   0x00000084   Code   RO         5204    i.vTaskPriorityInherit  tasks.o
    0x080085fc   0x00000024   Code   RO         5207    i.vTaskSetTimeOutState  tasks.o
    0x08008620   0x00000070   Code   RO         5208    i.vTaskStartScheduler  tasks.o
    0x08008690   0x00000010   Code   RO         5210    i.vTaskSuspendAll   tasks.o
    0x080086a0   0x0000005c   Code   RO         5211    i.vTaskSwitchContext  tasks.o
    0x080086fc   0x000007fc   Code   RO          677    i.write_debug_cmd_handle  mb_reg.o
    0x08008ef8   0x000000e0   Code   RO          678    i.write_fault_code_handle  mb_reg.o
    0x08008fd8   0x00000124   Code   RO          679    i.write_opt_type_handle  mb_reg.o
    0x080090fc   0x000000f0   Code   RO          680    i.write_t_setting_handle  mb_reg.o
    0x080091ec   0x0000007c   Code   RO         6037    i.xMBPortEventGet   portevent.o
    0x08009268   0x00000078   Code   RO         6038    i.xMBPortEventInit  portevent.o
    0x080092e0   0x00000098   Code   RO         6039    i.xMBPortEventPost  portevent.o
    0x08009378   0x0000005c   Code   RO         6143    i.xMBPortSerialGetByte  portserial.o
    0x080093d4   0x0000001c   Code   RO         6144    i.xMBPortSerialInit  portserial.o
    0x080093f0   0x00000010   Code   RO         6145    i.xMBPortSerialPutByte  portserial.o
    0x08009400   0x0000001c   Code   RO         6206    i.xMBPortTimersInit  porttimer.o
    0x0800941c   0x00000068   Code   RO         5950    i.xMBRTUReceiveFSM  mbrtu.o
    0x08009484   0x00000040   Code   RO         5951    i.xMBRTUTimerT35Expired  mbrtu.o
    0x080094c4   0x0000005c   Code   RO         5952    i.xMBRTUTransmitFSM  mbrtu.o
    0x08009520   0x00000074   Code   RO         4688    i.xPortStartScheduler  port.o
    0x08009594   0x0000002c   Code   RO         4689    i.xPortSysTickHandler  port.o
    0x080095c0   0x00000024   Code   RO         5586    i.xQueueCreateMutex  queue.o
    0x080095e4   0x00000048   Code   RO         5587    i.xQueueGenericCreate  queue.o
    0x0800962c   0x0000016c   Code   RO         5588    i.xQueueGenericReceive  queue.o
    0x08009798   0x00000088   Code   RO         5589    i.xQueueGenericReset  queue.o
    0x08009820   0x00000160   Code   RO         5590    i.xQueueGenericSend  queue.o
    0x08009980   0x000000bc   Code   RO         5591    i.xQueueGenericSendFromISR  queue.o
    0x08009a3c   0x0000009c   Code   RO         5592    i.xQueueGiveFromISR  queue.o
    0x08009ad8   0x0000009a   Code   RO         5596    i.xQueueReceiveFromISR  queue.o
    0x08009b72   0x00000002   PAD
    0x08009b74   0x0000006c   Code   RO         5212    i.xTaskCheckForTimeOut  tasks.o
    0x08009be0   0x00000056   Code   RO         5213    i.xTaskCreate       tasks.o
    0x08009c36   0x00000002   PAD
    0x08009c38   0x000000cc   Code   RO         5214    i.xTaskGenericNotify  tasks.o
    0x08009d04   0x000000f0   Code   RO         5215    i.xTaskGenericNotifyFromISR  tasks.o
    0x08009df4   0x0000001c   Code   RO         5218    i.xTaskGetSchedulerState  tasks.o
    0x08009e10   0x0000000c   Code   RO         5219    i.xTaskGetTickCount  tasks.o
    0x08009e1c   0x00000010   Code   RO         5220    i.xTaskGetTickCountFromISR  tasks.o
    0x08009e2c   0x000000c8   Code   RO         5221    i.xTaskIncrementTick  tasks.o
    0x08009ef4   0x0000008c   Code   RO         5223    i.xTaskNotifyWait   tasks.o
    0x08009f80   0x00000098   Code   RO         5224    i.xTaskPriorityDisinherit  tasks.o
    0x0800a018   0x00000074   Code   RO         5225    i.xTaskRemoveFromEventList  tasks.o
    0x0800a08c   0x000000c4   Code   RO         5227    i.xTaskResumeAll    tasks.o
    0x0800a150   0x0000004e   Code   RO         5727    i.xTimerCreate      timers.o
    0x0800a19e   0x00000002   PAD
    0x0800a1a0   0x00000048   Code   RO         5728    i.xTimerCreateTimerTask  timers.o
    0x0800a1e8   0x00000068   Code   RO         5729    i.xTimerGenericCommand  timers.o
    0x0800a250   0x00000014   Data   RO          220    .constdata          freertos.o
    0x0800a264   0x00000178   Data   RO          820    .constdata          user_tasks.o
    0x0800a3dc   0x00000010   Data   RO         3686    .constdata          system_stm32f1xx.o
    0x0800a3ec   0x00000008   Data   RO         3687    .constdata          system_stm32f1xx.o
    0x0800a3f4   0x00000288   Data   RO         4144    .constdata          ntc_3950.o
    0x0800a67c   0x00000010   Data   RO         4426    .constdata          segger_rtt_printf.o
    0x0800a68c   0x00000200   Data   RO         5932    .constdata          mbcrc.o
    0x0800a88c   0x00000050   Data   RO          221    .conststring        freertos.o
    0x0800a8dc   0x00001d86   Data   RO          682    .conststring        mb_reg.o
    0x0800c662   0x00000002   PAD
    0x0800c664   0x00003a9c   Data   RO          821    .conststring        user_tasks.o
    0x08010100   0x00000087   Data   RO         3763    .conststring        jjdk_zk_gz1.o
    0x08010187   0x00000001   PAD
    0x08010188   0x00000041   Data   RO         4145    .conststring        ntc_3950.o
    0x080101c9   0x00000003   PAD
    0x080101cc   0x00000091   Data   RO         4569    .conststring        app_error.o
    0x0801025d   0x00000003   PAD
    0x08010260   0x00000195   Data   RO         6146    .conststring        portserial.o
    0x080103f5   0x00000003   PAD
    0x080103f8   0x00000043   Data   RO         6207    .conststring        porttimer.o
    0x0801043b   0x00000001   PAD
    0x0801043c   0x00000020   Data   RO         6298    Region$$Table       anon$$obj.o


    Execution Region RW_IRAM1 (Base: 0x20000000, Size: 0x00009c18, Max: 0x00010000, ABSOLUTE, COMPRESSED[0x00000068])

    Base Addr    Size         Type   Attr      Idx    E Section Name        Object

    0x20000000   0x00000004   Data   RW          222    .data               freertos.o
    0x20000004   0x0000003c   Data   RW          683    .data               mb_reg.o
    0x20000040   0x0000007c   Data   RW          822    .data               user_tasks.o
    0x200000bc   0x00000004   Data   RW         2622    .data               stm32f1xx_hal.o
    0x200000c0   0x00000004   Data   RW         3688    .data               system_stm32f1xx.o
    0x200000c4   0x00000002   Data   RW         4095    .data               rgb_led.o
    0x200000c6   0x00000002   PAD
    0x200000c8   0x00000018   Data   RW         4621    .data               heap_4.o
    0x200000e0   0x0000000c   Data   RW         4690    .data               port.o
    0x200000ec   0x0000003c   Data   RW         5230    .data               tasks.o
    0x20000128   0x00000014   Data   RW         5737    .data               timers.o
    0x2000013c   0x0000004c   Data   RW         5881    .data               mb.o
    0x20000188   0x0000000c   Data   RW         5954    .data               mbrtu.o
    0x20000194   0x00000008   Data   RW         6040    .data               portevent.o
    0x2000019c   0x00000004   Data   RW         6147    .data               portserial.o
    0x200001a0   0x00000074   Zero   RW            7    .bss                adc.o
    0x20000214   0x000000f4   Zero   RW          149    .bss                spi.o
    0x20000308   0x00000040   Zero   RW          525    .bss                usart.o
    0x20000348   0x00000080   Zero   RW          569    .bss                tim.o
    0x200003c8   0x00000026   Zero   RW          681    .bss                mb_reg.o
    0x200003ee   0x00000002   PAD
    0x200003f0   0x00000036   Zero   RW          819    .bss                user_tasks.o
    0x20000426   0x00000002   PAD
    0x20000428   0x000000a0   Zero   RW         4012    .bss                drv8711.o
    0x200004c8   0x00000840   Zero   RW         4094    .bss                rgb_led.o
    0x20000d08   0x000010b8   Zero   RW         4273    .bss                segger_rtt.o
    0x20001dc0   0x00007800   Zero   RW         4620    .bss                heap_4.o
    0x200095c0   0x000000f0   Zero   RW         5229    .bss                tasks.o
    0x200096b0   0x00000040   Zero   RW         5597    .bss                queue.o
    0x200096f0   0x00000028   Zero   RW         5736    .bss                timers.o
    0x20009718   0x00000100   Zero   RW         5953    .bss                mbrtu.o
    0x20009818   0x00000400   Zero   RW          615    STACK               startup_stm32f103xe.o


==============================================================================

Image component sizes


      Code (inc. data)   RO Data    RW Data    ZI Data      Debug   Object Name

       376         70          0          0        116     497767   adc.o
       528        282        145          0          0       4082   app_error.o
         4          0          0          0          0       3200   app_log_port.o
       974         44          0          0          0      24715   cmsis_os.o
        60          4          0          0          0        750   dma.o
      2248        930          0          0        160       7116   drv8711.o
        84         14        100          4          0      22614   freertos.o
       392         34          0          0          0       1135   gpio.o
       468         22          0         24      30720      12823   heap_4.o
         0          0          0          0          0       5124   io_check_task.o
      1436        496        135          0          0      19362   jjdk_zk_gz1.o
       136          0          0          0          0       3418   list.o
       174          0          0          0          0       2137   main.o
       344         44          0         76          0       4504   mb.o
      4052        462       7558         60         38      19291   mb_reg.o
        44          4        512          0          0       1404   mbcrc.o
       222          0          0          0          0       4985   mbfuncholding.o
        98          0          0          0          0       1719   mbfuncinput.o
       594         46          0         12        256       6923   mbrtu.o
        32          0          0          0          0        700   mbutils.o
       176         18        713          0          0       2489   ntc_3950.o
       606         72          0         12          0      11077   port.o
       512        260          0          8          0       3712   portevent.o
        70          0          0          0          0       3816   portother.o
       372        102        405          4          0       4848   portserial.o
       400        266         67          0          0       2791   porttimer.o
      1922         24          0          0         64      18663   queue.o
       288         16          0          2       2112       4287   rgb_led.o
       434         46          0          0       4280       8606   segger_rtt.o
       900          6         16          0          0       7873   segger_rtt_printf.o
       400         98          0          0        244       2351   spi.o
        36          8        304          0       1024        776   startup_stm32f103xe.o
       104         22          0          4          0       3111   stm32f1xx_hal.o
      1116         58          0          0          0       8602   stm32f1xx_hal_adc.o
       218         14          0          0          0      26373   stm32f1xx_hal_cortex.o
       870         44          0          0          0       3691   stm32f1xx_hal_dma.o
       508         42          0          0          0       3531   stm32f1xx_hal_gpio.o
       132         10          0          0          0        854   stm32f1xx_hal_msp.o
      1296        104          0          0          0       5656   stm32f1xx_hal_rcc.o
       236         12          0          0          0       1392   stm32f1xx_hal_rcc_ex.o
       978         14          0          0          0       7887   stm32f1xx_hal_spi.o
       130          0          0          0          0       1071   stm32f1xx_hal_spi_ex.o
       960         72          0          0          0       8395   stm32f1xx_hal_tim.o
       170          0          0          0          0       2080   stm32f1xx_hal_tim_ex.o
       466          4          0          0          0       1916   stm32f1xx_hal_uart.o
        54         12          0          0          0       4337   stm32f1xx_it.o
        72         16         24          4          0       1171   system_stm32f1xx.o
      2736        230          0         60        240      35769   tasks.o
       468         66          0          0        128       2880   tim.o
       954         82          0         20         40      10866   timers.o
       180         36          0          0         64       1646   usart.o
     10900       2140      15380        124         54      25146   user_tasks.o

    ----------------------------------------------------------------------
     40982       6346      25404        416      39544     871432   Object Totals
         0          0         32          0          0          0   (incl. Generated)
        52          0         13          2          4          0   (incl. Padding)

    ----------------------------------------------------------------------

      Code (inc. data)   RO Data    RW Data    ZI Data      Debug   Library Member Name

        86          0          0          0          0          0   __dczerorl2.o
         0          0          0          0          0          0   entry.o
         0          0          0          0          0          0   entry10a.o
         0          0          0          0          0          0   entry11a.o
         8          4          0          0          0          0   entry2.o
         4          0          0          0          0          0   entry5.o
         0          0          0          0          0          0   entry7b.o
         0          0          0          0          0          0   entry8b.o
         8          4          0          0          0          0   entry9a.o
        30          0          0          0          0          0   handlers.o
        36          8          0          0          0         68   init.o
        36          0          0          0          0         68   memcpya.o
        36          0          0          0          0        108   memseta.o
        18          0          0          0          0         68   strcpy.o

    ----------------------------------------------------------------------
       266         16          0          0          0        312   Library Totals
         4          0          0          0          0          0   (incl. Padding)

    ----------------------------------------------------------------------

      Code (inc. data)   RO Data    RW Data    ZI Data      Debug   Library Name

       262         16          0          0          0        312   mc_w.l

    ----------------------------------------------------------------------
       266         16          0          0          0        312   Library Totals

    ----------------------------------------------------------------------

==============================================================================


      Code (inc. data)   RO Data    RW Data    ZI Data      Debug   

     41248       6362      25404        416      39544     855544   Grand Totals
     41248       6362      25404        104      39544     855544   ELF Image Totals (compressed)
     41248       6362      25404        104          0          0   ROM Totals

==============================================================================

    Total RO  Size (Code + RO Data)                66652 (  65.09kB)
    Total RW  Size (RW Data + ZI Data)             39960 (  39.02kB)
    Total ROM Size (Code + RO Data + RW Data)      66756 (  65.19kB)

==============================================================================

